Component: Arm Compiler for Embedded 6.22 Tool: armlink [5ee90200]

==============================================================================

Section Cross References

    startup_stm32h723xx.o(RESET) refers to startup_stm32h723xx.o(STACK) for __initial_sp
    startup_stm32h723xx.o(RESET) refers to startup_stm32h723xx.o(.text) for Reset_Handler
    startup_stm32h723xx.o(RESET) refers to stm32h7xx_it.o(.text.NMI_Handler) for NMI_Handler
    startup_stm32h723xx.o(RESET) refers to stm32h7xx_it.o(.text.HardFault_Handler) for HardFault_Handler
    startup_stm32h723xx.o(RESET) refers to stm32h7xx_it.o(.text.MemManage_Handler) for MemManage_Handler
    startup_stm32h723xx.o(RESET) refers to stm32h7xx_it.o(.text.BusFault_Handler) for BusFault_Handler
    startup_stm32h723xx.o(RESET) refers to stm32h7xx_it.o(.text.UsageFault_Handler) for UsageFault_Handler
    startup_stm32h723xx.o(RESET) refers to port.o(.text.SVC_Handler) for SVC_Handler
    startup_stm32h723xx.o(RESET) refers to stm32h7xx_it.o(.text.DebugMon_Handler) for DebugMon_Handler
    startup_stm32h723xx.o(RESET) refers to port.o(.text.PendSV_Handler) for PendSV_Handler
    startup_stm32h723xx.o(RESET) refers to cmsis_os2.o(.text.SysTick_Handler) for SysTick_Handler
    startup_stm32h723xx.o(RESET) refers to stm32h7xx_it.o(.text.EXTI0_IRQHandler) for EXTI0_IRQHandler
    startup_stm32h723xx.o(RESET) refers to stm32h7xx_it.o(.text.EXTI1_IRQHandler) for EXTI1_IRQHandler
    startup_stm32h723xx.o(RESET) refers to stm32h7xx_it.o(.text.DMA1_Stream0_IRQHandler) for DMA1_Stream0_IRQHandler
    startup_stm32h723xx.o(RESET) refers to stm32h7xx_it.o(.text.ADC_IRQHandler) for ADC_IRQHandler
    startup_stm32h723xx.o(RESET) refers to stm32h7xx_it.o(.text.TIM2_IRQHandler) for TIM2_IRQHandler
    startup_stm32h723xx.o(RESET) refers to stm32h7xx_it.o(.text.USART1_IRQHandler) for USART1_IRQHandler
    startup_stm32h723xx.o(RESET) refers to stm32h7xx_it.o(.text.EXTI15_10_IRQHandler) for EXTI15_10_IRQHandler
    startup_stm32h723xx.o(RESET) refers to stm32h7xx_it.o(.text.UART5_IRQHandler) for UART5_IRQHandler
    startup_stm32h723xx.o(RESET) refers to stm32h7xx_it.o(.text.TIM6_DAC_IRQHandler) for TIM6_DAC_IRQHandler
    startup_stm32h723xx.o(RESET) refers to stm32h7xx_it.o(.text.TIM7_IRQHandler) for TIM7_IRQHandler
    startup_stm32h723xx.o(RESET) refers to stm32h7xx_it.o(.text.DMA2_Stream0_IRQHandler) for DMA2_Stream0_IRQHandler
    startup_stm32h723xx.o(RESET) refers to stm32h7xx_it.o(.text.TIM17_IRQHandler) for TIM17_IRQHandler
    startup_stm32h723xx.o(RESET) refers to stm32h7xx_it.o(.text.LPUART1_IRQHandler) for LPUART1_IRQHandler
    startup_stm32h723xx.o(RESET) refers to stm32h7xx_it.o(.text.TIM23_IRQHandler) for TIM23_IRQHandler
    startup_stm32h723xx.o(.text) refers to system_stm32h7xx.o(.text.ExitRun0Mode) for ExitRun0Mode
    startup_stm32h723xx.o(.text) refers to system_stm32h7xx.o(.text.SystemInit) for SystemInit
    startup_stm32h723xx.o(.text) refers to entry.o(.ARM.Collect$$$$00000000) for __main
    main.o(.text.main) refers to stm32h7xx_hal_cortex.o(.text.HAL_MPU_Disable) for HAL_MPU_Disable
    main.o(.text.main) refers to stm32h7xx_hal_cortex.o(.text.HAL_MPU_ConfigRegion) for HAL_MPU_ConfigRegion
    main.o(.text.main) refers to stm32h7xx_hal_cortex.o(.text.HAL_MPU_Enable) for HAL_MPU_Enable
    main.o(.text.main) refers to stm32h7xx_hal.o(.text.HAL_Init) for HAL_Init
    main.o(.text.main) refers to main.o(.text.SystemClock_Config) for SystemClock_Config
    main.o(.text.main) refers to memseta.o(.text) for __aeabi_memclr8
    main.o(.text.main) refers to stm32h7xx_hal_rcc_ex.o(.text.HAL_RCCEx_PeriphCLKConfig) for HAL_RCCEx_PeriphCLKConfig
    main.o(.text.main) refers to gpio.o(.text.MX_GPIO_Init) for MX_GPIO_Init
    main.o(.text.main) refers to dma.o(.text.MX_DMA_Init) for MX_DMA_Init
    main.o(.text.main) refers to fdcan.o(.text.MX_FDCAN1_Init) for MX_FDCAN1_Init
    main.o(.text.main) refers to i2c.o(.text.MX_I2C1_Init) for MX_I2C1_Init
    main.o(.text.main) refers to i2c.o(.text.MX_I2C2_Init) for MX_I2C2_Init
    main.o(.text.main) refers to i2c.o(.text.MX_I2C3_Init) for MX_I2C3_Init
    main.o(.text.main) refers to i2c.o(.text.MX_I2C5_Init) for MX_I2C5_Init
    main.o(.text.main) refers to usart.o(.text.MX_LPUART1_UART_Init) for MX_LPUART1_UART_Init
    main.o(.text.main) refers to usart.o(.text.MX_UART5_Init) for MX_UART5_Init
    main.o(.text.main) refers to usart.o(.text.MX_USART1_UART_Init) for MX_USART1_UART_Init
    main.o(.text.main) refers to spi.o(.text.MX_SPI4_Init) for MX_SPI4_Init
    main.o(.text.main) refers to spi.o(.text.MX_SPI6_Init) for MX_SPI6_Init
    main.o(.text.main) refers to tim.o(.text.MX_TIM1_Init) for MX_TIM1_Init
    main.o(.text.main) refers to tim.o(.text.MX_TIM3_Init) for MX_TIM3_Init
    main.o(.text.main) refers to adc.o(.text.MX_ADC1_Init) for MX_ADC1_Init
    main.o(.text.main) refers to tim.o(.text.MX_TIM16_Init) for MX_TIM16_Init
[...]
    hdma_adc2                                0x24000fcc   Data         120  adc.o(.bss.hdma_adc2)
    hfdcan1                                  0x24001044   Data         160  fdcan.o(.bss.hfdcan1)
    hi2c1                                    0x240010e4   Data          84  i2c.o(.bss.hi2c1)
    hi2c2                                    0x24001138   Data          84  i2c.o(.bss.hi2c2)
    hi2c3                                    0x2400118c   Data          84  i2c.o(.bss.hi2c3)
    hi2c5                                    0x240011e0   Data          84  i2c.o(.bss.hi2c5)
    hiwdg1                                   0x24001234   Data          16  iwdg.o(.bss.hiwdg1)
    hlpuart1                                 0x24001244   Data         148  usart.o(.bss.hlpuart1)
    hspi1                                    0x240012d8   Data         136  spi.o(.bss.hspi1)
    hspi4                                    0x24001360   Data         136  spi.o(.bss.hspi4)
    hspi6                                    0x240013e8   Data         136  spi.o(.bss.hspi6)
    htim1                                    0x24001470   Data          76  tim.o(.bss.htim1)
    htim15                                   0x240014bc   Data          76  tim.o(.bss.htim15)
    htim16                                   0x24001508   Data          76  tim.o(.bss.htim16)
    htim17                                   0x24001554   Data          76  tim.o(.bss.htim17)
    htim2                                    0x240015a0   Data          76  tim.o(.bss.htim2)
    htim23                                   0x240015ec   Data          76  tim.o(.bss.htim23)
    htim3                                    0x24001638   Data          76  tim.o(.bss.htim3)
    htim6                                    0x24001684   Data          76  stm32h7xx_hal_timebase_tim.o(.bss.htim6)
    htim7                                    0x240016d0   Data          76  tim.o(.bss.htim7)
    htim8                                    0x2400171c   Data          76  tim.o(.bss.htim8)
    huart1                                   0x24001768   Data         148  usart.o(.bss.huart1)
    huart5                                   0x240017fc   Data         148  usart.o(.bss.huart5)
    jdqGwb3200CtrMessageQueue04Buffer        0x24001890   Data          24  freertos.o(.bss.jdqGwb3200CtrMessageQueue04Buffer)
    jdqGwb3200CtrMessageQueue04ControlBlock  0x240018a8   Data          80  freertos.o(.bss.jdqGwb3200CtrMessageQueue04ControlBlock)
    laserEvent02ControlBlock                 0x240018f8   Data          32  freertos.o(.bss.laserEvent02ControlBlock)
    u_sys_default_param                      0x24001f6c   Data         219  freertos.o(.bss.u_sys_default_param)
    u_sys_param                              0x24002048   Data         219  freertos.o(.bss.u_sys_param)
    uwTick                                   0x24002124   Data           4  stm32h7xx_hal.o(.bss.uwTick)
    xQueueRegistry                           0x240027e0   Data          64  queue.o(.bss.xQueueRegistry)
    __initial_sp                             0x24002c20   Data           0  startup_stm32h723xx.o(STACK)



==============================================================================

Memory Map of the image

  Image Entry point : 0x080002cd

  Load Region LR_IROM1 (Base: 0x08000000, Size: 0x0001afe8, Max: 0x00100000, ABSOLUTE, COMPRESSED[0x0001af58])

    Execution Region ER_IROM1 (Exec base: 0x08000000, Load base: 0x08000000, Size: 0x0001ae14, Max: 0x00100000, ABSOLUTE)

    Exec Addr    Load Addr    Size         Type   Attr      Idx    E Section Name        Object

    0x08000000   0x08000000   0x000002cc   Data   RO            3    RESET               startup_stm32h723xx.o
    0x080002cc   0x080002cc   0x00000000   Code   RO         3502  * .ARM.Collect$$$$00000000  mc_w.l(entry.o)
    0x080002cc   0x080002cc   0x00000004   Code   RO         3532    .ARM.Collect$$$$00000001  mc_w.l(entry2.o)
    0x080002d0   0x080002d0   0x00000004   Code   RO         3535    .ARM.Collect$$$$00000004  mc_w.l(entry5.o)
    0x080002d4   0x080002d4   0x00000000   Code   RO         3537    .ARM.Collect$$$$00000008  mc_w.l(entry7b.o)
    0x080002d4   0x080002d4   0x00000000   Code   RO         3539    .ARM.Collect$$$$0000000A  mc_w.l(entry8b.o)
    0x080002d4   0x080002d4   0x00000008   Code   RO         3540    .ARM.Collect$$$$0000000B  mc_w.l(entry9a.o)
    0x080002dc   0x080002dc   0x00000000   Code   RO         3542    .ARM.Collect$$$$0000000D  mc_w.l(entry10a.o)
    0x080002dc   0x080002dc   0x00000000   Code   RO         3544    .ARM.Collect$$$$0000000F  mc_w.l(entry11a.o)
    0x080002dc   0x080002dc   0x00000004   Code   RO         3533    .ARM.Collect$$$$00002712  mc_w.l(entry2.o)
    0x080002e0   0x080002e0   0x0000002c   Code   RO            4    .text               startup_stm32h723xx.o
    0x0800030c   0x0800030c   0x00000062   Code   RO         3505    .text               mc_w.l(uldiv.o)
    0x0800036e   0x0800036e   0x00000024   Code   RO         3507    .text               mc_w.l(memcpya.o)
    0x08000392   0x08000392   0x00000024   Code   RO         3509    .text               mc_w.l(memseta.o)
    0x080003b6   0x080003b6   0x0000001e   Code   RO         3546    .text               mc_w.l(llshl.o)
    0x080003d4   0x080003d4   0x00000020   Code   RO         3548    .text               mc_w.l(llushr.o)
    0x080003f4   0x080003f4   0x00000000   Code   RO         3557    .text               mc_w.l(iusefp.o)
    0x080003f4   0x080003f4   0x00000030   Code   RO         3558    .text               mc_w.l(init.o)
    0x08000424   0x08000424   0x0000005e   Code   RO         3568    .text               mc_w.l(__dclz77c.o)
    0x08000482   0x08000482   0x00000006   PAD
    0x08000488   0x08000488   0x000000b8   Code   RO          631    .text.AD5541A_SetVoltage  jdq_bsp.o
    0x08000540   0x08000540   0x00000100   Code   RO         1350    .text.ADC_ConfigureBoostMode  stm32h7xx_hal_adc.o
    0x08000640   0x08000640   0x0000005e   Code   RO         1376    .text.ADC_DMAConvCplt  stm32h7xx_hal_adc.o
    0x0800069e   0x0800069e   0x00000002   PAD
    0x080006a0   0x080006a0   0x00000016   Code   RO         1380    .text.ADC_DMAError  stm32h7xx_hal_adc.o
    0x080006b6   0x080006b6   0x00000002   PAD
    0x080006b8   0x080006b8   0x00000006   Code   RO         1378    .text.ADC_DMAHalfConvCplt  stm32h7xx_hal_adc.o
    0x080006be   0x080006be   0x00000002   PAD
    0x080006c0   0x080006c0   0x00000078   Code   RO         1356    .text.ADC_Disable   stm32h7xx_hal_adc.o
    0x08000738   0x08000738   0x000000aa   Code   RO         1362    .text.ADC_Enable    stm32h7xx_hal_adc.o
    0x080007e2   0x080007e2   0x00000006   PAD
    0x080007e8   0x080007e8   0x0000001e   Code   RO          437    .text.ADC_IRQHandler  stm32h7xx_it.o
    0x08000806   0x08000806   0x00000002   PAD
    0x08000808   0x08000808   0x00000098   Code   RO          258    .text.APP_CAN_SEND_DATA  fdcan.o
    0x080008a0   0x080008a0   0x00000002   Code   RO          425    .text.BusFault_Handler  stm32h7xx_it.o
    0x080008a2   0x080008a2   0x00000006   PAD
    0x080008a8   0x080008a8   0x0000000c   Code   RO          435    .text.DMA1_Stream0_IRQHandler  stm32h7xx_it.o
    0x080008b4   0x080008b4   0x00000004   PAD
    0x080008b8   0x080008b8   0x0000000c   Code   RO          451    .text.DMA2_Stream0_IRQHandler  stm32h7xx_it.o
    0x080008c4   0x080008c4   0x00000004   PAD
    0x080008c8   0x080008c8   0x00000128   Code   RO         1697    .text.DMA_CalcBaseAndBitshift  stm32h7xx_hal_dma.o
    0x080009f0   0x080009f0   0x00000308   Code   RO         1703    .text.DMA_SetConfig  stm32h7xx_hal_dma.o
    0x08000cf8   0x08000cf8   0x00000026   Code   RO          941    .text.DWT_Init      common_function.o
    0x08000d1e   0x08000d1e   0x00000002   PAD
    0x08000d20   0x08000d20   0x00000002   Code   RO          429    .text.DebugMon_Handler  stm32h7xx_it.o
    0x08000d22   0x08000d22   0x00000006   PAD
    0x08000d28   0x08000d28   0x0000004c   Code   RO          517    .text.EEPROM_M24C32_Read  eeprom_bsp.o
    0x08000d74   0x08000d74   0x00000004   PAD
    0x08000d78   0x08000d78   0x000000fa   Code   RO          519    .text.EEPROM_M24C32_Write  eeprom_bsp.o
    0x08000e72   0x08000e72   0x00000006   PAD
    0x08000e78   0x08000e78   0x00000060   Code   RO          509    .text.EEPROM_M24C32_init  eeprom_bsp.o
    0x08000ed8   0x08000ed8   0x00000006   Code   RO          431    .text.EXTI0_IRQHandler  stm32h7xx_it.o
    0x08000ede   0x08000ede   0x00000002   PAD
    0x08000ee0   0x08000ee0   0x00000016   Code   RO          443    .text.EXTI15_10_IRQHandler  stm32h7xx_it.o
    0x08000ef6   0x08000ef6   0x00000002   PAD
    0x08000ef8   0x08000ef8   0x00000006   Code   RO          433    .text.EXTI1_IRQHandler  stm32h7xx_it.o
    0x08000efe   0x08000efe   0x00000002   PAD
    0x08000f00   0x08000f00   0x0000000a   Code   RO           17    .text.Error_Handler  main.o
    0x08000f0a   0x08000f0a   0x00000006   PAD
    0x08000f10   0x08000f10   0x0000002c   Code   RO         2823    .text.ExitRun0Mode  system_stm32h7xx.o
    0x08000f3c   0x08000f3c   0x00000004   PAD
    0x08000f40   0x08000f40   0x00000060   Code   RO          254    .text.FDCAN1_Receive_Msg  fdcan.o
    0x08000fa0   0x08000fa0   0x0000006e   Code   RO          246    .text.FDCAN1_filter_config  fdcan.o
    0x0800100e   0x0800100e   0x00000002   PAD
    0x08001010   0x08001010   0x0000002c   Code   RO          492    .text.GZP6816D_IsBusy  air_gzp6816d_bsp.o
    0x0800103c   0x0800103c   0x00000004   PAD
    0x08001040   0x08001040   0x000000f0   Code   RO          496    .text.GZP6816D_get_cal  air_gzp6816d_bsp.o
    0x08001130   0x08001130   0x0000002e   Code   RO          490    .text.GZP6816D_init  air_gzp6816d_bsp.o
    0x0800115e   0x0800115e   0x00000002   PAD
    0x08001160   0x08001160   0x0000002a   Code   RO          494    .text.GZP6816D_start_sampling  air_gzp6816d_bsp.o
    0x0800118a   0x0800118a   0x00000006   PAD
    0x08001190   0x08001190   0x000000ec   Code   RO          853    .text.Get_pt_tempture  max31865atp_bsp.o
    0x0800127c   0x0800127c   0x00000004   PAD
    0x08001280   0x08001280   0x000002f8   Code   RO          559    .text.Green_Breath  is31fl3193_bsp.o
    0x08001578   0x08001578   0x000000d8   Code   RO         1412    .text.HAL_ADCEx_Calibration_Start  stm32h7xx_hal_adc_ex.o
    0x08001650   0x08001650   0x00000002   Code   RO         1450    .text.HAL_ADCEx_EndOfSamplingCallback  stm32h7xx_hal_adc_ex.o
    0x08001652   0x08001652   0x00000006   PAD
    0x08001658   0x08001658   0x00000002   Code   RO         1442    .text.HAL_ADCEx_InjectedConvCpltCallback  stm32h7xx_hal_adc_ex.o
    0x0800165a   0x0800165a   0x00000006   PAD
    0x08001660   0x08001660   0x00000002   Code   RO         1444    .text.HAL_ADCEx_InjectedQueueOverflowCallback  stm32h7xx_hal_adc_ex.o
    0x08001662   0x08001662   0x00000006   PAD
    0x08001668   0x08001668   0x00000002   Code   RO         1446    .text.HAL_ADCEx_LevelOutOfWindow2Callback  stm32h7xx_hal_adc_ex.o
    0x0800166a   0x0800166a   0x00000006   PAD
    0x08001670   0x08001670   0x00000002   Code   RO         1448    .text.HAL_ADCEx_LevelOutOfWindow3Callback  stm32h7xx_hal_adc_ex.o
    0x08001672   0x08001672   0x00000006   PAD
    0x08001678   0x08001678   0x000000b0   Code   RO         1462    .text.HAL_ADCEx_MultiModeConfigChannel  stm32h7xx_hal_adc_ex.o
    0x08001728   0x08001728   0x000006ee   Code   RO         1396    .text.HAL_ADC_ConfigChannel  stm32h7xx_hal_adc.o
    0x08001e16   0x08001e16   0x00000002   PAD
    0x08001e18   0x08001e18   0x000001b0   Code   RO          211    .text.HAL_ADC_ConvCpltCallback  adc.o
    0x08001fc8   0x08001fc8   0x00000002   Code   RO         1394    .text.HAL_ADC_ConvHalfCpltCallback  stm32h7xx_hal_adc.o
    0x08001fca   0x08001fca   0x00000006   PAD
    0x08001fd0   0x08001fd0   0x00000002   Code   RO         1392    .text.HAL_ADC_ErrorCallback  stm32h7xx_hal_adc.o
    0x08001fd2   0x08001fd2   0x00000006   PAD
    0x08001fd8   0x08001fd8   0x000002ba   Code   RO         1386    .text.HAL_ADC_IRQHandler  stm32h7xx_hal_adc.o
    0x08002292   0x08002292   0x00000006   PAD
    0x08002298   0x08002298   0x00000310   Code   RO         1346    .text.HAL_ADC_Init  stm32h7xx_hal_adc.o
    0x080025a8   0x080025a8   0x00000002   Code   RO         1390    .text.HAL_ADC_LevelOutOfWindowCallback  stm32h7xx_hal_adc.o
    0x080025aa   0x080025aa   0x00000006   PAD
    0x080025b0   0x080025b0   0x000001bc   Code   RO          197    .text.HAL_ADC_MspInit  adc.o
    0x0800276c   0x0800276c   0x00000004   PAD
    0x08002770   0x08002770   0x0000013c   Code   RO         1374    .text.HAL_ADC_Start_DMA  stm32h7xx_hal_adc.o
    0x080028ac   0x080028ac   0x00000004   PAD
    0x080028b0   0x080028b0   0x00000526   Code   RO         1707    .text.HAL_DMA_Abort  stm32h7xx_hal_dma.o
    0x08002dd6   0x08002dd6   0x00000002   PAD
    0x08002dd8   0x08002dd8   0x000002b6   Code   RO         1709    .text.HAL_DMA_Abort_IT  stm32h7xx_hal_dma.o
    0x0800308e   0x0800308e   0x00000002   PAD
    0x08003090   0x08003090   0x00000818   Code   RO         1713    .text.HAL_DMA_IRQHandler  stm32h7xx_hal_dma.o
    0x080038a8   0x080038a8   0x0000069a   Code   RO         1695    .text.HAL_DMA_Init  stm32h7xx_hal_dma.o
    0x08003f42   0x08003f42   0x00000006   PAD
    0x08003f48   0x08003f48   0x000003aa   Code   RO         1705    .text.HAL_DMA_Start_IT  stm32h7xx_hal_dma.o
    0x080042f2   0x080042f2   0x00000006   PAD
    0x080042f8   0x080042f8   0x00000028   Code   RO         2001    .text.HAL_Delay     stm32h7xx_hal.o
    0x08004320   0x08004320   0x0000008a   Code   RO         2447    .text.HAL_FDCAN_ActivateNotification  stm32h7xx_hal_fdcan.o
    0x080043aa   0x080043aa   0x00000006   PAD
    0x080043b0   0x080043b0   0x000000ea   Code   RO         2369    .text.HAL_FDCAN_AddMessageToTxFifoQ  stm32h7xx_hal_fdcan.o
    0x0800449a   0x0800449a   0x00000006   PAD
    0x080044a0   0x080044a0   0x0000008c   Code   RO         2321    .text.HAL_FDCAN_ConfigFilter  stm32h7xx_hal_fdcan.o
    0x0800452c   0x0800452c   0x00000004   PAD
    0x08004530   0x08004530   0x00000012   Code   RO         2393    .text.HAL_FDCAN_GetRxFifoFillLevel  stm32h7xx_hal_fdcan.o
    0x08004542   0x08004542   0x00000006   PAD
    0x08004548   0x08004548   0x000001e6   Code   RO         2379    .text.HAL_FDCAN_GetRxMessage  stm32h7xx_hal_fdcan.o
    0x0800472e   0x0800472e   0x00000002   PAD
    0x08004730   0x08004730   0x0000000c   Code   RO         2395    .text.HAL_FDCAN_GetTxFifoFreeLevel  stm32h7xx_hal_fdcan.o
    0x0800473c   0x0800473c   0x00000004   PAD
    0x08004740   0x08004740   0x000003fc   Code   RO         2299    .text.HAL_FDCAN_Init  stm32h7xx_hal_fdcan.o
    0x08004b3c   0x08004b3c   0x00000004   PAD
    0x08004b40   0x08004b40   0x00000072   Code   RO          248    .text.HAL_FDCAN_MspInit  fdcan.o
    0x08004bb2   0x08004bb2   0x00000006   PAD
    0x08004bb8   0x08004bb8   0x00000034   Code   RO         2367    .text.HAL_FDCAN_Start  stm32h7xx_hal_fdcan.o
    0x08004bec   0x08004bec   0x00000004   PAD
    0x08004bf0   0x08004bf0   0x00000030   Code   RO          125    .text.HAL_GPIO_EXTI_Callback  freertos.o
    0x08004c20   0x08004c20   0x00000014   Code   RO         1653    .text.HAL_GPIO_EXTI_IRQHandler  stm32h7xx_hal_gpio.o
    0x08004c34   0x08004c34   0x00000004   PAD
    0x08004c38   0x08004c38   0x000001a6   Code   RO         1641    .text.HAL_GPIO_Init  stm32h7xx_hal_gpio.o
    0x08004dde   0x08004dde   0x00000002   PAD
    0x08004de0   0x08004de0   0x0000000a   Code   RO         1645    .text.HAL_GPIO_ReadPin  stm32h7xx_hal_gpio.o
    0x08004dea   0x08004dea   0x00000006   PAD
    0x08004df0   0x08004df0   0x00000010   Code   RO         1649    .text.HAL_GPIO_TogglePin  stm32h7xx_hal_gpio.o
    0x08004e00   0x08004e00   0x0000000a   Code   RO         1647    .text.HAL_GPIO_WritePin  stm32h7xx_hal_gpio.o
    0x08004e0a   0x08004e0a   0x00000006   PAD
    0x08004e10   0x08004e10   0x0000000c   Code   RO         1993    .text.HAL_GetTick   stm32h7xx_hal.o
    0x08004e1c   0x08004e1c   0x00000004   PAD
    0x08004e20   0x08004e20   0x0000000c   Code   RO         2013    .text.HAL_GetUIDw0  stm32h7xx_hal.o
    0x08004e2c   0x08004e2c   0x00000004   PAD
    0x08004e30   0x08004e30   0x0000000c   Code   RO         2015    .text.HAL_GetUIDw1  stm32h7xx_hal.o
    0x08004e3c   0x08004e3c   0x00000004   PAD
    0x08004e40   0x08004e40   0x0000000c   Code   RO         2017    .text.HAL_GetUIDw2  stm32h7xx_hal.o
    0x08004e4c   0x08004e4c   0x00000004   PAD
    0x08004e50   0x08004e50   0x0000004a   Code   RO         2253    .text.HAL_I2CEx_ConfigAnalogFilter  stm32h7xx_hal_i2c_ex.o
    0x08004e9a   0x08004e9a   0x00000006   PAD
    0x08004ea0   0x08004ea0   0x00000048   Code   RO         2255    .text.HAL_I2CEx_ConfigDigitalFilter  stm32h7xx_hal_i2c_ex.o
    0x08004ee8   0x08004ee8   0x000000b0   Code   RO         2099    .text.HAL_I2C_Init  stm32h7xx_hal_i2c.o
    0x08004f98   0x08004f98   0x000001aa   Code   RO         2115    .text.HAL_I2C_Master_Receive  stm32h7xx_hal_i2c.o
    0x08005142   0x08005142   0x00000006   PAD
    0x08005148   0x08005148   0x000001d6   Code   RO         2107    .text.HAL_I2C_Master_Transmit  stm32h7xx_hal_i2c.o
    0x0800531e   0x0800531e   0x00000002   PAD
    0x08005320   0x08005320   0x00000238   Code   RO         2159    .text.HAL_I2C_Mem_Read  stm32h7xx_hal_i2c.o
    0x08005558   0x08005558   0x00000230   Code   RO         2157    .text.HAL_I2C_Mem_Write  stm32h7xx_hal_i2c.o
    0x08005788   0x08005788   0x000001fa   Code   RO          279    .text.HAL_I2C_MspInit  i2c.o
    0x08005982   0x08005982   0x00000006   PAD
    0x08005988   0x08005988   0x0000006a   Code   RO         2505    .text.HAL_IWDG_Init  stm32h7xx_hal_iwdg.o
    0x080059f2   0x080059f2   0x00000006   PAD
    0x080059f8   0x080059f8   0x0000000c   Code   RO         2507    .text.HAL_IWDG_Refresh  stm32h7xx_hal_iwdg.o
    0x08005a04   0x08005a04   0x00000004   PAD
    0x08005a08   0x08005a08   0x0000001a   Code   RO         1991    .text.HAL_IncTick   stm32h7xx_hal.o
    0x08005a22   0x08005a22   0x00000006   PAD
    0x08005a28   0x08005a28   0x00000064   Code   RO         1981    .text.HAL_Init      stm32h7xx_hal.o
    0x08005a8c   0x08005a8c   0x00000004   PAD
    0x08005a90   0x08005a90   0x000000a8   Code   RO          475    .text.HAL_InitTick  stm32h7xx_hal_timebase_tim.o
    0x08005b38   0x08005b38   0x0000005e   Code   RO         1951    .text.HAL_MPU_ConfigRegion  stm32h7xx_hal_cortex.o
    0x08005b96   0x08005b96   0x00000002   PAD
    0x08005b98   0x08005b98   0x0000001a   Code   RO         1943    .text.HAL_MPU_Disable  stm32h7xx_hal_cortex.o
    0x08005bb2   0x08005bb2   0x00000006   PAD
    0x08005bb8   0x08005bb8   0x00000020   Code   RO         1945    .text.HAL_MPU_Enable  stm32h7xx_hal_cortex.o
    0x08005bd8   0x08005bd8   0x0000005e   Code   RO          466    .text.HAL_MspInit   stm32h7xx_hal_msp.o
    0x08005c36   0x08005c36   0x00000002   PAD
    0x08005c38   0x08005c38   0x00000022   Code   RO         1933    .text.HAL_NVIC_EnableIRQ  stm32h7xx_hal_cortex.o
    0x08005c5a   0x08005c5a   0x00000006   PAD
    0x08005c60   0x08005c60   0x0000005a   Code   RO         1931    .text.HAL_NVIC_SetPriority  stm32h7xx_hal_cortex.o
    0x08005cba   0x08005cba   0x00000006   PAD
    0x08005cc0   0x08005cc0   0x00000020   Code   RO         1929    .text.HAL_NVIC_SetPriorityGrouping  stm32h7xx_hal_cortex.o
    0x08005ce0   0x08005ce0   0x0000004c   Code   RO         1845    .text.HAL_PWREx_ConfigSupply  stm32h7xx_hal_pwr_ex.o
    0x08005d2c   0x08005d2c   0x00000004   PAD
    0x08005d30   0x08005d30   0x00000092   Code   RO         1809    .text.HAL_PWR_ConfigPVD  stm32h7xx_hal_pwr.o
    0x08005dc2   0x08005dc2   0x00000006   PAD
    0x08005dc8   0x08005dc8   0x00000012   Code   RO         1811    .text.HAL_PWR_EnablePVD  stm32h7xx_hal_pwr.o
    0x08005dda   0x08005dda   0x00000006   PAD
    0x08005de0   0x08005de0   0x00000026   Code   RO         1532    .text.HAL_RCCEx_GetD3PCLK1Freq  stm32h7xx_hal_rcc_ex.o
    0x08005e06   0x08005e06   0x00000002   PAD
    0x08005e08   0x08005e08   0x00000134   Code   RO         1526    .text.HAL_RCCEx_GetPLL1ClockFreq  stm32h7xx_hal_rcc_ex.o
    0x08005f3c   0x08005f3c   0x00000004   PAD
    0x08005f40   0x08005f40   0x0000012c   Code   RO         1528    .text.HAL_RCCEx_GetPLL2ClockFreq  stm32h7xx_hal_rcc_ex.o
    0x0800606c   0x0800606c   0x00000004   PAD
    0x08006070   0x08006070   0x0000012c   Code   RO         1530    .text.HAL_RCCEx_GetPLL3ClockFreq  stm32h7xx_hal_rcc_ex.o
    0x0800619c   0x0800619c   0x00000004   PAD
    0x080061a0   0x080061a0   0x000003d2   Code   RO         1524    .text.HAL_RCCEx_GetPeriphCLKFreq  stm32h7xx_hal_rcc_ex.o
    0x08006572   0x08006572   0x00000006   PAD
    0x08006578   0x08006578   0x00000a80   Code   RO         1516    .text.HAL_RCCEx_PeriphCLKConfig  stm32h7xx_hal_rcc_ex.o
    0x08006ff8   0x08006ff8   0x00000254   Code   RO         1484    .text.HAL_RCC_ClockConfig  stm32h7xx_hal_rcc.o
    0x0800724c   0x0800724c   0x00000004   PAD
    0x08007250   0x08007250   0x00000058   Code   RO         1502    .text.HAL_RCC_GetClockConfig  stm32h7xx_hal_rcc.o
    0x080072a8   0x080072a8   0x0000004c   Code   RO         1494    .text.HAL_RCC_GetHCLKFreq  stm32h7xx_hal_rcc.o
    0x080072f4   0x080072f4   0x00000004   PAD
    0x080072f8   0x080072f8   0x00000060   Code   RO         1496    .text.HAL_RCC_GetPCLK1Freq  stm32h7xx_hal_rcc.o
    0x08007358   0x08007358   0x00000060   Code   RO         1498    .text.HAL_RCC_GetPCLK2Freq  stm32h7xx_hal_rcc.o
    0x080073b8   0x080073b8   0x00000118   Code   RO         1486    .text.HAL_RCC_GetSysClockFreq  stm32h7xx_hal_rcc.o
    0x080074d0   0x080074d0   0x00000534   Code   RO         1482    .text.HAL_RCC_OscConfig  stm32h7xx_hal_rcc.o
    0x08007a04   0x08007a04   0x00000004   PAD
    0x08007a08   0x08007a08   0x000001bc   Code   RO         2703    .text.HAL_SPI_Init  stm32h7xx_hal_spi.o
    0x08007bc4   0x08007bc4   0x00000004   PAD
    0x08007bc8   0x08007bc8   0x000001d8   Code   RO          351    .text.HAL_SPI_MspInit  spi.o
    0x08007da0   0x08007da0   0x00000298   Code   RO         2711    .text.HAL_SPI_Transmit  stm32h7xx_hal_spi.o
    0x08008038   0x08008038   0x00000402   Code   RO         2717    .text.HAL_SPI_TransmitReceive  stm32h7xx_hal_spi.o
    0x0800843a   0x0800843a   0x00000006   PAD
    0x08008440   0x08008440   0x00000012   Code   RO         2027    .text.HAL_SYSCFG_DisableVREFBUF  stm32h7xx_hal.o
    0x08008452   0x08008452   0x00000006   PAD
    0x08008458   0x08008458   0x00000014   Code   RO         2021    .text.HAL_SYSCFG_VREFBUF_HighImpedanceConfig  stm32h7xx_hal.o
    0x0800846c   0x0800846c   0x00000004   PAD
    0x08008470   0x08008470   0x00000002   Code   RO         1332    .text.HAL_TIMEx_Break2Callback  stm32h7xx_hal_tim_ex.o
    0x08008472   0x08008472   0x00000006   PAD
    0x08008478   0x08008478   0x00000002   Code   RO         1330    .text.HAL_TIMEx_BreakCallback  stm32h7xx_hal_tim_ex.o
    0x0800847a   0x0800847a   0x00000006   PAD
    0x08008480   0x08008480   0x00000002   Code   RO         1326    .text.HAL_TIMEx_CommutCallback  stm32h7xx_hal_tim_ex.o
    0x08008482   0x08008482   0x00000006   PAD
    0x08008488   0x08008488   0x000000c4   Code   RO         1312    .text.HAL_TIMEx_ConfigBreakDeadTime  stm32h7xx_hal_tim_ex.o
    0x0800854c   0x0800854c   0x00000004   PAD
    0x08008550   0x08008550   0x000000de   Code   RO         1310    .text.HAL_TIMEx_MasterConfigSynchronization  stm32h7xx_hal_tim_ex.o
    0x0800862e   0x0800862e   0x00000002   PAD
    0x08008630   0x08008630   0x00000138   Code   RO         1280    .text.HAL_TIMEx_PWMN_Start  stm32h7xx_hal_tim_ex.o
    0x08008768   0x08008768   0x0000009a   Code   RO         1282    .text.HAL_TIMEx_PWMN_Stop  stm32h7xx_hal_tim_ex.o
    0x08008802   0x08008802   0x00000006   PAD
    0x08008808   0x08008808   0x00000060   Code   RO         1015    .text.HAL_TIM_Base_Init  stm32h7xx_hal_tim.o
    0x08008868   0x08008868   0x0000012c   Code   RO          390    .text.HAL_TIM_Base_MspInit  tim.o
    0x08008994   0x08008994   0x00000004   PAD
    0x08008998   0x08008998   0x000000dc   Code   RO         1029    .text.HAL_TIM_Base_Start_IT  stm32h7xx_hal_tim.o
    0x08008a74   0x08008a74   0x00000004   PAD
    0x08008a78   0x08008a78   0x0000003c   Code   RO         1031    .text.HAL_TIM_Base_Stop_IT  stm32h7xx_hal_tim.o
    0x08008ab4   0x08008ab4   0x00000004   PAD
    0x08008ab8   0x08008ab8   0x00000200   Code   RO         1195    .text.HAL_TIM_ConfigClockSource  stm32h7xx_hal_tim.o
    0x08008cb8   0x08008cb8   0x00000038   Code   RO          667    .text.HAL_TIM_IC_CaptureCallback  jdq_bsp.o
    0x08008cf0   0x08008cf0   0x0000016c   Code   RO         1149    .text.HAL_TIM_IRQHandler  stm32h7xx_hal_tim.o
    0x08008e5c   0x08008e5c   0x00000004   PAD
    0x08008e60   0x08008e60   0x00000130   Code   RO          370    .text.HAL_TIM_MspPostInit  tim.o
    0x08008f90   0x08008f90   0x0000040c   Code   RO         1161    .text.HAL_TIM_OC_ConfigChannel  stm32h7xx_hal_tim.o
    0x0800939c   0x0800939c   0x00000004   PAD
    0x080093a0   0x080093a0   0x0000003c   Code   RO          665    .text.HAL_TIM_OC_DelayElapsedCallback  jdq_bsp.o
    0x080093dc   0x080093dc   0x00000004   PAD
    0x080093e0   0x080093e0   0x00000060   Code   RO         1043    .text.HAL_TIM_OC_Init  stm32h7xx_hal_tim.o
    0x08009440   0x08009440   0x00000002   Code   RO         1045    .text.HAL_TIM_OC_MspInit  stm32h7xx_hal_tim.o
    0x08009442   0x08009442   0x00000006   PAD
    0x08009448   0x08009448   0x000001da   Code   RO         1057    .text.HAL_TIM_OC_Start_IT  stm32h7xx_hal_tim.o
    0x08009622   0x08009622   0x00000006   PAD
    0x08009628   0x08009628   0x000000ea   Code   RO         1059    .text.HAL_TIM_OC_Stop_IT  stm32h7xx_hal_tim.o
    0x08009712   0x08009712   0x00000006   PAD
    0x08009718   0x08009718   0x000004b2   Code   RO         1169    .text.HAL_TIM_PWM_ConfigChannel  stm32h7xx_hal_tim.o
    0x08009bca   0x08009bca   0x00000006   PAD
    0x08009bd0   0x08009bd0   0x00000060   Code   RO         1069    .text.HAL_TIM_PWM_Init  stm32h7xx_hal_tim.o
    0x08009c30   0x08009c30   0x000000aa   Code   RO          388    .text.HAL_TIM_PWM_MspInit  tim.o
    0x08009cda   0x08009cda   0x00000006   PAD
    0x08009ce0   0x08009ce0   0x00000002   Code   RO         1155    .text.HAL_TIM_PWM_PulseFinishedCallback  stm32h7xx_hal_tim.o
    0x08009ce2   0x08009ce2   0x00000006   PAD
    0x08009ce8   0x08009ce8   0x00000170   Code   RO         1077    .text.HAL_TIM_PWM_Start  stm32h7xx_hal_tim.o
    0x08009e58   0x08009e58   0x00000112   Code   RO         1079    .text.HAL_TIM_PWM_Stop  stm32h7xx_hal_tim.o
    0x08009f6a   0x08009f6a   0x00000006   PAD
    0x08009f70   0x08009f70   0x00000082   Code   RO           19    .text.HAL_TIM_PeriodElapsedCallback  main.o
    0x08009ff2   0x08009ff2   0x00000006   PAD
    0x08009ff8   0x08009ff8   0x00000002   Code   RO         1159    .text.HAL_TIM_TriggerCallback  stm32h7xx_hal_tim.o
    0x08009ffa   0x08009ffa   0x00000006   PAD
    0x0800a000   0x0800a000   0x00000036   Code   RO         2680    .text.HAL_UARTEx_DisableFifoMode  stm32h7xx_hal_uart_ex.o
    0x0800a036   0x0800a036   0x00000002   PAD
    0x0800a038   0x0800a038   0x00000002   Code   RO         2607    .text.HAL_UARTEx_RxEventCallback  stm32h7xx_hal_uart.o
    0x0800a03a   0x0800a03a   0x00000006   PAD
    0x0800a040   0x0800a040   0x00000002   Code   RO         2666    .text.HAL_UARTEx_RxFifoFullCallback  stm32h7xx_hal_uart_ex.o
    0x0800a042   0x0800a042   0x00000006   PAD
    0x0800a048   0x0800a048   0x0000008c   Code   RO         2684    .text.HAL_UARTEx_SetRxFifoThreshold  stm32h7xx_hal_uart_ex.o
    0x0800a0d4   0x0800a0d4   0x00000004   PAD
    0x0800a0d8   0x0800a0d8   0x0000008c   Code   RO         2682    .text.HAL_UARTEx_SetTxFifoThreshold  stm32h7xx_hal_uart_ex.o
    0x0800a164   0x0800a164   0x00000004   PAD
    0x0800a168   0x0800a168   0x00000002   Code   RO         2668    .text.HAL_UARTEx_TxFifoEmptyCallback  stm32h7xx_hal_uart_ex.o
    0x0800a16a   0x0800a16a   0x00000006   PAD
    0x0800a170   0x0800a170   0x00000002   Code   RO         2664    .text.HAL_UARTEx_WakeupCallback  stm32h7xx_hal_uart_ex.o
    0x0800a172   0x0800a172   0x00000006   PAD
    0x0800a178   0x0800a178   0x00000002   Code   RO         2605    .text.HAL_UART_ErrorCallback  stm32h7xx_hal_uart.o
    0x0800a17a   0x0800a17a   0x00000006   PAD
    0x0800a180   0x0800a180   0x0000068a   Code   RO         2601    .text.HAL_UART_IRQHandler  stm32h7xx_hal_uart.o
    0x0800a80a   0x0800a80a   0x00000006   PAD
    0x0800a810   0x0800a810   0x00000064   Code   RO         2517    .text.HAL_UART_Init  stm32h7xx_hal_uart.o
    0x0800a874   0x0800a874   0x00000004   PAD
    0x0800a878   0x0800a878   0x0000015e   Code   RO          318    .text.HAL_UART_MspInit  usart.o
    0x0800a9d6   0x0800a9d6   0x00000002   PAD
    0x0800a9d8   0x0800a9d8   0x000000ac   Code   RO         2553    .text.HAL_UART_Receive_IT  stm32h7xx_hal_uart.o
    0x0800aa84   0x0800aa84   0x00000004   PAD
    0x0800aa88   0x0800aa88   0x00000088   Code   RO          322    .text.HAL_UART_RxCpltCallback  usart.o
    0x0800ab10   0x0800ab10   0x000001aa   Code   RO         2537    .text.HAL_UART_Transmit  stm32h7xx_hal_uart.o
    0x0800acba   0x0800acba   0x00000006   PAD
    0x0800acc0   0x0800acc0   0x00000002   Code   RO         2609    .text.HAL_UART_TxCpltCallback  stm32h7xx_hal_uart.o
    0x0800acc2   0x0800acc2   0x00000006   PAD
    0x0800acc8   0x0800acc8   0x0000059c   Code   RO          921    .text.HMI_Parse_Data  user_can1.o
    0x0800b264   0x0800b264   0x00000004   PAD
    0x0800b268   0x0800b268   0x00000002   Code   RO          421    .text.HardFault_Handler  stm32h7xx_it.o
    0x0800b26a   0x0800b26a   0x00000006   PAD
    0x0800b270   0x0800b270   0x00000458   Code   RO          547    .text.High_Breath   is31fl3193_bsp.o
    0x0800b6c8   0x0800b6c8   0x00000160   Code   RO         2243    .text.I2C_IsErrorOccurred  stm32h7xx_hal_i2c.o
    0x0800b828   0x0800b828   0x000000e4   Code   RO         2109    .text.I2C_WaitOnFlagUntilTimeout  stm32h7xx_hal_i2c.o
    0x0800b90c   0x0800b90c   0x00000004   PAD
    0x0800b910   0x0800b910   0x000000dc   Code   RO         2117    .text.I2C_WaitOnRXNEFlagUntilTimeout  stm32h7xx_hal_i2c.o
    0x0800b9ec   0x0800b9ec   0x00000004   PAD
    0x0800b9f0   0x0800b9f0   0x0000007c   Code   RO         2113    .text.I2C_WaitOnSTOPFlagUntilTimeout  stm32h7xx_hal_i2c.o
    0x0800ba6c   0x0800ba6c   0x00000004   PAD
    0x0800ba70   0x0800ba70   0x00000098   Code   RO         2111    .text.I2C_WaitOnTXISFlagUntilTimeout  stm32h7xx_hal_i2c.o
    0x0800bb08   0x0800bb08   0x000001d2   Code   RO          539    .text.IS31FL3236A_Init  is31fl3193_bsp.o
    0x0800bcda   0x0800bcda   0x00000006   PAD
    0x0800bce0   0x0800bce0   0x00000036   Code   RO          537    .text.IS3_init      is31fl3193_bsp.o
    0x0800bd16   0x0800bd16   0x00000002   PAD
    0x0800bd18   0x0800bd18   0x0000000c   Code   RO          455    .text.LPUART1_IRQHandler  stm32h7xx_it.o
    0x0800bd24   0x0800bd24   0x00000004   PAD
    0x0800bd28   0x0800bd28   0x00000032   Code   RO           73    .text.LaserWorkTimerCallback01  freertos.o
    0x0800bd5a   0x0800bd5a   0x00000006   PAD
    0x0800bd60   0x0800bd60   0x00000148   Code   RO          193    .text.MX_ADC1_Init  adc.o
    0x0800bea8   0x0800bea8   0x0000009e   Code   RO          195    .text.MX_ADC2_Init  adc.o
    0x0800bf46   0x0800bf46   0x00000002   PAD
    0x0800bf48   0x0800bf48   0x00000056   Code   RO          235    .text.MX_DMA_Init   dma.o
    0x0800bf9e   0x0800bf9e   0x00000002   PAD
    0x0800bfa0   0x0800bfa0   0x0000006a   Code   RO          244    .text.MX_FDCAN1_Init  fdcan.o
    0x0800c00a   0x0800c00a   0x00000006   PAD
    0x0800c010   0x0800c010   0x00000264   Code   RO           71    .text.MX_FREERTOS_Init  freertos.o
    0x0800c274   0x0800c274   0x00000004   PAD
    0x0800c278   0x0800c278   0x000001f6   Code   RO           30    .text.MX_GPIO_Init  gpio.o
    0x0800c46e   0x0800c46e   0x00000002   PAD
    0x0800c470   0x0800c470   0x0000006a   Code   RO          271    .text.MX_I2C1_Init  i2c.o
    0x0800c4da   0x0800c4da   0x00000006   PAD
    0x0800c4e0   0x0800c4e0   0x0000006a   Code   RO          273    .text.MX_I2C2_Init  i2c.o
    0x0800c54a   0x0800c54a   0x00000006   PAD
    0x0800c550   0x0800c550   0x0000006a   Code   RO          275    .text.MX_I2C3_Init  i2c.o
    0x0800c5ba   0x0800c5ba   0x00000006   PAD
    0x0800c5c0   0x0800c5c0   0x0000006a   Code   RO          277    .text.MX_I2C5_Init  i2c.o
    0x0800c62a   0x0800c62a   0x00000006   PAD
    0x0800c630   0x0800c630   0x00000032   Code   RO          303    .text.MX_IWDG1_Init  iwdg.o
    0x0800c662   0x0800c662   0x00000006   PAD
    0x0800c668   0x0800c668   0x00000092   Code   RO          312    .text.MX_LPUART1_UART_Init  usart.o
    0x0800c6fa   0x0800c6fa   0x00000006   PAD
    0x0800c700   0x0800c700   0x0000005c   Code   RO          345    .text.MX_SPI1_Init  spi.o
    0x0800c75c   0x0800c75c   0x00000004   PAD
    0x0800c760   0x0800c760   0x00000066   Code   RO          347    .text.MX_SPI4_Init  spi.o
    0x0800c7c6   0x0800c7c6   0x00000002   PAD
    0x0800c7c8   0x0800c7c8   0x0000005e   Code   RO          349    .text.MX_SPI6_Init  spi.o
    0x0800c826   0x0800c826   0x00000002   PAD
    0x0800c828   0x0800c828   0x000000cc   Code   RO          380    .text.MX_TIM15_Init  tim.o
    0x0800c8f4   0x0800c8f4   0x00000004   PAD
    0x0800c8f8   0x0800c8f8   0x000000b6   Code   RO          382    .text.MX_TIM16_Init  tim.o
    0x0800c9ae   0x0800c9ae   0x00000002   PAD
    0x0800c9b0   0x0800c9b0   0x0000003a   Code   RO          384    .text.MX_TIM17_Init  tim.o
    0x0800c9ea   0x0800c9ea   0x00000006   PAD
    0x0800c9f0   0x0800c9f0   0x000000d2   Code   RO          368    .text.MX_TIM1_Init  tim.o
    0x0800cac2   0x0800cac2   0x00000006   PAD
    0x0800cac8   0x0800cac8   0x0000007a   Code   RO          386    .text.MX_TIM23_Init  tim.o
    0x0800cb42   0x0800cb42   0x00000006   PAD
    0x0800cb48   0x0800cb48   0x000000c6   Code   RO          372    .text.MX_TIM2_Init  tim.o
    0x0800cc0e   0x0800cc0e   0x00000002   PAD
    0x0800cc10   0x0800cc10   0x00000086   Code   RO          374    .text.MX_TIM3_Init  tim.o
    0x0800cc96   0x0800cc96   0x00000002   PAD
    0x0800cc98   0x0800cc98   0x00000052   Code   RO          376    .text.MX_TIM7_Init  tim.o
    0x0800ccea   0x0800ccea   0x00000006   PAD
    0x0800ccf0   0x0800ccf0   0x000000d2   Code   RO          378    .text.MX_TIM8_Init  tim.o
    0x0800cdc2   0x0800cdc2   0x00000006   PAD
    0x0800cdc8   0x0800cdc8   0x0000007c   Code   RO          314    .text.MX_UART5_Init  usart.o
    0x0800ce44   0x0800ce44   0x00000004   PAD
    0x0800ce48   0x0800ce48   0x0000007c   Code   RO          316    .text.MX_USART1_UART_Init  usart.o
    0x0800cec4   0x0800cec4   0x00000004   PAD
    0x0800cec8   0x0800cec8   0x00000002   Code   RO          423    .text.MemManage_Handler  stm32h7xx_it.o
    0x0800ceca   0x0800ceca   0x00000006   PAD
    0x0800ced0   0x0800ced0   0x00000002   Code   RO          419    .text.NMI_Handler   stm32h7xx_it.o
    0x0800ced2   0x0800ced2   0x00000006   PAD
    0x0800ced8   0x0800ced8   0x000000ee   Code   RO          750    .text.NRF24L01_Clear_IRQ_Flag  drv_rf24l01.o
    0x0800cfc6   0x0800cfc6   0x00000002   PAD
    0x0800cfc8   0x0800cfc8   0x000002bc   Code   RO          784    .text.NRF24L01_RxPacket  drv_rf24l01.o
    0x0800d284   0x0800d284   0x0000000c   PAD
    0x0800d290   0x0800d290   0x00000064   Code   RO         3389    .text.PendSV_Handler  port.o
    0x0800d2f4   0x0800d2f4   0x00000004   PAD
    0x0800d2f8   0x0800d2f8   0x00000122   Code   RO         1518    .text.RCCEx_PLL2_Config  stm32h7xx_hal_rcc_ex.o
    0x0800d41a   0x0800d41a   0x00000006   PAD
    0x0800d420   0x0800d420   0x00000122   Code   RO         1520    .text.RCCEx_PLL3_Config  stm32h7xx_hal_rcc_ex.o
    0x0800d542   0x0800d542   0x00000006   PAD
    0x0800d548   0x0800d548   0x000004ca   Code   RO          782    .text.RF24L01_Init  drv_rf24l01.o
    0x0800da12   0x0800da12   0x00000006   PAD
    0x0800da18   0x0800da18   0x000000de   Code   RO          776    .text.RF24L01_Set_Mode  drv_rf24l01.o
    0x0800daf6   0x0800daf6   0x00000002   PAD
    0x0800daf8   0x0800daf8   0x0000003e   Code   RO          788    .text.RF24_init     drv_rf24l01.o
    0x0800db36   0x0800db36   0x00000002   PAD
    0x0800db38   0x0800db38   0x000000b2   Code   RO         3437    .text.SEGGER_RTT_Write  segger_rtt.o
    0x0800dbea   0x0800dbea   0x00000006   PAD
    0x0800dbf0   0x0800dbf0   0x00000182   Code   RO         3433    .text.SEGGER_RTT_WriteNoLock  segger_rtt.o
    0x0800dd72   0x0800dd72   0x00000006   PAD
    0x0800dd78   0x0800dd78   0x0000001e   Code   RO         3411    .text.SEGGER_RTT_printf  segger_rtt_printf.o
    0x0800dd96   0x0800dd96   0x00000002   PAD
    0x0800dd98   0x0800dd98   0x00000530   Code   RO         3405    .text.SEGGER_RTT_vprintf  segger_rtt_printf.o
    0x0800e2c8   0x0800e2c8   0x000000d0   Code   RO         2713    .text.SPI_CloseTransfer  stm32h7xx_hal_spi.o
    0x0800e398   0x0800e398   0x00000008   PAD
    0x0800e3a0   0x0800e3a0   0x00000024   Code   RO         3373    .text.SVC_Handler   port.o
    0x0800e3c4   0x0800e3c4   0x00000004   PAD
    0x0800e3c8   0x0800e3c8   0x0000065c   Code   RO           81    .text.StartDefaultTask  freertos.o
    0x0800ea24   0x0800ea24   0x00000004   PAD
    0x0800ea28   0x0800ea28   0x0000001e   Code   RO         3182    .text.SysTick_Handler  cmsis_os2.o
    0x0800ea46   0x0800ea46   0x00000002   PAD
    0x0800ea48   0x0800ea48   0x000000cc   Code   RO           13    .text.SystemClock_Config  main.o
    0x0800eb14   0x0800eb14   0x00000004   PAD
    0x0800eb18   0x0800eb18   0x000000d2   Code   RO         2819    .text.SystemInit    system_stm32h7xx.o
    0x0800ebea   0x0800ebea   0x00000006   PAD
    0x0800ebf0   0x0800ebf0   0x0000000c   Code   RO          453    .text.TIM17_IRQHandler  stm32h7xx_it.o
    0x0800ebfc   0x0800ebfc   0x00000004   PAD
    0x0800ec00   0x0800ec00   0x0000000c   Code   RO          457    .text.TIM23_IRQHandler  stm32h7xx_it.o
    0x0800ec0c   0x0800ec0c   0x00000004   PAD
    0x0800ec10   0x0800ec10   0x0000000c   Code   RO          439    .text.TIM2_IRQHandler  stm32h7xx_it.o
    0x0800ec1c   0x0800ec1c   0x00000004   PAD
    0x0800ec20   0x0800ec20   0x0000000c   Code   RO          447    .text.TIM6_DAC_IRQHandler  stm32h7xx_it.o
    0x0800ec2c   0x0800ec2c   0x00000004   PAD
    0x0800ec30   0x0800ec30   0x0000000c   Code   RO          449    .text.TIM7_IRQHandler  stm32h7xx_it.o
    0x0800ec3c   0x0800ec3c   0x00000004   PAD
    0x0800ec40   0x0800ec40   0x00000178   Code   RO         1019    .text.TIM_Base_SetConfig  stm32h7xx_hal_tim.o
    0x0800edb8   0x0800edb8   0x00000016   Code   RO         3248    .text.TimerCallback  cmsis_os2.o
    0x0800edce   0x0800edce   0x00000002   PAD
    0x0800edd0   0x0800edd0   0x0000000c   Code   RO          445    .text.UART5_IRQHandler  stm32h7xx_it.o
    0x0800eddc   0x0800eddc   0x00000004   PAD
    0x0800ede0   0x0800ede0   0x000000e0   Code   RO         2521    .text.UART_AdvFeatureConfig  stm32h7xx_hal_uart.o
    0x0800eec0   0x0800eec0   0x0000016e   Code   RO         2525    .text.UART_CheckIdleState  stm32h7xx_hal_uart.o
    0x0800f02e   0x0800f02e   0x00000002   PAD
    0x0800f030   0x0800f030   0x0000000c   Code   RO         2603    .text.UART_DMAAbortOnError  stm32h7xx_hal_uart.o
    0x0800f03c   0x0800f03c   0x00000004   PAD
    0x0800f040   0x0800f040   0x000001c4   Code   RO         2643    .text.UART_RxISR_16BIT  stm32h7xx_hal_uart.o
    0x0800f204   0x0800f204   0x00000004   PAD
    0x0800f208   0x0800f208   0x0000033a   Code   RO         2639    .text.UART_RxISR_16BIT_FIFOEN  stm32h7xx_hal_uart.o
    0x0800f542   0x0800f542   0x00000006   PAD
    0x0800f548   0x0800f548   0x000001c8   Code   RO         2645    .text.UART_RxISR_8BIT  stm32h7xx_hal_uart.o
    0x0800f710   0x0800f710   0x0000033e   Code   RO         2641    .text.UART_RxISR_8BIT_FIFOEN  stm32h7xx_hal_uart.o
    0x0800fa4e   0x0800fa4e   0x00000002   PAD
    0x0800fa50   0x0800fa50   0x000004a0   Code   RO         2523    .text.UART_SetConfig  stm32h7xx_hal_uart.o
    0x0800fef0   0x0800fef0   0x00000274   Code   RO         2555    .text.UART_Start_Receive_IT  stm32h7xx_hal_uart.o
    0x08010164   0x08010164   0x00000004   PAD
    0x08010168   0x08010168   0x00000358   Code   RO         2539    .text.UART_WaitOnFlagUntilTimeout  stm32h7xx_hal_uart.o
    0x080104c0   0x080104c0   0x0000000c   Code   RO          441    .text.USART1_IRQHandler  stm32h7xx_it.o
    0x080104cc   0x080104cc   0x00000004   PAD
    0x080104d0   0x080104d0   0x00000002   Code   RO          427    .text.UsageFault_Handler  stm32h7xx_it.o
    0x080104d2   0x080104d2   0x00000006   PAD
    0x080104d8   0x080104d8   0x000001f8   Code   RO         3407    .text._PrintInt     segger_rtt_printf.o
    0x080106d0   0x080106d0   0x000001f8   Code   RO         3409    .text._PrintUnsigned  segger_rtt_printf.o
    0x080108c8   0x080108c8   0x0000000c   Code   RO          285    .text.app_I2C_start  i2c.o
    0x080108d4   0x080108d4   0x00000004   PAD
    0x080108d8   0x080108d8   0x0000006c   Code   RO           56    .text.app_IO_key_scan  gpio.o
    0x08010944   0x08010944   0x00000004   PAD
    0x08010948   0x08010948   0x00000104   Code   RO          786    .text.app_RF24_key_scan  drv_rf24l01.o
    0x08010a4c   0x08010a4c   0x00000004   PAD
    0x08010a50   0x08010a50   0x0000003e   Code   RO          400    .text.app_air_pum_pwm_set  tim.o
    0x08010a8e   0x08010a8e   0x00000002   PAD
    0x08010a90   0x08010a90   0x0000003a   Code   RO           32    .text.app_air_pump_switch  gpio.o
    0x08010aca   0x08010aca   0x00000006   PAD
    0x08010ad0   0x08010ad0   0x0000003e   Code   RO          396    .text.app_auxiliary_bulb_pwm  tim.o
    0x08010b0e   0x08010b0e   0x00000002   PAD
    0x08010b10   0x08010b10   0x0000005c   Code   RO          898    .text.app_beep_pwm  buzz_bsp.o
    0x08010b6c   0x08010b6c   0x00000004   PAD
    0x08010b70   0x08010b70   0x0000022a   Code   RO          123    .text.app_buzz_music  freertos.o
    0x08010d9a   0x08010d9a   0x00000006   PAD
    0x08010da0   0x08010da0   0x000001a4   Code   RO           46    .text.app_circle_water_PTC_manage  gpio.o
    0x08010f44   0x08010f44   0x00000004   PAD
    0x08010f48   0x08010f48   0x00000018   Code   RO           34    .text.app_circle_water_pump_switch  gpio.o
    0x08010f60   0x08010f60   0x0000003a   Code   RO           48    .text.app_deflate_air_solenoid  gpio.o
    0x08010f9a   0x08010f9a   0x00000006   PAD
    0x08010fa0   0x08010fa0   0x00000014   Code   RO          869    .text.app_fan_feed_count  fan_bsp.o
    0x08010fb4   0x08010fb4   0x00000004   PAD
    0x08010fb8   0x08010fb8   0x00000020   Code   RO          887    .text.app_fan_manage  fan_bsp.o
    0x08010fd8   0x08010fd8   0x0000003a   Code   RO          398    .text.app_fan_pwm_set  tim.o
    0x08011012   0x08011012   0x00000006   PAD
    0x08011018   0x08011018   0x00000250   Code   RO          820    .text.app_ge2117_gp_ctr  ge2117_gp_bsp.o
    0x08011268   0x08011268   0x000003f4   Code   RO          802    .text.app_ge2117_receive_data_handle  ge2117_gp_bsp.o
    0x0801165c   0x0801165c   0x00000004   PAD
    0x08011660   0x08011660   0x00000392   Code   RO          812    .text.app_ge_read_req_frame  ge2117_gp_bsp.o
    0x080119f2   0x080119f2   0x00000006   PAD
    0x080119f8   0x080119f8   0x00000438   Code   RO          810    .text.app_ge_write_req_frame  ge2117_gp_bsp.o
    0x08011e30   0x08011e30   0x000001d8   Code   RO          217    .text.app_get_adc_value  adc.o
    0x08012008   0x08012008   0x00000082   Code   RO          127    .text.app_get_cali_devid  freertos.o
    0x0801208a   0x0801208a   0x00000006   PAD
    0x08012090   0x08012090   0x0000001a   Code   RO           44    .text.app_get_cool_water_depth  gpio.o
    0x080120aa   0x080120aa   0x00000006   PAD
    0x080120b0   0x080120b0   0x000000b2   Code   RO           58    .text.app_get_io_status  gpio.o
    0x08012162   0x08012162   0x00000006   PAD
    0x08012168   0x08012168   0x0000000c   Code   RO          679    .text.app_get_jdq_rs485_bus_statu  jdq_bsp.o
    0x08012174   0x08012174   0x00000004   PAD
    0x08012178   0x08012178   0x00000138   Code   RO          498    .text.app_gzp6816d_listen  air_gzp6816d_bsp.o
    0x080122b0   0x080122b0   0x00000104   Code   RO          915    .text.app_hmi_report_status  user_can1.o
    0x080123b4   0x080123b4   0x00000004   PAD
    0x080123b8   0x080123b8   0x00000056   Code   RO          913    .text.app_hmi_sysnc_req  user_can1.o
    0x0801240e   0x0801240e   0x00000002   PAD
    0x08012410   0x08012410   0x000001d0   Code   RO          209    .text.app_in_energe_adc_value  adc.o
    0x080125e0   0x080125e0   0x0000007c   Code   RO          653    .text.app_jdq_bus_get_v_c_req  jdq_bsp.o
    0x0801265c   0x0801265c   0x00000004   PAD
    0x08012660   0x08012660   0x00000090   Code   RO          663    .text.app_jdq_bus_power_on_off  jdq_bsp.o
    0x080126f0   0x080126f0   0x000000d0   Code   RO          649    .text.app_jdq_bus_vol_current_set  jdq_bsp.o
    0x080127c0   0x080127c0   0x0000000e   Code   RO          659    .text.app_jdq_clear_pwr_sta  jdq_bsp.o
    0x080127ce   0x080127ce   0x00000002   PAD
    0x080127d0   0x080127d0   0x0000000c   Code   RO          651    .text.app_jdq_get_set_vbus  jdq_bsp.o
    0x080127dc   0x080127dc   0x00000004   PAD
    0x080127e0   0x080127e0   0x0000000c   Code   RO          657    .text.app_jdq_gwb_pwr_flag  jdq_bsp.o
    0x080127ec   0x080127ec   0x00000004   PAD
    0x080127f0   0x080127f0   0x00000152   Code   RO          645    .text.app_jdq_rs485_check_gwb3200_rec_package  jdq_bsp.o
    0x08012942   0x08012942   0x00000006   PAD
    0x08012948   0x08012948   0x0000003a   Code   RO          677    .text.app_jdq_rs485_receive_data  jdq_bsp.o
    0x08012982   0x08012982   0x00000006   PAD
    0x08012988   0x08012988   0x000000e4   Code   RO          673    .text.app_jdq_voltage_monitor  jdq_bsp.o
    0x08012a6c   0x08012a6c   0x00000004   PAD
    0x08012a70   0x08012a70   0x00000058   Code   RO           52    .text.app_key_value_analysis  gpio.o
    0x08012ac8   0x08012ac8   0x0000000e   Code   RO          131    .text.app_laser_preapare_semo  freertos.o
    0x08012ad6   0x08012ad6   0x00000002   PAD
    0x08012ad8   0x08012ad8   0x00000140   Code   RO          671    .text.app_laser_pulse_start  jdq_bsp.o
    0x08012c18   0x08012c18   0x00000016   Code   RO           38    .text.app_lcd_power_12V_switch  gpio.o
    0x08012c2e   0x08012c2e   0x00000002   PAD
    0x08012c30   0x08012c30   0x00000018   Code   RO           36    .text.app_mcu_power_switch  gpio.o
    0x08012c48   0x08012c48   0x00000018   Code   RO           40    .text.app_opa_gain_control_switch  gpio.o
    0x08012c60   0x08012c60   0x0000000c   Code   RO          836    .text.app_owb_get_receive_pack_len  one_wire_bus.o
    0x08012c6c   0x08012c6c   0x00000004   PAD
    0x08012c70   0x08012c70   0x000000f6   Code   RO           54    .text.app_owb_key_scan  gpio.o
    0x08012d66   0x08012d66   0x00000002   PAD
    0x08012d68   0x08012d68   0x00000040   Code   RO          838    .text.app_owb_receive_handle  one_wire_bus.o
    0x08012da8   0x08012da8   0x0000001a   Code   RO           50    .text.app_remote_key_sta  gpio.o
    0x08012dc2   0x08012dc2   0x00000006   PAD
    0x08012dc8   0x08012dc8   0x0000002e   Code   RO          545    .text.app_rgb_breath_ctl  is31fl3193_bsp.o
    0x08012df6   0x08012df6   0x00000002   PAD
    0x08012df8   0x08012df8   0x000001be   Code   RO          643    .text.app_rs485_package_check  jdq_bsp.o
    0x08012fb6   0x08012fb6   0x00000002   PAD
    0x08012fb8   0x08012fb8   0x00000194   Code   RO          129    .text.app_set_default_sys_config_param  freertos.o
    0x0801314c   0x0801314c   0x00000004   PAD
    0x08013150   0x08013150   0x00000050   Code   RO          201    .text.app_start_multi_channel_adc  adc.o
    0x080131a0   0x080131a0   0x00000086   Code   RO          596    .text.app_steps_pulse  tmc2226_step_bsp.o
    0x08013226   0x08013226   0x00000002   PAD
    0x08013228   0x08013228   0x00000260   Code   RO          113    .text.app_sys_genaration_status_manage  freertos.o
    0x08013488   0x08013488   0x000003e8   Code   RO          105    .text.app_sys_param_load  freertos.o
    0x08013870   0x08013870   0x0000007e   Code   RO          133    .text.app_t_clean_run_timer  freertos.o
    0x080138ee   0x080138ee   0x00000002   PAD
    0x080138f0   0x080138f0   0x000000f4   Code   RO           83    .text.auxTask02     freertos.o
    0x080139e4   0x080139e4   0x00000004   PAD
    0x080139e8   0x080139e8   0x00000018   Code   RO          875    .text.cacul_fan_freq  fan_bsp.o
    0x08013a00   0x08013a00   0x0000015a   Code   RO           93    .text.canReceiveTask07  freertos.o
    0x08013b5a   0x08013b5a   0x00000006   PAD
    0x08013b60   0x08013b60   0x00000004   Code   RO           75    .text.cleanWaterCallback02  freertos.o
    0x08013b64   0x08013b64   0x00000004   PAD
    0x08013b68   0x08013b68   0x0000005e   Code   RO          947    .text.compare_buff_no_change  common_function.o
    0x08013bc6   0x08013bc6   0x00000002   PAD
    0x08013bc8   0x08013bc8   0x00000148   Code   RO          953    .text.crc16Num      common_function.o
    0x08013d10   0x08013d10   0x0000014a   Code   RO          949    .text.crc32_MPEG    common_function.o
    0x08013e5a   0x08013e5a   0x00000006   PAD
    0x08013e60   0x08013e60   0x0000008c   Code   RO          943    .text.delay_us      common_function.o
    0x08013eec   0x08013eec   0x00000004   PAD
    0x08013ef0   0x08013ef0   0x0000008c   Code   RO         3031    .text.eTaskGetState  tasks.o
    0x08013f7c   0x08013f7c   0x00000004   PAD
    0x08013f80   0x08013f80   0x0000000c   Code   RO          873    .text.fan_get_set_spd  fan_bsp.o
    0x08013f8c   0x08013f8c   0x00000004   PAD
    0x08013f90   0x08013f90   0x0000004a   Code   RO          885    .text.fan_init      fan_bsp.o
    0x08013fda   0x08013fda   0x00000006   PAD
    0x08013fe0   0x08013fe0   0x0000009a   Code   RO          877    .text.fan_spd_pid   fan_bsp.o
    0x0801407a   0x0801407a   0x00000006   PAD
    0x08014080   0x08014080   0x00000036   Code   RO          879    .text.fan_spd_set   fan_bsp.o
    0x080140b6   0x080140b6   0x00000002   PAD
    0x080140b8   0x080140b8   0x00000032   Code   RO          883    .text.fan_start     fan_bsp.o
    0x080140ea   0x080140ea   0x00000006   PAD
    0x080140f0   0x080140f0   0x000001b4   Code   RO           89    .text.fastAuxTask05  freertos.o
    0x080142a4   0x080142a4   0x00000004   PAD
    0x080142a8   0x080142a8   0x00000110   Code   RO           99    .text.ge2117ManageTask10  freertos.o
    0x080143b8   0x080143b8   0x0000007a   Code   RO          804    .text.ge2117_UART_Init  ge2117_gp_bsp.o
    0x08014432   0x08014432   0x00000006   PAD
    0x08014438   0x08014438   0x0000003a   Code   RO          814    .text.ge2117_start_up_set  ge2117_gp_bsp.o
    0x08014472   0x08014472   0x00000006   PAD
    0x08014478   0x08014478   0x00000108   Code   RO           91    .text.hmiAppTask06  freertos.o
    0x08014580   0x08014580   0x00000208   Code   RO          561    .text.is_12_all_gLED  is31fl3193_bsp.o
    0x08014788   0x08014788   0x00000310   Code   RO          543    .text.is_12_all_rgb  is31fl3193_bsp.o
    0x08014a98   0x08014a98   0x00000114   Code   RO          103    .text.jdqGWB3200wTask12  freertos.o
    0x08014bac   0x08014bac   0x00000004   PAD
    0x08014bb0   0x08014bb0   0x0000002c   Code   RO           79    .text.jdqHeart100msCallback04  freertos.o
    0x08014bdc   0x08014bdc   0x00000004   PAD
    0x08014be0   0x08014be0   0x00000056   Code   RO          627    .text.jdq_init      jdq_bsp.o
    0x08014c36   0x08014c36   0x00000002   PAD
    0x08014c38   0x08014c38   0x00000018   Code   RO          623    .text.jdq_reley_charge  jdq_bsp.o
    0x08014c50   0x08014c50   0x00000018   Code   RO          625    .text.jdq_reley_internal_load  jdq_bsp.o
    0x08014c68   0x08014c68   0x0000001c   Code   RO          933    .text.kalman_filter_init  common_function.o
    0x08014c84   0x08014c84   0x00000004   PAD
    0x08014c88   0x08014c88   0x00000042   Code   RO          935    .text.kalman_filter_update  common_function.o
    0x08014cca   0x08014cca   0x00000006   PAD
    0x08014cd0   0x08014cd0   0x0000010c   Code   RO           85    .text.keyScanTask03  freertos.o
    0x08014ddc   0x08014ddc   0x00000004   PAD
    0x08014de0   0x08014de0   0x000005bc   Code   RO           97    .text.laserProhotTask09  freertos.o
    0x0801539c   0x0801539c   0x00000004   PAD
    0x080153a0   0x080153a0   0x0000082c   Code   RO           87    .text.laserWorkTask04  freertos.o
    0x08015bcc   0x08015bcc   0x00000004   PAD
    0x08015bd0   0x08015bd0   0x00000264   Code   RO           11    .text.main          main.o
    0x08015e34   0x08015e34   0x00000004   PAD
    0x08015e38   0x08015e38   0x00000094   Code   RO          937    .text.match_max     common_function.o
    0x08015ecc   0x08015ecc   0x00000004   PAD
    0x08015ed0   0x08015ed0   0x00000068   Code   RO          859    .text.max_31865_pt1000  max31865atp_bsp.o
    0x08015f38   0x08015f38   0x00000034   Code   RO          101    .text.musicTask11   freertos.o
    0x08015f6c   0x08015f6c   0x00000004   PAD
    0x08015f70   0x08015f70   0x0000000e   Code   RO          834    .text.one_wire_bus_init  one_wire_bus.o
    0x08015f7e   0x08015f7e   0x00000002   PAD
    0x08015f80   0x08015f80   0x00000020   Code   RO         3242    .text.osDelay       cmsis_os2.o
    0x08015fa0   0x08015fa0   0x0000003c   Code   RO         3264    .text.osEventFlagsClear  cmsis_os2.o
    0x08015fdc   0x08015fdc   0x00000004   PAD
    0x08015fe0   0x08015fe0   0x00000016   Code   RO         3266    .text.osEventFlagsGet  cmsis_os2.o
    0x08015ff6   0x08015ff6   0x00000002   PAD
    0x08015ff8   0x08015ff8   0x00000024   Code   RO         3260    .text.osEventFlagsNew  cmsis_os2.o
    0x0801601c   0x0801601c   0x00000004   PAD
    0x08016020   0x08016020   0x0000005e   Code   RO         3262    .text.osEventFlagsSet  cmsis_os2.o
    0x0801607e   0x0801607e   0x00000002   PAD
    0x08016080   0x08016080   0x00000060   Code   RO         3268    .text.osEventFlagsWait  cmsis_os2.o
    0x080160e0   0x080160e0   0x00000010   Code   RO         3198    .text.osKernelGetTickCount  cmsis_os2.o
    0x080160f0   0x080160f0   0x0000002a   Code   RO         3184    .text.osKernelInitialize  cmsis_os2.o
    0x0801611a   0x0801611a   0x00000006   PAD
    0x08016120   0x08016120   0x0000003e   Code   RO         3190    .text.osKernelStart  cmsis_os2.o
    0x0801615e   0x0801615e   0x00000002   PAD
    0x08016160   0x08016160   0x00000090   Code   RO         3296    .text.osMessageQueueGet  cmsis_os2.o
    0x080161f0   0x080161f0   0x0000009a   Code   RO         3292    .text.osMessageQueueNew  cmsis_os2.o
    0x0801628a   0x0801628a   0x00000006   PAD
    0x08016290   0x08016290   0x00000090   Code   RO         3294    .text.osMessageQueuePut  cmsis_os2.o
    0x08016320   0x08016320   0x0000006c   Code   RO         3284    .text.osSemaphoreAcquire  cmsis_os2.o
    0x0801638c   0x0801638c   0x00000004   PAD
    0x08016390   0x08016390   0x000000b6   Code   RO         3282    .text.osSemaphoreNew  cmsis_os2.o
    0x08016446   0x08016446   0x00000002   PAD
    0x08016448   0x08016448   0x00000064   Code   RO         3286    .text.osSemaphoreRelease  cmsis_os2.o
    0x080164ac   0x080164ac   0x00000004   PAD
    0x080164b0   0x080164b0   0x00000094   Code   RO         3206    .text.osThreadNew   cmsis_os2.o
    0x08016544   0x08016544   0x00000004   PAD
    0x08016548   0x08016548   0x00000036   Code   RO         3228    .text.osThreadTerminate  cmsis_os2.o
    0x0801657e   0x0801657e   0x00000002   PAD
    0x08016580   0x08016580   0x0000008a   Code   RO         3246    .text.osTimerNew    cmsis_os2.o
    0x0801660a   0x0801660a   0x00000006   PAD
    0x08016610   0x08016610   0x0000003a   Code   RO         3252    .text.osTimerStart  cmsis_os2.o
    0x0801664a   0x0801664a   0x00000006   PAD
    0x08016650   0x08016650   0x00000048   Code   RO         3254    .text.osTimerStop   cmsis_os2.o
    0x08016698   0x08016698   0x000000b8   Code   RO          840    .text.owb_dq_edge_callback  one_wire_bus.o
    0x08016750   0x08016750   0x000000b4   Code   RO          842    .text.owb_tim_callback  one_wire_bus.o
    0x08016804   0x08016804   0x00000004   PAD
    0x08016808   0x08016808   0x00000114   Code   RO           95    .text.powerOffTask08  freertos.o
    0x0801691c   0x0801691c   0x00000004   PAD
    0x08016920   0x08016920   0x0000028a   Code   RO         3017    .text.prvAddNewTaskToReadyList  tasks.o
    0x08016baa   0x08016baa   0x00000006   PAD
    0x08016bb0   0x08016bb0   0x0000008a   Code   RO         3049    .text.prvIdleTask   tasks.o
    0x08016c3a   0x08016c3a   0x00000006   PAD
    0x08016c40   0x08016c40   0x00000102   Code   RO         3015    .text.prvInitialiseNewTask  tasks.o
    0x08016d42   0x08016d42   0x00000006   PAD
    0x08016d48   0x08016d48   0x000000ae   Code   RO         3138    .text.prvInitialiseNewTimer  timers.o
    0x08016df6   0x08016df6   0x00000002   PAD
    0x08016df8   0x08016df8   0x00000028   Code   RO         3381    .text.prvPortStartFirstTask  port.o
    0x08016e20   0x08016e20   0x00000040   Code   RO         3371    .text.prvTaskExitError  port.o
    0x08016e60   0x08016e60   0x0000037a   Code   RO         3134    .text.prvTimerTask  timers.o
    0x080171da   0x080171da   0x00000006   PAD
    0x080171e0   0x080171e0   0x0000007a   Code   RO         2916    .text.prvUnlockQueue  queue.o
    0x0801725a   0x0801725a   0x00000006   PAD
    0x08017260   0x08017260   0x00000034   Code   RO          203    .text.pulse_adc_start  adc.o
    0x08017294   0x08017294   0x00000004   PAD
    0x08017298   0x08017298   0x000001f0   Code   RO         3347    .text.pvPortMalloc  heap_4.o
    0x08017488   0x08017488   0x00000018   Code   RO         3105    .text.pvTaskIncrementMutexHeldCount  tasks.o
    0x080174a0   0x080174a0   0x00000026   Code   RO         3158    .text.pvTimerGetTimerID  timers.o
    0x080174c6   0x080174c6   0x00000002   PAD
    0x080174c8   0x080174c8   0x0000002c   Code   RO         3369    .text.pxPortInitialiseStack  port.o
    0x080174f4   0x080174f4   0x00000004   PAD
    0x080174f8   0x080174f8   0x00000024   Code   RO          541    .text.rgb_color_all  is31fl3193_bsp.o
    0x0801751c   0x0801751c   0x00000004   PAD
    0x08017520   0x08017520   0x00000090   Code   RO          951    .text.sumCheck      common_function.o
    0x080175b0   0x080175b0   0x00000040   Code   RO          366    .text.tim_triger_ad  tim.o
    0x080175f0   0x080175f0   0x00000058   Code   RO          590    .text.tmc2226_init  tmc2226_step_bsp.o
    0x08017648   0x08017648   0x000000fa   Code   RO          598    .text.tmc2226_start  tmc2226_step_bsp.o
    0x08017742   0x08017742   0x00000006   PAD
    0x08017748   0x08017748   0x00000036   Code   RO          592    .text.tmc2226_stop  tmc2226_step_bsp.o
    0x0801777e   0x0801777e   0x00000002   PAD
    0x08017780   0x08017780   0x00000004   Code   RO           77    .text.tmcMaxRunTimesCallback03  freertos.o
    0x08017784   0x08017784   0x00000004   PAD
    0x08017788   0x08017788   0x00000022   Code   RO         2880    .text.uxListRemove  list.o
    0x080177aa   0x080177aa   0x00000006   PAD
    0x080177b0   0x080177b0   0x0000001a   Code   RO         3103    .text.uxTaskResetEventItemValue  tasks.o
    0x080177ca   0x080177ca   0x00000006   PAD
    0x080177d0   0x080177d0   0x0000001a   Code   RO         3330    .text.vApplicationGetIdleTaskMemory  cmsis_os2.o
    0x080177ea   0x080177ea   0x00000006   PAD
    0x080177f0   0x080177f0   0x0000001c   Code   RO         3332    .text.vApplicationGetTimerTaskMemory  cmsis_os2.o
    0x0801780c   0x0801780c   0x00000004   PAD
    0x08017810   0x08017810   0x0000000c   Code   RO           69    .text.vApplicationIdleHook  freertos.o
    0x0801781c   0x0801781c   0x00000004   PAD
    0x08017820   0x08017820   0x00000048   Code   RO         2850    .text.vEventGroupClearBitsCallback  event_groups.o
    0x08017868   0x08017868   0x00000004   Code   RO         2856    .text.vEventGroupSetBitsCallback  event_groups.o
    0x0801786c   0x0801786c   0x00000004   PAD
    0x08017870   0x08017870   0x00000016   Code   RO         2872    .text.vListInitialise  list.o
    0x08017886   0x08017886   0x00000002   PAD
    0x08017888   0x08017888   0x00000006   Code   RO         2874    .text.vListInitialiseItem  list.o
    0x0801788e   0x0801788e   0x00000002   PAD
    0x08017890   0x08017890   0x00000062   Code   RO         2878    .text.vListInsert   list.o
    0x080178f2   0x080178f2   0x00000006   PAD
    0x080178f8   0x080178f8   0x0000001a   Code   RO         2876    .text.vListInsertEnd  list.o
    0x08017912   0x08017912   0x00000006   PAD
    0x08017918   0x08017918   0x00000014   Code   RO         3379    .text.vPortEnableVFP  port.o
    0x0801792c   0x0801792c   0x00000004   PAD
    0x08017930   0x08017930   0x0000004a   Code   RO         3385    .text.vPortEnterCritical  port.o
    0x0801797a   0x0801797a   0x00000006   PAD
    0x08017980   0x08017980   0x0000002e   Code   RO         3387    .text.vPortExitCritical  port.o
    0x080179ae   0x080179ae   0x00000002   PAD
    0x080179b0   0x080179b0   0x000000d4   Code   RO         3349    .text.vPortFree     heap_4.o
    0x08017a84   0x08017a84   0x00000004   PAD
    0x08017a88   0x08017a88   0x00000034   Code   RO         3377    .text.vPortSetupTimerInterrupt  port.o
    0x08017abc   0x08017abc   0x00000004   PAD
    0x08017ac0   0x08017ac0   0x0000005e   Code   RO         3393    .text.vPortValidateInterruptPriority  port.o
    0x08017b1e   0x08017b1e   0x00000002   PAD
    0x08017b20   0x08017b20   0x00000058   Code   RO         2950    .text.vQueueAddToRegistry  queue.o
    0x08017b78   0x08017b78   0x0000007e   Code   RO         2936    .text.vQueueDelete  queue.o
    0x08017bf6   0x08017bf6   0x00000002   PAD
    0x08017bf8   0x08017bf8   0x00000064   Code   RO         2954    .text.vQueueWaitForMessageRestricted  queue.o
    0x08017c5c   0x08017c5c   0x00000004   PAD
    0x08017c60   0x08017c60   0x00000080   Code   RO         3029    .text.vTaskDelay    tasks.o
    0x08017ce0   0x08017ce0   0x000000e2   Code   RO         3021    .text.vTaskDelete   tasks.o
    0x08017dc2   0x08017dc2   0x00000006   PAD
    0x08017dc8   0x08017dc8   0x00000012   Code   RO         3079    .text.vTaskInternalSetTimeOutState  tasks.o
    0x08017dda   0x08017dda   0x00000006   PAD
    0x08017de0   0x08017de0   0x0000000e   Code   RO         3083    .text.vTaskMissedYield  tasks.o
    0x08017dee   0x08017dee   0x00000002   PAD
    0x08017df0   0x08017df0   0x00000074   Code   RO         3067    .text.vTaskPlaceOnEventList  tasks.o
    0x08017e64   0x08017e64   0x00000004   PAD
    0x08017e68   0x08017e68   0x0000007a   Code   RO         3071    .text.vTaskPlaceOnEventListRestricted  tasks.o
    0x08017ee2   0x08017ee2   0x00000006   PAD
    0x08017ee8   0x08017ee8   0x00000094   Code   RO         3069    .text.vTaskPlaceOnUnorderedEventList  tasks.o
    0x08017f7c   0x08017f7c   0x00000004   PAD
    0x08017f80   0x08017f80   0x000000a4   Code   RO         3101    .text.vTaskPriorityDisinheritAfterTimeout  tasks.o
    0x08018024   0x08018024   0x00000004   PAD
    0x08018028   0x08018028   0x0000007e   Code   RO         3075    .text.vTaskRemoveFromUnorderedEventList  tasks.o
    0x080180a6   0x080180a6   0x00000002   PAD
    0x080180a8   0x080180a8   0x000000f0   Code   RO         3047    .text.vTaskStartScheduler  tasks.o
    0x08018198   0x08018198   0x00000010   Code   RO         3025    .text.vTaskSuspendAll  tasks.o
    0x080181a8   0x080181a8   0x000000c8   Code   RO         3041    .text.vTaskSwitchContext  tasks.o
    0x08018270   0x08018270   0x0000004a   Code   RO         2846    .text.xEventGroupClearBits  event_groups.o
    0x080182ba   0x080182ba   0x00000006   PAD
    0x080182c0   0x080182c0   0x00000014   Code   RO         2848    .text.xEventGroupClearBitsFromISR  event_groups.o
    0x080182d4   0x080182d4   0x00000004   PAD
    0x080182d8   0x080182d8   0x00000022   Code   RO         2838    .text.xEventGroupCreate  event_groups.o
    0x080182fa   0x080182fa   0x00000006   PAD
    0x08018300   0x08018300   0x0000004e   Code   RO         2836    .text.xEventGroupCreateStatic  event_groups.o
    0x0801834e   0x0801834e   0x00000002   PAD
    0x08018350   0x08018350   0x0000001c   Code   RO         2852    .text.xEventGroupGetBitsFromISR  event_groups.o
    0x0801836c   0x0801836c   0x00000004   PAD
    0x08018370   0x08018370   0x0000009e   Code   RO         2842    .text.xEventGroupSetBits  event_groups.o
    0x0801840e   0x0801840e   0x00000002   PAD
    0x08018410   0x08018410   0x00000014   Code   RO         2858    .text.xEventGroupSetBitsFromISR  event_groups.o
    0x08018424   0x08018424   0x00000004   PAD
    0x08018428   0x08018428   0x00000146   Code   RO         2844    .text.xEventGroupWaitBits  event_groups.o
    0x0801856e   0x0801856e   0x00000002   PAD
    0x08018570   0x08018570   0x0000018a   Code   RO         3375    .text.xPortStartScheduler  port.o
    0x080186fa   0x080186fa   0x00000006   PAD
    0x08018700   0x08018700   0x0000002e   Code   RO         3391    .text.xPortSysTickHandler  port.o
    0x0801872e   0x0801872e   0x00000002   PAD
    0x08018730   0x08018730   0x00000096   Code   RO         2914    .text.xQueueCreateCountingSemaphore  queue.o
    0x080187c6   0x080187c6   0x00000002   PAD
    0x080187c8   0x080187c8   0x000000c2   Code   RO         2912    .text.xQueueCreateCountingSemaphoreStatic  queue.o
    0x0801888a   0x0801888a   0x00000006   PAD
    0x08018890   0x08018890   0x00000082   Code   RO         2894    .text.xQueueGenericCreate  queue.o
    0x08018912   0x08018912   0x00000006   PAD
    0x08018918   0x08018918   0x000000da   Code   RO         2892    .text.xQueueGenericCreateStatic  queue.o
    0x080189f2   0x080189f2   0x00000006   PAD
    0x080189f8   0x080189f8   0x000002c0   Code   RO         2906    .text.xQueueGenericSend  queue.o
    0x08018cb8   0x08018cb8   0x00000148   Code   RO         2918    .text.xQueueGenericSendFromISR  queue.o
    0x08018e00   0x08018e00   0x000000ba   Code   RO         2920    .text.xQueueGiveFromISR  queue.o
    0x08018eba   0x08018eba   0x00000006   PAD
    0x08018ec0   0x08018ec0   0x0000023e   Code   RO         2922    .text.xQueueReceive  queue.o
    0x080190fe   0x080190fe   0x00000002   PAD
    0x08019100   0x08019100   0x000000d6   Code   RO         2926    .text.xQueueReceiveFromISR  queue.o
    0x080191d6   0x080191d6   0x00000002   PAD
    0x080191d8   0x080191d8   0x0000028a   Code   RO         2910    .text.xQueueSemaphoreTake  queue.o
    0x08019462   0x08019462   0x00000006   PAD
    0x08019468   0x08019468   0x0000009a   Code   RO         3081    .text.xTaskCheckForTimeOut  tasks.o
    0x08019502   0x08019502   0x00000006   PAD
    0x08019508   0x08019508   0x00000060   Code   RO         3019    .text.xTaskCreate   tasks.o
    0x08019568   0x08019568   0x0000007a   Code   RO         3013    .text.xTaskCreateStatic  tasks.o
    0x080195e2   0x080195e2   0x00000006   PAD
    0x080195e8   0x080195e8   0x0000001c   Code   RO         3095    .text.xTaskGetSchedulerState  tasks.o
    0x08019604   0x08019604   0x00000004   PAD
    0x08019608   0x08019608   0x0000000c   Code   RO         3055    .text.xTaskGetTickCount  tasks.o
    0x08019614   0x08019614   0x00000004   PAD
    0x08019618   0x08019618   0x00000012   Code   RO         3057    .text.xTaskGetTickCountFromISR  tasks.o
    0x0801962a   0x0801962a   0x00000006   PAD
    0x08019630   0x08019630   0x00000104   Code   RO         3053    .text.xTaskIncrementTick  tasks.o
    0x08019734   0x08019734   0x00000004   PAD
    0x08019738   0x08019738   0x0000008e   Code   RO         3099    .text.xTaskPriorityDisinherit  tasks.o
    0x080197c6   0x080197c6   0x00000002   PAD
    0x080197c8   0x080197c8   0x00000090   Code   RO         3097    .text.xTaskPriorityInherit  tasks.o
    0x08019858   0x08019858   0x00000074   Code   RO         3073    .text.xTaskRemoveFromEventList  tasks.o
    0x080198cc   0x080198cc   0x00000004   PAD
    0x080198d0   0x080198d0   0x000000ee   Code   RO         3027    .text.xTaskResumeAll  tasks.o
    0x080199be   0x080199be   0x00000002   PAD
    0x080199c0   0x080199c0   0x00000038   Code   RO         3136    .text.xTimerCreate  timers.o
    0x080199f8   0x080199f8   0x00000052   Code   RO         3140    .text.xTimerCreateStatic  timers.o
    0x08019a4a   0x08019a4a   0x00000006   PAD
    0x08019a50   0x08019a50   0x000000b4   Code   RO         3132    .text.xTimerCreateTimerTask  timers.o
    0x08019b04   0x08019b04   0x00000004   PAD
    0x08019b08   0x08019b08   0x00000072   Code   RO         3142    .text.xTimerGenericCommand  timers.o
    0x08019b7a   0x08019b7a   0x00000006   PAD
    0x08019b80   0x08019b80   0x0000002e   Code   RO         3156    .text.xTimerIsTimerActive  timers.o
    0x08019bae   0x08019bae   0x00000002   PAD
    0x08019bb0   0x08019bb0   0x0000002c   Code   RO         3162    .text.xTimerPendFunctionCallFromISR  timers.o
    0x08019bdc   0x08019bdc   0x00000004   PAD
    0x08019be0   0x08019be0   0x00000224   Code   RO         3495    i.__hardfp_log      m_wv.l(log.o)
    0x08019e04   0x08019e04   0x00000070   Code   RO         3529    i.__kernel_poly     m_wv.l(poly.o)
    0x08019e74   0x08019e74   0x00000004   PAD
    0x08019e78   0x08019e78   0x00000018   Code   RO         3515    i.__mathlib_dbl_divzero  m_wv.l(dunder.o)
    0x08019e90   0x08019e90   0x00000006   Code   RO         3516    i.__mathlib_dbl_infnan  m_wv.l(dunder.o)
    0x08019e96   0x08019e96   0x00000002   PAD
    0x08019e98   0x08019e98   0x00000018   Code   RO         3518    i.__mathlib_dbl_invalid  m_wv.l(dunder.o)
    0x08019eb0   0x08019eb0   0x0000000e   Code   RO         3562    i.__scatterload_copy  mc_w.l(handlers.o)
    0x08019ebe   0x08019ebe   0x00000002   Code   RO         3563    i.__scatterload_null  mc_w.l(handlers.o)
    0x08019ec0   0x08019ec0   0x0000000e   Code   RO         3564    i.__scatterload_zeroinit  mc_w.l(handlers.o)
    0x08019ece   0x08019ece   0x00000002   PAD
    0x08019ed0   0x08019ed0   0x0000000c   Code   RO         3552    i.__set_errno       mc_w.l(errno.o)
    0x08019edc   0x08019edc   0x00000004   PAD
    0x08019ee0   0x08019ee0   0x00000038   Data   RO         3498    .constdata          m_wv.l(log.o)
    0x08019f18   0x08019f18   0x00000008   Data   RO         3531    .constdata          m_wv.l(qnan.o)
    0x08019f20   0x08019f20   0x0000004c   Data   RO         2495    .rodata..L__const.HAL_FDCAN_Init.CvtEltSize  stm32h7xx_hal_fdcan.o
    0x08019f6c   0x08019f6c   0x00000006   Data   RO         2652    .rodata..Lswitch.table.UART_SetConfig.7  stm32h7xx_hal_uart.o
    0x08019f72   0x08019f72   0x00000006   Data   RO         2653    .rodata..Lswitch.table.UART_SetConfig.9  stm32h7xx_hal_uart.o
    0x08019f78   0x08019f78   0x0000000c   Data   RO          684    .rodata..Lswitch.table.app_jdq_voltage_monitor  jdq_bsp.o
    0x08019f84   0x08019f84   0x00000010   Data   RO         2825    .rodata.D1CorePrescTable  system_stm32h7xx.o
    0x08019f94   0x08019f94   0x00000018   Data   RO         2651    .rodata.UARTPrescTable  stm32h7xx_hal_uart.o
    0x08019fac   0x08019fac   0x00000010   Data   RO          175    .rodata.aux1SHeartBinarySem06_attributes  freertos.o
    0x08019fbc   0x08019fbc   0x00000010   Data   RO          177    .rodata.auxStatusEvent01_attributes  freertos.o
    0x08019fcc   0x08019fcc   0x00000010   Data   RO          167    .rodata.cleanTimer02_attributes  freertos.o
    0x08019fdc   0x08019fdc   0x00000030   Data   RO         1235    .rodata.cst16       stm32h7xx_hal_tim.o
    0x0801a00c   0x0801a00c   0x00000010   Data   RO         2496    .rodata.cst16       stm32h7xx_hal_fdcan.o
    0x0801a01c   0x0801a01c   0x00000010   Data   RO         2694    .rodata.cst8        stm32h7xx_hal_uart_ex.o
    0x0801a02c   0x0801a02c   0x00000024   Data   RO          148    .rodata.defaultTask_attributes  freertos.o
    0x0801a050   0x0801a050   0x00000010   Data   RO          173    .rodata.hmiCanBusIdleSem06_attributes  freertos.o
    0x0801a060   0x0801a060   0x00000024   Data   RO          159    .rodata.jdqGWB3200wTask_attributes  freertos.o
    0x0801a084   0x0801a084   0x00000018   Data   RO          165    .rodata.jdqGwb3200CtrMessageQueue04_attributes  freertos.o
    0x0801a09c   0x0801a09c   0x00000010   Data   RO          174    .rodata.jdqHeart100msBinarySem05_attributes  freertos.o
    0x0801a0ac   0x0801a0ac   0x00000010   Data   RO          169    .rodata.jdqHeart100msTimer04_attributes  freertos.o
    0x0801a0bc   0x0801a0bc   0x00000070   Data   RO          683    .rodata.jdq_pulse_pro_timeUs  jdq_bsp.o
    0x0801a12c   0x0801a12c   0x00000018   Data   RO          162    .rodata.keyJTMessageQueue01_attributes  freertos.o
    0x0801a144   0x0801a144   0x00000010   Data   RO          172    .rodata.laserCloseSem05_attributes  freertos.o
    0x0801a154   0x0801a154   0x00000010   Data   RO          179    .rodata.laserEvent02_attributes  freertos.o
    0x0801a164   0x0801a164   0x00000010   Data   RO          171    .rodata.laserPrapareReqSem03_attributes  freertos.o
    0x0801a174   0x0801a174   0x00000010   Data   RO          166    .rodata.laserWorkTimer01_attributes  freertos.o
    0x0801a184   0x0801a184   0x00000018   Data   RO          161    .rodata.musicQueue03_attributes  freertos.o
    0x0801a19c   0x0801a19c   0x00000024   Data   RO          149    .rodata.myTask02_attributes  freertos.o
    0x0801a1c0   0x0801a1c0   0x00000024   Data   RO          150    .rodata.myTask03_attributes  freertos.o
    0x0801a1e4   0x0801a1e4   0x00000024   Data   RO          151    .rodata.myTask04_attributes  freertos.o
    0x0801a208   0x0801a208   0x00000024   Data   RO          152    .rodata.myTask05_attributes  freertos.o
    0x0801a22c   0x0801a22c   0x00000024   Data   RO          153    .rodata.myTask06_attributes  freertos.o
    0x0801a250   0x0801a250   0x00000024   Data   RO          154    .rodata.myTask07_attributes  freertos.o
    0x0801a274   0x0801a274   0x00000024   Data   RO          155    .rodata.myTask08_attributes  freertos.o
    0x0801a298   0x0801a298   0x00000024   Data   RO          156    .rodata.myTask09_attributes  freertos.o
    0x0801a2bc   0x0801a2bc   0x00000024   Data   RO          157    .rodata.myTask10_attributes  freertos.o
    0x0801a2e0   0x0801a2e0   0x00000024   Data   RO          158    .rodata.myTask11_attributes  freertos.o
    0x0801a304   0x0801a304   0x00000010   Data   RO          170    .rodata.powerOffBinarySem02_attributes  freertos.o
    0x0801a314   0x0801a314   0x00000018   Data   RO          160    .rodata.rgbQueue02_attributes  freertos.o
    0x0801a32c   0x0801a32c   0x00000a3a   Data   RO          147    .rodata.str1.1      freertos.o
    0x0801ad66   0x0801ad66   0x0000003d   Data   RO          261    .rodata.str1.1      fdcan.o
    0x0801ada3   0x0801ada3   0x00000020   Data   RO          571    .rodata.str1.1      is31fl3193_bsp.o
    0x0801adc3   0x0801adc3   0x00000005   Data   RO         3172    .rodata.str1.1      timers.o
    0x0801adc8   0x0801adc8   0x00000009   Data   RO         3485    .rodata.str1.1      segger_rtt.o
    0x0801add1   0x0801add1   0x00000003   PAD
    0x0801add4   0x0801add4   0x00000010   Data   RO          168    .rodata.tmcMaxRunTimer03_attributes  freertos.o
    0x0801ade4   0x0801ade4   0x00000030   Data   RO         3561    Region$$Table       anon$$obj.o


    Execution Region RW_IRAM1 (Exec base: 0x20000000, Load base: 0x0801ae14, Size: 0x00008000, Max: 0x00020000, ABSOLUTE)

    Exec Addr    Load Addr    Size         Type   Attr      Idx    E Section Name        Object

    0x20000000        -       0x00008000   Zero   RW         3359    .bss.ucHeap         heap_4.o


    Execution Region RW_IRAM2 (Exec base: 0x24000000, Load base: 0x0801ae18, Size: 0x00002c20, Max: 0x00020000, ABSOLUTE, COMPRESSED[0x00000140])

    Exec Addr    Load Addr    Size         Type   Attr      Idx    E Section Name        Object

    0x24000000   COMPRESSED   0x00000004   Data   RW         3553    .data               mc_w.l(errno.o)
    0x24000004   COMPRESSED   0x00000008   Data   RW         2090    .data..L_MergedGlobals  stm32h7xx_hal.o
    0x2400000c   COMPRESSED   0x00000008   Data   RW         2826    .data..L_MergedGlobals  system_stm32h7xx.o
    0x24000014   COMPRESSED   0x00000080   Data   RW          569    .data.PWM_64_table  is31fl3193_bsp.o
    0x24000094   COMPRESSED   0x00000061   Data   RW          903    .data.music_happy   buzz_bsp.o
    0x240000f5   COMPRESSED   0x00000055   Data   RW          901    .data.music_star    buzz_bsp.o
    0x2400014a   COMPRESSED   0x0000003a   Data   RW          900    .data.music_tab_c   buzz_bsp.o
    0x24000184   COMPRESSED   0x00000041   Data   RW          902    .data.music_two_tiger  buzz_bsp.o
    0x240001c5   COMPRESSED   0x00000001   PAD
    0x240001c6   COMPRESSED   0x00000002   Data   RW          224    .data.pulse_ad_count  adc.o
    0x240001c8   COMPRESSED   0x00000004   Data   RW         3395    .data.uxCriticalNesting  port.o
    0x240001cc   COMPRESSED   0x00000004   PAD
    0x240001d0        -       0x00000018   Zero   RW           60    .bss..L_MergedGlobals  gpio.o
    0x240001e8        -       0x00000078   Zero   RW          183    .bss..L_MergedGlobals  freertos.o
    0x24000260        -       0x00000050   Zero   RW          226    .bss..L_MergedGlobals  adc.o
    0x240002b0        -       0x0000000c   Zero   RW          500    .bss..L_MergedGlobals  air_gzp6816d_bsp.o
    0x240002bc        -       0x00000048   Zero   RW          573    .bss..L_MergedGlobals  is31fl3193_bsp.o
    0x24000304        -       0x00000005   Zero   RW          602    .bss..L_MergedGlobals  tmc2226_step_bsp.o
    0x24000309   COMPRESSED   0x00000003   PAD
    0x2400030c        -       0x0000000a   Zero   RW          685    .bss..L_MergedGlobals  jdq_bsp.o
    0x24000316   COMPRESSED   0x00000002   PAD
    0x24000318        -       0x0000000c   Zero   RW          793    .bss..L_MergedGlobals  drv_rf24l01.o
    0x24000324        -       0x00000066   Zero   RW          825    .bss..L_MergedGlobals  ge2117_gp_bsp.o
    0x2400038a   COMPRESSED   0x00000002   PAD
    0x2400038c        -       0x00000021   Zero   RW          844    .bss..L_MergedGlobals  one_wire_bus.o
    0x240003ad   COMPRESSED   0x00000001   PAD
    0x240003ae        -       0x0000000c   Zero   RW          889    .bss..L_MergedGlobals  fan_bsp.o
    0x240003ba   COMPRESSED   0x00000002   PAD
    0x240003bc        -       0x00000078   Zero   RW         3122    .bss..L_MergedGlobals  tasks.o
    0x24000434        -       0x0000003c   Zero   RW         3173    .bss..L_MergedGlobals  timers.o
    0x24000470        -       0x00000020   Zero   RW         3360    .bss..L_MergedGlobals  heap_4.o
    0x24000490        -       0x00000008   Zero   RW         3396    .bss..L_MergedGlobals  port.o
    0x24000498        -       0x00000011   Zero   RW         3487    .bss..L_MergedGlobals  segger_rtt.o
    0x240004a9   COMPRESSED   0x00000003   PAD
    0x240004ac        -       0x0000006c   Zero   RW          184    .bss..L_MergedGlobals.133  freertos.o
    0x24000518        -       0x00000028   Zero   RW         3123    .bss..L_MergedGlobals.2  tasks.o
    0x24000540        -       0x00000004   Zero   RW         3334    .bss.KernelState    cmsis_os2.o
    0x24000544        -       0x00000002   Zero   RW          792    .bss.NRF24L01_RxPacket.l_100MsTimes  drv_rf24l01.o
    0x24000546   COMPRESSED   0x00000002   PAD
    0x24000548        -       0x00000028   Zero   RW          262    .bss.RxHeader       fdcan.o
    0x24000570        -       0x00000081   Zero   RW          681    .bss.UART1_RX_BUFF  jdq_bsp.o
    0x240005f1        -       0x00000081   Zero   RW          682    .bss.UART1_TX_BUFF  jdq_bsp.o
    0x24000672        -       0x00000040   Zero   RW          824    .bss.UART_GE_TX_BUFF  ge2117_gp_bsp.o
    0x240006b2   COMPRESSED   0x00000002   PAD
    0x240006b4        -       0x000000a8   Zero   RW         3483    .bss._SEGGER_RTT    segger_rtt.o
    0x2400075c        -       0x00000400   Zero   RW         3486    .bss._acUpBuffer    segger_rtt.o
    0x24000b5c        -       0x000001b8   Zero   RW          225    .bss.ad2Buff        adc.o
    0x24000d14        -       0x00000140   Zero   RW          223    .bss.adBuff         adc.o
    0x24000e54        -       0x00000020   Zero   RW          176    .bss.auxStatusEvent01ControlBlock  freertos.o
    0x24000e74        -       0x00000070   Zero   RW          219    .bss.hadc1          adc.o
    0x24000ee4        -       0x00000070   Zero   RW          220    .bss.hadc2          adc.o
    0x24000f54        -       0x00000078   Zero   RW          221    .bss.hdma_adc1      adc.o
    0x24000fcc        -       0x00000078   Zero   RW          222    .bss.hdma_adc2      adc.o
    0x24001044        -       0x000000a0   Zero   RW          260    .bss.hfdcan1        fdcan.o
    0x240010e4        -       0x00000054   Zero   RW          291    .bss.hi2c1          i2c.o
    0x24001138        -       0x00000054   Zero   RW          292    .bss.hi2c2          i2c.o
    0x2400118c        -       0x00000054   Zero   RW          293    .bss.hi2c3          i2c.o
    0x240011e0        -       0x00000054   Zero   RW          294    .bss.hi2c5          i2c.o
    0x24001234        -       0x00000010   Zero   RW          305    .bss.hiwdg1         iwdg.o
    0x24001244        -       0x00000094   Zero   RW          330    .bss.hlpuart1       usart.o
    0x240012d8        -       0x00000088   Zero   RW          355    .bss.hspi1          spi.o
    0x24001360        -       0x00000088   Zero   RW          356    .bss.hspi4          spi.o
    0x240013e8        -       0x00000088   Zero   RW          357    .bss.hspi6          spi.o
    0x24001470        -       0x0000004c   Zero   RW          402    .bss.htim1          tim.o
    0x240014bc        -       0x0000004c   Zero   RW          407    .bss.htim15         tim.o
    0x24001508        -       0x0000004c   Zero   RW          408    .bss.htim16         tim.o
    0x24001554        -       0x0000004c   Zero   RW          409    .bss.htim17         tim.o
    0x240015a0        -       0x0000004c   Zero   RW          403    .bss.htim2          tim.o
    0x240015ec        -       0x0000004c   Zero   RW          410    .bss.htim23         tim.o
    0x24001638        -       0x0000004c   Zero   RW          404    .bss.htim3          tim.o
    0x24001684        -       0x0000004c   Zero   RW          481    .bss.htim6          stm32h7xx_hal_timebase_tim.o
    0x240016d0        -       0x0000004c   Zero   RW          405    .bss.htim7          tim.o
    0x2400171c        -       0x0000004c   Zero   RW          406    .bss.htim8          tim.o
    0x24001768        -       0x00000094   Zero   RW          333    .bss.huart1         usart.o
    0x240017fc        -       0x00000094   Zero   RW          332    .bss.huart5         usart.o
    0x24001890        -       0x00000018   Zero   RW          164    .bss.jdqGwb3200CtrMessageQueue04Buffer  freertos.o
    0x240018a8        -       0x00000050   Zero   RW          163    .bss.jdqGwb3200CtrMessageQueue04ControlBlock  freertos.o
    0x240018f8        -       0x00000020   Zero   RW          178    .bss.laserEvent02ControlBlock  freertos.o
    0x24001918        -       0x00000001   Zero   RW          334    .bss.lp_rec_byte    usart.o
    0x24001919        -       0x00000100   Zero   RW          331    .bss.lpuart1_rx_data  usart.o
    0x24001a19        -       0x000000a0   Zero   RW         3171    .bss.prvCheckForValidListAndQueue.ucStaticTimerQueueStorage  timers.o
    0x24001ab9   COMPRESSED   0x00000003   PAD
    0x24001abc        -       0x00000050   Zero   RW         3170    .bss.prvCheckForValidListAndQueue.xStaticTimerQueue  timers.o
    0x24001b0c        -       0x00000460   Zero   RW         3121    .bss.pxReadyTasksLists  tasks.o
    0x24001f6c        -       0x000000db   Zero   RW          181    .bss.u_sys_default_param  freertos.o
    0x24002047   COMPRESSED   0x00000001   PAD
    0x24002048        -       0x000000db   Zero   RW          180    .bss.u_sys_param    freertos.o
    0x24002123   COMPRESSED   0x00000001   PAD
    0x24002124        -       0x00000004   Zero   RW         2089    .bss.uwTick         stm32h7xx_hal.o
    0x24002128        -       0x00000200   Zero   RW         3336    .bss.vApplicationGetIdleTaskMemory.Idle_Stack  cmsis_os2.o
    0x24002328        -       0x0000005c   Zero   RW         3335    .bss.vApplicationGetIdleTaskMemory.Idle_TCB  cmsis_os2.o
    0x24002384        -       0x00000400   Zero   RW         3338    .bss.vApplicationGetTimerTaskMemory.Timer_Stack  cmsis_os2.o
    0x24002784        -       0x0000005c   Zero   RW         3337    .bss.vApplicationGetTimerTaskMemory.Timer_TCB  cmsis_os2.o
    0x240027e0        -       0x00000040   Zero   RW         2956    .bss.xQueueRegistry  queue.o
    0x24002820        -       0x00000400   Zero   RW            1    STACK               startup_stm32h723xx.o


==============================================================================

Image component sizes


      Code (inc. data)   RO Data    RW Data    ZI Data      Debug   Object Name

      2430        128          0          2       1304      20984   adc.o
       684         80          0          0         12       4454   air_gzp6816d_bsp.o
        92          0          0        305          0       4829   buzz_bsp.o
      1868          0          0          0       1724      45435   cmsis_os2.o
      1316          0          0          0          0       8434   common_function.o
        86          0          0          0          0       5420   dma.o
      2708          0          0          0         14      23657   drv_rf24l01.o
       422         28          0          0          0       7963   eeprom_bsp.o
       814          0          0          0          0      11213   event_groups.o
       420          0          0          0         12       4765   fan_bsp.o
       578         16         61          0        200       9464   fdcan.o
     11232       1180       3338          0        834      38328   freertos.o
      3778         32          0          0        166      16832   ge2117_gp_bsp.o
      1804         38          0          0         24      13264   gpio.o
       708          0          0          0      32800       5763   heap_4.o
       942          8          0          0        336      10023   i2c.o
      3778         52         32        128         72      19742   is31fl3193_bsp.o
        50          0          0          0         16       1258   iwdg.o
      2350         64        124          0        268      22180   jdq_bsp.o
       186          0          0          0          0       2302   list.o
       956         60          0          0          0      12097   main.o
       340         20          0          0          0       4171   max31865atp_bsp.o
       454          8          0          0         33       6123   one_wire_bus.o
      1010         16          0          4          8       4306   port.o
      3784          0          0          0         64      30245   queue.o
       564          0          9          0       1209      34084   segger_rtt.o
      2366        204          0          0          0       9344   segger_rtt_printf.o
       760          0          0          0        408       9482   spi.o
        44         12        716          0       1024        820   startup_stm32h723xx.o
       252          0          0          8          4      15945   stm32h7xx_hal.o
      4246         12          0          0          0      31170   stm32h7xx_hal_adc.o
       402          0          0          0          0      32079   stm32h7xx_hal_adc_ex.o
       308          0          0          0          0      12397   stm32h7xx_hal_cortex.o
      7784         98          0          0          0      17672   stm32h7xx_hal_dma.o
      2100          0         92          0          0      61552   stm32h7xx_hal_fdcan.o
       478          0          0          0          0       6978   stm32h7xx_hal_gpio.o
      3276          0          0          0          0      64340   stm32h7xx_hal_i2c.o
       146          0          0          0          0       7569   stm32h7xx_hal_i2c_ex.o
       118          0          0          0          0       1739   stm32h7xx_hal_iwdg.o
        94          0          0          0          0       5493   stm32h7xx_hal_msp.o
       164          0          0          0          0       5223   stm32h7xx_hal_pwr.o
        76          0          0          0          0       9579   stm32h7xx_hal_pwr_ex.o
      2564         16          0          0          0      11319   stm32h7xx_hal_rcc.o
      5192        212          0          0          0      19598   stm32h7xx_hal_rcc_ex.o
      2342          0          0          0          0      23422   stm32h7xx_hal_spi.o
      5414         46         48          0          0      66628   stm32h7xx_hal_tim.o
       890          0          0          0          0      26756   stm32h7xx_hal_tim_ex.o
       168          0          0          0         76       9693   stm32h7xx_hal_timebase_tim.o
      8212        332         36          0          0      43102   stm32h7xx_hal_uart.o
       340          0         16          0          0      11484   stm32h7xx_hal_uart_ex.o
       196          0          0          0          0       9589   stm32h7xx_it.o
       254          0         16          8          0       5630   system_stm32h7xx.o
      4084          8          0          0       1280      42741   tasks.o
      2420         24          0          0        684      18309   tim.o
      1624         18          5          0        300      16533   timers.o
       526          0          0          0          5       9380   tmc2226_step_bsp.o
       880         36          0          0        701      13480   usart.o
      1782         82          0          0          0       8503   user_can1.o

    ----------------------------------------------------------------------
    104324       2914       4544        456      43604     994885   Object Totals
         0          0         48          0          0          0   (incl. Generated)
      1468         84          3          1         26          0   (incl. Padding)

    ----------------------------------------------------------------------

      Code (inc. data)   RO Data    RW Data    ZI Data      Debug   Library Member Name

        54         24          0          0          0        348   dunder.o
       548         68         56          0          0        312   log.o
       112          0          0          0          0        116   poly.o
         0          0          8          0          0          0   qnan.o
        94          0          0          0          0          0   __dclz77c.o
         0          0          0          0          0          0   entry.o
         0          0          0          0          0          0   entry10a.o
         0          0          0          0          0          0   entry11a.o
         8          4          0          0          0          0   entry2.o
         4          0          0          0          0          0   entry5.o
         0          0          0          0          0          0   entry7b.o
         0          0          0          0          0          0   entry8b.o
         8          4          0          0          0          0   entry9a.o
        12          6          0          4          0         68   errno.o
        30          0          0          0          0          0   handlers.o
        48         10          0          0          0         68   init.o
         0          0          0          0          0          0   iusefp.o
        30          0          0          0          0         68   llshl.o
        32          0          0          0          0         68   llushr.o
        36          0          0          0          0         68   memcpya.o
        36          0          0          0          0        108   memseta.o
        98          0          0          0          0         92   uldiv.o

    ----------------------------------------------------------------------
      1168        120         64          4          0       1316   Library Totals
        18          4          0          0          0          0   (incl. Padding)

    ----------------------------------------------------------------------

      Code (inc. data)   RO Data    RW Data    ZI Data      Debug   Library Name

       714         92         64          0          0        776   m_wv.l
       436         24          0          4          0        540   mc_w.l

    ----------------------------------------------------------------------
      1168        120         64          4          0       1316   Library Totals

    ----------------------------------------------------------------------

==============================================================================


      Code (inc. data)   RO Data    RW Data    ZI Data      Debug   

    105492       3034       4608        460      43604     994809   Grand Totals
    105492       3034       4608        320      43604     994809   ELF Image Totals (compressed)
    105492       3034       4608        320          0          0   ROM Totals

==============================================================================

    Total RO  Size (Code + RO Data)               110100 ( 107.52kB)
    Total RW  Size (RW Data + ZI Data)             44064 (  43.03kB)
    Total ROM Size (Code + RO Data + RW Data)     110420 ( 107.83kB)

==============================================================================

