Component: Arm Compiler for Embedded 6.22 Tool: armlink [5ee90200]

==============================================================================

Section Cross References

    startup_stm32h723xx.o(STACK) refers (Special) to heapauxi.o(.text) for __use_two_region_memory
    startup_stm32h723xx.o(HEAP) refers (Special) to heapauxi.o(.text) for __use_two_region_memory
    startup_stm32h723xx.o(RESET) refers (Special) to heapauxi.o(.text) for __use_two_region_memory
    startup_stm32h723xx.o(RESET) refers to startup_stm32h723xx.o(STACK) for __initial_sp
    startup_stm32h723xx.o(RESET) refers to startup_stm32h723xx.o(.text) for Reset_Handler
    startup_stm32h723xx.o(RESET) refers to stm32h7xx_it.o(.text.NMI_Handler) for NMI_Handler
    startup_stm32h723xx.o(RESET) refers to stm32h7xx_it.o(.text.HardFault_Handler) for HardFault_Handler
    startup_stm32h723xx.o(RESET) refers to stm32h7xx_it.o(.text.MemManage_Handler) for MemManage_Handler
    startup_stm32h723xx.o(RESET) refers to stm32h7xx_it.o(.text.BusFault_Handler) for BusFault_Handler
    startup_stm32h723xx.o(RESET) refers to stm32h7xx_it.o(.text.UsageFault_Handler) for UsageFault_Handler
    startup_stm32h723xx.o(RESET) refers to port.o(.text.SVC_Handler) for SVC_Handler
    startup_stm32h723xx.o(RESET) refers to stm32h7xx_it.o(.text.DebugMon_Handler) for DebugMon_Handler
    startup_stm32h723xx.o(RESET) refers to port.o(.text.PendSV_Handler) for PendSV_Handler
    startup_stm32h723xx.o(RESET) refers to cmsis_os2.o(.text.SysTick_Handler) for SysTick_Handler
    startup_stm32h723xx.o(RESET) refers to stm32h7xx_it.o(.text.DMA1_Stream0_IRQHandler) for DMA1_Stream0_IRQHandler
    startup_stm32h723xx.o(RESET) refers to stm32h7xx_it.o(.text.FDCAN1_IT0_IRQHandler) for FDCAN1_IT0_IRQHandler
    startup_stm32h723xx.o(RESET) refers to stm32h7xx_it.o(.text.EXTI9_5_IRQHandler) for EXTI9_5_IRQHandler
    startup_stm32h723xx.o(RESET) refers to stm32h7xx_it.o(.text.TIM3_IRQHandler) for TIM3_IRQHandler
    startup_stm32h723xx.o(RESET) refers to stm32h7xx_it.o(.text.USART1_IRQHandler) for USART1_IRQHandler
    startup_stm32h723xx.o(RESET) refers to stm32h7xx_it.o(.text.EXTI15_10_IRQHandler) for EXTI15_10_IRQHandler
    startup_stm32h723xx.o(RESET) refers to stm32h7xx_it.o(.text.UART5_IRQHandler) for UART5_IRQHandler
    startup_stm32h723xx.o(RESET) refers to stm32h7xx_it.o(.text.TIM6_DAC_IRQHandler) for TIM6_DAC_IRQHandler
    startup_stm32h723xx.o(RESET) refers to stm32h7xx_it.o(.text.TIM7_IRQHandler) for TIM7_IRQHandler
    startup_stm32h723xx.o(RESET) refers to stm32h7xx_it.o(.text.TIM16_IRQHandler) for TIM16_IRQHandler
    startup_stm32h723xx.o(RESET) refers to stm32h7xx_it.o(.text.LPUART1_IRQHandler) for LPUART1_IRQHandler
    startup_stm32h723xx.o(.text) refers (Special) to heapauxi.o(.text) for __use_two_region_memory
    startup_stm32h723xx.o(.text) refers to system_stm32h7xx.o(.text.ExitRun0Mode) for ExitRun0Mode
    startup_stm32h723xx.o(.text) refers to system_stm32h7xx.o(.text.SystemInit) for SystemInit
    startup_stm32h723xx.o(.text) refers to __main.o(!!!main) for __main
    startup_stm32h723xx.o(.text) refers to startup_stm32h723xx.o(HEAP) for Heap_Mem
    startup_stm32h723xx.o(.text) refers to startup_stm32h723xx.o(STACK) for Stack_Mem
    soft_i2c_bsp.o(.text.soft_I2C_GPIO_Init) refers to stm32h7xx_hal_gpio.o(.text.HAL_GPIO_WritePin) for HAL_GPIO_WritePin
    soft_i2c_bsp.o(.text.soft_I2C_GPIO_Init) refers to stm32h7xx_hal_gpio.o(.text.HAL_GPIO_Init) for HAL_GPIO_Init
    soft_i2c_bsp.o(.ARM.exidx.text.soft_I2C_GPIO_Init) refers to soft_i2c_bsp.o(.text.soft_I2C_GPIO_Init) for [Anonymous Symbol]
    soft_i2c_bsp.o(.text.soft_I2C_SendByte) refers to stm32h7xx_hal_gpio.o(.text.HAL_GPIO_WritePin) for HAL_GPIO_WritePin
    soft_i2c_bsp.o(.text.soft_I2C_SendByte) refers to common_function.o(.text.delay_us) for delay_us
    soft_i2c_bsp.o(.ARM.exidx.text.soft_I2C_SendByte) refers to soft_i2c_bsp.o(.text.soft_I2C_SendByte) for [Anonymous Symbol]
    soft_i2c_bsp.o(.text.soft_I2C_ReceiveByte) refers to stm32h7xx_hal_gpio.o(.text.HAL_GPIO_WritePin) for HAL_GPIO_WritePin
    soft_i2c_bsp.o(.text.soft_I2C_ReceiveByte) refers to common_function.o(.text.delay_us) for delay_us
    soft_i2c_bsp.o(.text.soft_I2C_ReceiveByte) refers to stm32h7xx_hal_gpio.o(.text.HAL_GPIO_ReadPin) for HAL_GPIO_ReadPin
    soft_i2c_bsp.o(.ARM.exidx.text.soft_I2C_ReceiveByte) refers to soft_i2c_bsp.o(.text.soft_I2C_ReceiveByte) for [Anonymous Symbol]
    soft_i2c_bsp.o(.text.soft_I2C_WriteByte) refers to soft_i2c_bsp.o(.text.soft_I2C_Start) for soft_I2C_Start
    soft_i2c_bsp.o(.text.soft_I2C_WriteByte) refers to soft_i2c_bsp.o(.text.soft_I2C_SendByte) for soft_I2C_SendByte
    soft_i2c_bsp.o(.text.soft_I2C_WriteByte) refers to stm32h7xx_hal_gpio.o(.text.HAL_GPIO_WritePin) for HAL_GPIO_WritePin
    soft_i2c_bsp.o(.text.soft_I2C_WriteByte) refers to common_function.o(.text.delay_us) for delay_us
[...]
    laser_config_param                       0x2400015c   Data          10  freertos.o(.bss..L_MergedGlobals)
    sys_load_sta                             0x24000166   Data          16  freertos.o(.bss..L_MergedGlobals)
    pressure_kpa                             0x24000180   Data           4  air_gzp6816d_bsp.o(.bss..L_MergedGlobals)
    pressure_pa                              0x24000184   Data           4  air_gzp6816d_bsp.o(.bss..L_MergedGlobals)
    temperature                              0x24000188   Data           4  air_gzp6816d_bsp.o(.bss..L_MergedGlobals)
    pxCurrentTCB                             0x240002d0   Data           4  tasks.o(.bss..L_MergedGlobals)
    u_sys_param                              0x240003d4   Data          28  freertos.o(.bss..L_MergedGlobals.21)
    u_sys_default_param                      0x240003f0   Data          28  freertos.o(.bss..L_MergedGlobals.21)
    sGenSta                                  0x2400040c   Data          32  freertos.o(.bss..L_MergedGlobals.21)
    __stdout                                 0x240004e0   Data          84  usart.o(.bss.__stdout)
    auxStatusEvent01ControlBlock             0x240007b8   Data          32  freertos.o(.bss.auxStatusEvent01ControlBlock)
    hadc1                                    0x240007d8   Data         112  adc.o(.bss.hadc1)
    hdma_adc1                                0x24000848   Data         120  adc.o(.bss.hdma_adc1)
    hfdcan1                                  0x240008c0   Data         160  fdcan.o(.bss.hfdcan1)
    hi2c1                                    0x24000960   Data          84  i2c.o(.bss.hi2c1)
    hi2c2                                    0x240009b4   Data          84  i2c.o(.bss.hi2c2)
    hi2c3                                    0x24000a08   Data          84  i2c.o(.bss.hi2c3)
    hi2c5                                    0x24000a5c   Data          84  i2c.o(.bss.hi2c5)
    hlpuart1                                 0x24000ab0   Data         148  usart.o(.bss.hlpuart1)
    hspi1                                    0x24000b44   Data         136  spi.o(.bss.hspi1)
    hspi4                                    0x24000bcc   Data         136  spi.o(.bss.hspi4)
    hspi6                                    0x24000c54   Data         136  spi.o(.bss.hspi6)
    htim1                                    0x24000cdc   Data          76  tim.o(.bss.htim1)
    htim16                                   0x24000d28   Data          76  tim.o(.bss.htim16)
    htim3                                    0x24000d74   Data          76  tim.o(.bss.htim3)
    htim6                                    0x24000dc0   Data          76  stm32h7xx_hal_timebase_tim.o(.bss.htim6)
    htim7                                    0x24000e0c   Data          76  tim.o(.bss.htim7)
    huart1                                   0x24000e58   Data         148  usart.o(.bss.huart1)
    huart3                                   0x24000eec   Data         148  usart.o(.bss.huart3)
    huart5                                   0x24000f80   Data         148  usart.o(.bss.huart5)
    myTask03Buffer                           0x24001114   Data         512  freertos.o(.bss.myTask03Buffer)
    myTask03ControlBlock                     0x24001314   Data          92  freertos.o(.bss.myTask03ControlBlock)
    sEnvParam                                0x240018c0   Data          48  freertos.o(.bss.sEnvParam)
    uwTick                                   0x240018f0   Data           4  stm32h7xx_hal.o(.bss.uwTick)
    xQueueRegistry                           0x24001fac   Data          64  queue.o(.bss.xQueueRegistry)



==============================================================================

Memory Map of the image

  Image Entry point : 0x080002cd

  Load Region LR_IROM1 (Base: 0x08000000, Size: 0x000178c0, Max: 0x00100000, ABSOLUTE)

    Execution Region ER_IROM1 (Exec base: 0x08000000, Load base: 0x08000000, Size: 0x00017828, Max: 0x00100000, ABSOLUTE)

    Exec Addr    Load Addr    Size         Type   Attr      Idx    E Section Name        Object

    0x08000000   0x08000000   0x000002cc   Data   RO            3    RESET               startup_stm32h723xx.o
    0x080002cc   0x080002cc   0x00000008   Code   RO         3346  * !!!main             c_w.l(__main.o)
    0x080002d4   0x080002d4   0x0000005c   Code   RO         3570    !!!scatter          c_w.l(__scatter.o)
    0x08000330   0x08000330   0x0000001a   Code   RO         3574    !!handler_copy      c_w.l(__scatter_copy.o)
    0x0800034a   0x0800034a   0x00000002   PAD
    0x0800034c   0x0800034c   0x00000002   Code   RO         3571    !!handler_null      c_w.l(__scatter.o)
    0x0800034e   0x0800034e   0x00000002   PAD
    0x08000350   0x08000350   0x0000001c   Code   RO         3576    !!handler_zi        c_w.l(__scatter_zi.o)
    0x0800036c   0x0800036c   0x00000000   Code   RO         3331    .ARM.Collect$$_printf_percent$$00000000  c_w.l(_printf_percent.o)
    0x0800036c   0x0800036c   0x00000006   Code   RO         3330    .ARM.Collect$$_printf_percent$$0000000C  c_w.l(_printf_x.o)
    0x08000372   0x08000372   0x00000006   Code   RO         3329    .ARM.Collect$$_printf_percent$$00000014  c_w.l(_printf_s.o)
    0x08000378   0x08000378   0x00000004   Code   RO         3370    .ARM.Collect$$_printf_percent$$00000017  c_w.l(_printf_percent_end.o)
    0x0800037c   0x0800037c   0x00000002   Code   RO         3451    .ARM.Collect$$libinit$$00000000  c_w.l(libinit.o)
    0x0800037e   0x0800037e   0x00000004   Code   RO         3460    .ARM.Collect$$libinit$$00000001  c_w.l(libinit2.o)
    0x08000382   0x08000382   0x00000000   Code   RO         3463    .ARM.Collect$$libinit$$00000004  c_w.l(libinit2.o)
    0x08000382   0x08000382   0x00000000   Code   RO         3465    .ARM.Collect$$libinit$$00000006  c_w.l(libinit2.o)
    0x08000382   0x08000382   0x00000000   Code   RO         3468    .ARM.Collect$$libinit$$0000000C  c_w.l(libinit2.o)
    0x08000382   0x08000382   0x00000000   Code   RO         3470    .ARM.Collect$$libinit$$0000000E  c_w.l(libinit2.o)
    0x08000382   0x08000382   0x00000000   Code   RO         3472    .ARM.Collect$$libinit$$00000010  c_w.l(libinit2.o)
    0x08000382   0x08000382   0x00000000   Code   RO         3475    .ARM.Collect$$libinit$$00000013  c_w.l(libinit2.o)
    0x08000382   0x08000382   0x00000000   Code   RO         3477    .ARM.Collect$$libinit$$00000015  c_w.l(libinit2.o)
    0x08000382   0x08000382   0x00000000   Code   RO         3479    .ARM.Collect$$libinit$$00000017  c_w.l(libinit2.o)
    0x08000382   0x08000382   0x00000000   Code   RO         3481    .ARM.Collect$$libinit$$00000019  c_w.l(libinit2.o)
    0x08000382   0x08000382   0x00000000   Code   RO         3483    .ARM.Collect$$libinit$$0000001B  c_w.l(libinit2.o)
    0x08000382   0x08000382   0x00000000   Code   RO         3485    .ARM.Collect$$libinit$$0000001D  c_w.l(libinit2.o)
    0x08000382   0x08000382   0x00000000   Code   RO         3487    .ARM.Collect$$libinit$$0000001F  c_w.l(libinit2.o)
    0x08000382   0x08000382   0x00000000   Code   RO         3489    .ARM.Collect$$libinit$$00000021  c_w.l(libinit2.o)
    0x08000382   0x08000382   0x00000000   Code   RO         3491    .ARM.Collect$$libinit$$00000023  c_w.l(libinit2.o)
    0x08000382   0x08000382   0x00000000   Code   RO         3493    .ARM.Collect$$libinit$$00000025  c_w.l(libinit2.o)
    0x08000382   0x08000382   0x00000000   Code   RO         3495    .ARM.Collect$$libinit$$00000027  c_w.l(libinit2.o)
    0x08000382   0x08000382   0x00000000   Code   RO         3499    .ARM.Collect$$libinit$$0000002E  c_w.l(libinit2.o)
    0x08000382   0x08000382   0x00000000   Code   RO         3501    .ARM.Collect$$libinit$$00000030  c_w.l(libinit2.o)
    0x08000382   0x08000382   0x00000000   Code   RO         3503    .ARM.Collect$$libinit$$00000032  c_w.l(libinit2.o)
    0x08000382   0x08000382   0x00000000   Code   RO         3505    .ARM.Collect$$libinit$$00000034  c_w.l(libinit2.o)
    0x08000382   0x08000382   0x00000002   Code   RO         3506    .ARM.Collect$$libinit$$00000035  c_w.l(libinit2.o)
    0x08000384   0x08000384   0x00000002   Code   RO         3540    .ARM.Collect$$libshutdown$$00000000  c_w.l(libshutdown.o)
    0x08000386   0x08000386   0x00000000   Code   RO         3552    .ARM.Collect$$libshutdown$$00000002  c_w.l(libshutdown2.o)
    0x08000386   0x08000386   0x00000000   Code   RO         3554    .ARM.Collect$$libshutdown$$00000004  c_w.l(libshutdown2.o)
    0x08000386   0x08000386   0x00000000   Code   RO         3557    .ARM.Collect$$libshutdown$$00000007  c_w.l(libshutdown2.o)
    0x08000386   0x08000386   0x00000000   Code   RO         3560    .ARM.Collect$$libshutdown$$0000000A  c_w.l(libshutdown2.o)
    0x08000386   0x08000386   0x00000000   Code   RO         3562    .ARM.Collect$$libshutdown$$0000000C  c_w.l(libshutdown2.o)
    0x08000386   0x08000386   0x00000000   Code   RO         3565    .ARM.Collect$$libshutdown$$0000000F  c_w.l(libshutdown2.o)
    0x08000386   0x08000386   0x00000002   Code   RO         3566    .ARM.Collect$$libshutdown$$00000010  c_w.l(libshutdown2.o)
    0x08000388   0x08000388   0x00000000   Code   RO         3357    .ARM.Collect$$rtentry$$00000000  c_w.l(__rtentry.o)
    0x08000388   0x08000388   0x00000000   Code   RO         3396    .ARM.Collect$$rtentry$$00000002  c_w.l(__rtentry2.o)
    0x08000388   0x08000388   0x00000006   Code   RO         3408    .ARM.Collect$$rtentry$$00000004  c_w.l(__rtentry4.o)
    0x0800038e   0x0800038e   0x00000000   Code   RO         3398    .ARM.Collect$$rtentry$$00000009  c_w.l(__rtentry2.o)
    0x0800038e   0x0800038e   0x00000004   Code   RO         3399    .ARM.Collect$$rtentry$$0000000A  c_w.l(__rtentry2.o)
    0x08000392   0x08000392   0x00000000   Code   RO         3401    .ARM.Collect$$rtentry$$0000000C  c_w.l(__rtentry2.o)
    0x08000392   0x08000392   0x00000008   Code   RO         3402    .ARM.Collect$$rtentry$$0000000D  c_w.l(__rtentry2.o)
    0x0800039a   0x0800039a   0x00000002   Code   RO         3452    .ARM.Collect$$rtexit$$00000000  c_w.l(rtexit.o)
    0x0800039c   0x0800039c   0x00000000   Code   RO         3508    .ARM.Collect$$rtexit$$00000002  c_w.l(rtexit2.o)
    0x0800039c   0x0800039c   0x00000004   Code   RO         3509    .ARM.Collect$$rtexit$$00000003  c_w.l(rtexit2.o)
    0x080003a0   0x080003a0   0x00000006   Code   RO         3510    .ARM.Collect$$rtexit$$00000004  c_w.l(rtexit2.o)
    0x080003a6   0x080003a6   0x00000002   PAD
    0x080003a8   0x080003a8   0x00000048   Code   RO            4    .text               startup_stm32h723xx.o
    0x080003f0   0x080003f0   0x00000002   Code   RO         3274    .text               c_w.l(use_no_semi_2.o)
    0x080003f2   0x080003f2   0x000000f0   Code   RO         3276    .text               c_w.l(lludivv7m.o)
    0x080004e2   0x080004e2   0x00000002   PAD
    0x080004e4   0x080004e4   0x00000018   Code   RO         3280    .text               c_w.l(noretval__2printf.o)
    0x080004fc   0x080004fc   0x0000004e   Code   RO         3284    .text               c_w.l(_printf_pad.o)
    0x0800054a   0x0800054a   0x00000052   Code   RO         3286    .text               c_w.l(_printf_str.o)
    0x0800059c   0x0800059c   0x00000058   Code   RO         3291    .text               c_w.l(_printf_hex_int.o)
    0x080005f4   0x080005f4   0x00000138   Code   RO         3321    .text               c_w.l(__printf_flags_wp.o)
    0x0800072c   0x0800072c   0x0000008a   Code   RO         3334    .text               c_w.l(rt_memcpy_v6.o)
    0x080007b6   0x080007b6   0x00000010   Code   RO         3338    .text               c_w.l(aeabi_memset4.o)
    0x080007c6   0x080007c6   0x0000004e   Code   RO         3342    .text               c_w.l(rt_memclr_w.o)
    0x08000814   0x08000814   0x00000006   Code   RO         3344    .text               c_w.l(heapauxi.o)
    0x0800081a   0x0800081a   0x00000002   Code   RO         3355    .text               c_w.l(use_no_semi.o)
    0x0800081c   0x0800081c   0x00000016   Code   RO         3362    .text               c_w.l(_rserrno.o)
    0x08000832   0x08000832   0x000000b2   Code   RO         3364    .text               c_w.l(_printf_intcommon.o)
    0x080008e4   0x080008e4   0x0000002c   Code   RO         3366    .text               c_w.l(_printf_char.o)
    0x08000910   0x08000910   0x00000024   Code   RO         3368    .text               c_w.l(_printf_char_file.o)
    0x08000934   0x08000934   0x00000064   Code   RO         3375    .text               c_w.l(rt_memcpy_w.o)
    0x08000998   0x08000998   0x00000008   Code   RO         3415    .text               c_w.l(rt_errno_addr_intlibspace.o)
    0x080009a0   0x080009a0   0x00000030   Code   RO         3417    .text               c_w.l(_printf_char_common.o)
    0x080009d0   0x080009d0   0x00000008   Code   RO         3419    .text               c_w.l(ferror.o)
    0x080009d8   0x080009d8   0x00000008   Code   RO         3427    .text               c_w.l(libspace.o)
    0x080009e0   0x080009e0   0x0000004a   Code   RO         3430    .text               c_w.l(sys_stackheap_outer.o)
    0x08000a2a   0x08000a2a   0x00000012   Code   RO         3436    .text               c_w.l(exit.o)
    0x08000a3c   0x08000a3c   0x00000004   PAD
    0x08000a40   0x08000a40   0x000000c0   Code   RO          640    .text.AD5541A_SetVoltage  jdq_bsp.o
    0x08000b00   0x08000b00   0x00000100   Code   RO         1220    .text.ADC_ConfigureBoostMode  stm32h7xx_hal_adc.o
    0x08000c00   0x08000c00   0x0000005e   Code   RO         1246    .text.ADC_DMAConvCplt  stm32h7xx_hal_adc.o
    0x08000c5e   0x08000c5e   0x00000002   PAD
    0x08000c60   0x08000c60   0x00000016   Code   RO         1250    .text.ADC_DMAError  stm32h7xx_hal_adc.o
    0x08000c76   0x08000c76   0x00000002   PAD
    0x08000c78   0x08000c78   0x00000006   Code   RO         1248    .text.ADC_DMAHalfConvCplt  stm32h7xx_hal_adc.o
    0x08000c7e   0x08000c7e   0x00000002   PAD
    0x08000c80   0x08000c80   0x00000078   Code   RO         1226    .text.ADC_Disable   stm32h7xx_hal_adc.o
    0x08000cf8   0x08000cf8   0x000000aa   Code   RO         1232    .text.ADC_Enable    stm32h7xx_hal_adc.o
    0x08000da2   0x08000da2   0x00000006   PAD
    0x08000da8   0x08000da8   0x00000092   Code   RO          221    .text.APP_CAN_SEND_DATA  fdcan.o
    0x08000e3a   0x08000e3a   0x00000006   PAD
    0x08000e40   0x08000e40   0x00000002   Code   RO          368    .text.BusFault_Handler  stm32h7xx_it.o
    0x08000e42   0x08000e42   0x00000006   PAD
    0x08000e48   0x08000e48   0x0000000c   Code   RO          374    .text.DMA1_Stream0_IRQHandler  stm32h7xx_it.o
    0x08000e54   0x08000e54   0x00000004   PAD
    0x08000e58   0x08000e58   0x00000128   Code   RO         1567    .text.DMA_CalcBaseAndBitshift  stm32h7xx_hal_dma.o
    0x08000f80   0x08000f80   0x00000308   Code   RO         1573    .text.DMA_SetConfig  stm32h7xx_hal_dma.o
    0x08001288   0x08001288   0x00000026   Code   RO          865    .text.DWT_Init      common_function.o
    0x080012ae   0x080012ae   0x00000002   PAD
    0x080012b0   0x080012b0   0x00000002   Code   RO          372    .text.DebugMon_Handler  stm32h7xx_it.o
    0x080012b2   0x080012b2   0x00000006   PAD
    0x080012b8   0x080012b8   0x0000002a   Code   RO          454    .text.EEPROM_M24C32_Read  eeprom_bsp.o
    0x080012e2   0x080012e2   0x00000006   PAD
    0x080012e8   0x080012e8   0x000000e0   Code   RO          456    .text.EEPROM_M24C32_Write  eeprom_bsp.o
    0x080013c8   0x080013c8   0x00000030   Code   RO          446    .text.EEPROM_M24C32_init  eeprom_bsp.o
    0x080013f8   0x080013f8   0x00000008   Code   RO          384    .text.EXTI15_10_IRQHandler  stm32h7xx_it.o
    0x08001400   0x08001400   0x00000006   Code   RO          378    .text.EXTI9_5_IRQHandler  stm32h7xx_it.o
    0x08001406   0x08001406   0x00000002   PAD
    0x08001408   0x08001408   0x0000000a   Code   RO           44    .text.Error_Handler  main.o
    0x08001412   0x08001412   0x00000006   PAD
    0x08001418   0x08001418   0x0000002c   Code   RO         2693    .text.ExitRun0Mode  system_stm32h7xx.o
    0x08001444   0x08001444   0x00000004   PAD
    0x08001448   0x08001448   0x0000000c   Code   RO          376    .text.FDCAN1_IT0_IRQHandler  stm32h7xx_it.o
    0x08001454   0x08001454   0x00000004   PAD
    0x08001458   0x08001458   0x00000064   Code   RO          217    .text.FDCAN1_Receive_Msg  fdcan.o
    0x080014bc   0x080014bc   0x00000004   PAD
    0x080014c0   0x080014c0   0x0000002c   Code   RO          429    .text.GZP6816D_IsBusy  air_gzp6816d_bsp.o
    0x080014ec   0x080014ec   0x00000004   PAD
    0x080014f0   0x080014f0   0x000000f0   Code   RO          433    .text.GZP6816D_get_cal  air_gzp6816d_bsp.o
    0x080015e0   0x080015e0   0x0000002e   Code   RO          427    .text.GZP6816D_init  air_gzp6816d_bsp.o
    0x0800160e   0x0800160e   0x00000002   PAD
    0x08001610   0x08001610   0x0000002a   Code   RO          431    .text.GZP6816D_start_sampling  air_gzp6816d_bsp.o
    0x0800163a   0x0800163a   0x00000006   PAD
    0x08001640   0x08001640   0x000000e8   Code   RO          518    .text.Green_Breath  is31fl3193_bsp.o
    0x08001728   0x08001728   0x000000d8   Code   RO         1282    .text.HAL_ADCEx_Calibration_Start  stm32h7xx_hal_adc_ex.o
    0x08001800   0x08001800   0x000000b0   Code   RO         1332    .text.HAL_ADCEx_MultiModeConfigChannel  stm32h7xx_hal_adc_ex.o
    0x080018b0   0x080018b0   0x000006ee   Code   RO         1266    .text.HAL_ADC_ConfigChannel  stm32h7xx_hal_adc.o
    0x08001f9e   0x08001f9e   0x00000002   PAD
    0x08001fa0   0x08001fa0   0x00000014   Code   RO          182    .text.HAL_ADC_ConvCpltCallback  adc.o
    0x08001fb4   0x08001fb4   0x00000004   PAD
    0x08001fb8   0x08001fb8   0x00000002   Code   RO         1264    .text.HAL_ADC_ConvHalfCpltCallback  stm32h7xx_hal_adc.o
    0x08001fba   0x08001fba   0x00000006   PAD
    0x08001fc0   0x08001fc0   0x00000002   Code   RO         1262    .text.HAL_ADC_ErrorCallback  stm32h7xx_hal_adc.o
    0x08001fc2   0x08001fc2   0x00000006   PAD
    0x08001fc8   0x08001fc8   0x00000310   Code   RO         1216    .text.HAL_ADC_Init  stm32h7xx_hal_adc.o
    0x080022d8   0x080022d8   0x000000b6   Code   RO          174    .text.HAL_ADC_MspInit  adc.o
    0x0800238e   0x0800238e   0x00000002   PAD
    0x08002390   0x08002390   0x0000013c   Code   RO         1244    .text.HAL_ADC_Start_DMA  stm32h7xx_hal_adc.o
    0x080024cc   0x080024cc   0x00000004   PAD
    0x080024d0   0x080024d0   0x00000526   Code   RO         1577    .text.HAL_DMA_Abort  stm32h7xx_hal_dma.o
    0x080029f6   0x080029f6   0x00000002   PAD
    0x080029f8   0x080029f8   0x000002b6   Code   RO         1579    .text.HAL_DMA_Abort_IT  stm32h7xx_hal_dma.o
    0x08002cae   0x08002cae   0x00000002   PAD
    0x08002cb0   0x08002cb0   0x00000818   Code   RO         1583    .text.HAL_DMA_IRQHandler  stm32h7xx_hal_dma.o
    0x080034c8   0x080034c8   0x0000069a   Code   RO         1565    .text.HAL_DMA_Init  stm32h7xx_hal_dma.o
    0x08003b62   0x08003b62   0x00000006   PAD
    0x08003b68   0x08003b68   0x000003aa   Code   RO         1575    .text.HAL_DMA_Start_IT  stm32h7xx_hal_dma.o
    0x08003f12   0x08003f12   0x00000006   PAD
    0x08003f18   0x08003f18   0x00000028   Code   RO         1871    .text.HAL_Delay     stm32h7xx_hal.o
    0x08003f40   0x08003f40   0x0000008a   Code   RO         2317    .text.HAL_FDCAN_ActivateNotification  stm32h7xx_hal_fdcan.o
    0x08003fca   0x08003fca   0x00000006   PAD
    0x08003fd0   0x08003fd0   0x000000ea   Code   RO         2239    .text.HAL_FDCAN_AddMessageToTxFifoQ  stm32h7xx_hal_fdcan.o
    0x080040ba   0x080040ba   0x00000006   PAD
    0x080040c0   0x080040c0   0x00000002   Code   RO         2331    .text.HAL_FDCAN_ClockCalibrationCallback  stm32h7xx_hal_fdcan.o
    0x080040c2   0x080040c2   0x00000006   PAD
    0x080040c8   0x080040c8   0x0000008c   Code   RO         2191    .text.HAL_FDCAN_ConfigFilter  stm32h7xx_hal_fdcan.o
    0x08004154   0x08004154   0x00000004   PAD
    0x08004158   0x08004158   0x00000002   Code   RO         2359    .text.HAL_FDCAN_ErrorCallback  stm32h7xx_hal_fdcan.o
    0x0800415a   0x0800415a   0x00000006   PAD
    0x08004160   0x08004160   0x00000002   Code   RO         2349    .text.HAL_FDCAN_ErrorStatusCallback  stm32h7xx_hal_fdcan.o
    0x08004162   0x08004162   0x00000006   PAD
    0x08004168   0x08004168   0x00000012   Code   RO         2263    .text.HAL_FDCAN_GetRxFifoFillLevel  stm32h7xx_hal_fdcan.o
    0x0800417a   0x0800417a   0x00000006   PAD
    0x08004180   0x08004180   0x000001e6   Code   RO         2249    .text.HAL_FDCAN_GetRxMessage  stm32h7xx_hal_fdcan.o
    0x08004366   0x08004366   0x00000002   PAD
    0x08004368   0x08004368   0x0000000c   Code   RO         2265    .text.HAL_FDCAN_GetTxFifoFreeLevel  stm32h7xx_hal_fdcan.o
    0x08004374   0x08004374   0x00000004   PAD
    0x08004378   0x08004378   0x00000002   Code   RO         2327    .text.HAL_FDCAN_HighPriorityMessageCallback  stm32h7xx_hal_fdcan.o
    0x0800437a   0x0800437a   0x00000006   PAD
    0x08004380   0x08004380   0x00000334   Code   RO         2325    .text.HAL_FDCAN_IRQHandler  stm32h7xx_hal_fdcan.o
    0x080046b4   0x080046b4   0x00000004   PAD
    0x080046b8   0x080046b8   0x000003fc   Code   RO         2169    .text.HAL_FDCAN_Init  stm32h7xx_hal_fdcan.o
    0x08004ab4   0x08004ab4   0x00000004   PAD
    0x08004ab8   0x08004ab8   0x00000082   Code   RO          211    .text.HAL_FDCAN_MspInit  fdcan.o
    0x08004b3a   0x08004b3a   0x00000006   PAD
    0x08004b40   0x08004b40   0x00000002   Code   RO         2343    .text.HAL_FDCAN_RxBufferNewMessageCallback  stm32h7xx_hal_fdcan.o
    0x08004b42   0x08004b42   0x00000006   PAD
    0x08004b48   0x08004b48   0x0000000a   Code   RO          219    .text.HAL_FDCAN_RxFifo0Callback  fdcan.o
    0x08004b52   0x08004b52   0x00000006   PAD
    0x08004b58   0x08004b58   0x00000002   Code   RO         2337    .text.HAL_FDCAN_RxFifo1Callback  stm32h7xx_hal_fdcan.o
    0x08004b5a   0x08004b5a   0x00000006   PAD
    0x08004b60   0x08004b60   0x00000034   Code   RO         2237    .text.HAL_FDCAN_Start  stm32h7xx_hal_fdcan.o
    0x08004b94   0x08004b94   0x00000004   PAD
    0x08004b98   0x08004b98   0x00000382   Code   RO         2175    .text.HAL_FDCAN_Stop  stm32h7xx_hal_fdcan.o
    0x08004f1a   0x08004f1a   0x00000006   PAD
    0x08004f20   0x08004f20   0x00000002   Code   RO         2357    .text.HAL_FDCAN_TT_GlobalTimeCallback  stm32h7xx_hal_fdcan.o
    0x08004f22   0x08004f22   0x00000006   PAD
    0x08004f28   0x08004f28   0x00000002   Code   RO         2351    .text.HAL_FDCAN_TT_ScheduleSyncCallback  stm32h7xx_hal_fdcan.o
    0x08004f2a   0x08004f2a   0x00000006   PAD
    0x08004f30   0x08004f30   0x00000002   Code   RO         2355    .text.HAL_FDCAN_TT_StopWatchCallback  stm32h7xx_hal_fdcan.o
    0x08004f32   0x08004f32   0x00000006   PAD
    0x08004f38   0x08004f38   0x00000002   Code   RO         2353    .text.HAL_FDCAN_TT_TimeMarkCallback  stm32h7xx_hal_fdcan.o
    0x08004f3a   0x08004f3a   0x00000006   PAD
    0x08004f40   0x08004f40   0x00000002   Code   RO         2347    .text.HAL_FDCAN_TimeoutOccurredCallback  stm32h7xx_hal_fdcan.o
    0x08004f42   0x08004f42   0x00000006   PAD
    0x08004f48   0x08004f48   0x00000002   Code   RO         2345    .text.HAL_FDCAN_TimestampWraparoundCallback  stm32h7xx_hal_fdcan.o
    0x08004f4a   0x08004f4a   0x00000006   PAD
    0x08004f50   0x08004f50   0x00000002   Code   RO         2329    .text.HAL_FDCAN_TxBufferAbortCallback  stm32h7xx_hal_fdcan.o
    0x08004f52   0x08004f52   0x00000006   PAD
    0x08004f58   0x08004f58   0x00000002   Code   RO         2341    .text.HAL_FDCAN_TxBufferCompleteCallback  stm32h7xx_hal_fdcan.o
    0x08004f5a   0x08004f5a   0x00000006   PAD
    0x08004f60   0x08004f60   0x00000002   Code   RO         2333    .text.HAL_FDCAN_TxEventFifoCallback  stm32h7xx_hal_fdcan.o
    0x08004f62   0x08004f62   0x00000006   PAD
    0x08004f68   0x08004f68   0x00000002   Code   RO         2339    .text.HAL_FDCAN_TxFifoEmptyCallback  stm32h7xx_hal_fdcan.o
    0x08004f6a   0x08004f6a   0x00000006   PAD
    0x08004f70   0x08004f70   0x00000014   Code   RO          128    .text.HAL_GPIO_EXTI_Callback  freertos.o
    0x08004f84   0x08004f84   0x00000004   PAD
    0x08004f88   0x08004f88   0x00000014   Code   RO         1523    .text.HAL_GPIO_EXTI_IRQHandler  stm32h7xx_hal_gpio.o
    0x08004f9c   0x08004f9c   0x00000004   PAD
    0x08004fa0   0x08004fa0   0x000001a6   Code   RO         1511    .text.HAL_GPIO_Init  stm32h7xx_hal_gpio.o
    0x08005146   0x08005146   0x00000002   PAD
    0x08005148   0x08005148   0x0000000a   Code   RO         1515    .text.HAL_GPIO_ReadPin  stm32h7xx_hal_gpio.o
    0x08005152   0x08005152   0x00000006   PAD
    0x08005158   0x08005158   0x00000010   Code   RO         1519    .text.HAL_GPIO_TogglePin  stm32h7xx_hal_gpio.o
    0x08005168   0x08005168   0x0000000a   Code   RO         1517    .text.HAL_GPIO_WritePin  stm32h7xx_hal_gpio.o
    0x08005172   0x08005172   0x00000006   PAD
    0x08005178   0x08005178   0x0000000c   Code   RO         1863    .text.HAL_GetTick   stm32h7xx_hal.o
    0x08005184   0x08005184   0x00000004   PAD
    0x08005188   0x08005188   0x0000004a   Code   RO         2123    .text.HAL_I2CEx_ConfigAnalogFilter  stm32h7xx_hal_i2c_ex.o
    0x080051d2   0x080051d2   0x00000006   PAD
    0x080051d8   0x080051d8   0x00000048   Code   RO         2125    .text.HAL_I2CEx_ConfigDigitalFilter  stm32h7xx_hal_i2c_ex.o
    0x08005220   0x08005220   0x000000b0   Code   RO         1969    .text.HAL_I2C_Init  stm32h7xx_hal_i2c.o
    0x080052d0   0x080052d0   0x000001aa   Code   RO         1985    .text.HAL_I2C_Master_Receive  stm32h7xx_hal_i2c.o
    0x0800547a   0x0800547a   0x00000006   PAD
    0x08005480   0x08005480   0x000001d6   Code   RO         1977    .text.HAL_I2C_Master_Transmit  stm32h7xx_hal_i2c.o
    0x08005656   0x08005656   0x00000002   PAD
    0x08005658   0x08005658   0x00000238   Code   RO         2029    .text.HAL_I2C_Mem_Read  stm32h7xx_hal_i2c.o
    0x08005890   0x08005890   0x00000230   Code   RO         2027    .text.HAL_I2C_Mem_Write  stm32h7xx_hal_i2c.o
    0x08005ac0   0x08005ac0   0x000001fa   Code   RO          241    .text.HAL_I2C_MspInit  i2c.o
    0x08005cba   0x08005cba   0x00000006   PAD
    0x08005cc0   0x08005cc0   0x0000001a   Code   RO         1861    .text.HAL_IncTick   stm32h7xx_hal.o
    0x08005cda   0x08005cda   0x00000006   PAD
    0x08005ce0   0x08005ce0   0x00000064   Code   RO         1851    .text.HAL_Init      stm32h7xx_hal.o
    0x08005d44   0x08005d44   0x00000004   PAD
    0x08005d48   0x08005d48   0x000000a8   Code   RO          412    .text.HAL_InitTick  stm32h7xx_hal_timebase_tim.o
    0x08005df0   0x08005df0   0x0000005e   Code   RO         1821    .text.HAL_MPU_ConfigRegion  stm32h7xx_hal_cortex.o
    0x08005e4e   0x08005e4e   0x00000002   PAD
    0x08005e50   0x08005e50   0x0000001a   Code   RO         1813    .text.HAL_MPU_Disable  stm32h7xx_hal_cortex.o
    0x08005e6a   0x08005e6a   0x00000006   PAD
    0x08005e70   0x08005e70   0x00000020   Code   RO         1815    .text.HAL_MPU_Enable  stm32h7xx_hal_cortex.o
    0x08005e90   0x08005e90   0x0000005e   Code   RO          403    .text.HAL_MspInit   stm32h7xx_hal_msp.o
    0x08005eee   0x08005eee   0x00000002   PAD
    0x08005ef0   0x08005ef0   0x00000022   Code   RO         1803    .text.HAL_NVIC_EnableIRQ  stm32h7xx_hal_cortex.o
    0x08005f12   0x08005f12   0x00000006   PAD
    0x08005f18   0x08005f18   0x0000005a   Code   RO         1801    .text.HAL_NVIC_SetPriority  stm32h7xx_hal_cortex.o
    0x08005f72   0x08005f72   0x00000006   PAD
    0x08005f78   0x08005f78   0x00000020   Code   RO         1799    .text.HAL_NVIC_SetPriorityGrouping  stm32h7xx_hal_cortex.o
    0x08005f98   0x08005f98   0x0000004c   Code   RO         1715    .text.HAL_PWREx_ConfigSupply  stm32h7xx_hal_pwr_ex.o
    0x08005fe4   0x08005fe4   0x00000004   PAD
    0x08005fe8   0x08005fe8   0x00000092   Code   RO         1679    .text.HAL_PWR_ConfigPVD  stm32h7xx_hal_pwr.o
    0x0800607a   0x0800607a   0x00000006   PAD
    0x08006080   0x08006080   0x00000012   Code   RO         1681    .text.HAL_PWR_EnablePVD  stm32h7xx_hal_pwr.o
    0x08006092   0x08006092   0x00000006   PAD
    0x08006098   0x08006098   0x00000026   Code   RO         1402    .text.HAL_RCCEx_GetD3PCLK1Freq  stm32h7xx_hal_rcc_ex.o
    0x080060be   0x080060be   0x00000002   PAD
    0x080060c0   0x080060c0   0x00000134   Code   RO         1396    .text.HAL_RCCEx_GetPLL1ClockFreq  stm32h7xx_hal_rcc_ex.o
    0x080061f4   0x080061f4   0x00000004   PAD
    0x080061f8   0x080061f8   0x0000012c   Code   RO         1398    .text.HAL_RCCEx_GetPLL2ClockFreq  stm32h7xx_hal_rcc_ex.o
    0x08006324   0x08006324   0x00000004   PAD
    0x08006328   0x08006328   0x0000012c   Code   RO         1400    .text.HAL_RCCEx_GetPLL3ClockFreq  stm32h7xx_hal_rcc_ex.o
    0x08006454   0x08006454   0x00000004   PAD
    0x08006458   0x08006458   0x000003d2   Code   RO         1394    .text.HAL_RCCEx_GetPeriphCLKFreq  stm32h7xx_hal_rcc_ex.o
    0x0800682a   0x0800682a   0x00000006   PAD
    0x08006830   0x08006830   0x00000a80   Code   RO         1386    .text.HAL_RCCEx_PeriphCLKConfig  stm32h7xx_hal_rcc_ex.o
    0x080072b0   0x080072b0   0x00000254   Code   RO         1354    .text.HAL_RCC_ClockConfig  stm32h7xx_hal_rcc.o
    0x08007504   0x08007504   0x00000004   PAD
    0x08007508   0x08007508   0x00000058   Code   RO         1372    .text.HAL_RCC_GetClockConfig  stm32h7xx_hal_rcc.o
    0x08007560   0x08007560   0x0000004c   Code   RO         1364    .text.HAL_RCC_GetHCLKFreq  stm32h7xx_hal_rcc.o
    0x080075ac   0x080075ac   0x00000004   PAD
    0x080075b0   0x080075b0   0x00000060   Code   RO         1366    .text.HAL_RCC_GetPCLK1Freq  stm32h7xx_hal_rcc.o
    0x08007610   0x08007610   0x00000060   Code   RO         1368    .text.HAL_RCC_GetPCLK2Freq  stm32h7xx_hal_rcc.o
    0x08007670   0x08007670   0x00000118   Code   RO         1356    .text.HAL_RCC_GetSysClockFreq  stm32h7xx_hal_rcc.o
    0x08007788   0x08007788   0x00000534   Code   RO         1352    .text.HAL_RCC_OscConfig  stm32h7xx_hal_rcc.o
    0x08007cbc   0x08007cbc   0x00000004   PAD
    0x08007cc0   0x08007cc0   0x000001bc   Code   RO         2573    .text.HAL_SPI_Init  stm32h7xx_hal_spi.o
    0x08007e7c   0x08007e7c   0x00000004   PAD
    0x08007e80   0x08007e80   0x000001d6   Code   RO          315    .text.HAL_SPI_MspInit  spi.o
    0x08008056   0x08008056   0x00000002   PAD
    0x08008058   0x08008058   0x00000298   Code   RO         2581    .text.HAL_SPI_Transmit  stm32h7xx_hal_spi.o
    0x080082f0   0x080082f0   0x00000402   Code   RO         2587    .text.HAL_SPI_TransmitReceive  stm32h7xx_hal_spi.o
    0x080086f2   0x080086f2   0x00000006   PAD
    0x080086f8   0x080086f8   0x00000012   Code   RO         1897    .text.HAL_SYSCFG_DisableVREFBUF  stm32h7xx_hal.o
    0x0800870a   0x0800870a   0x00000006   PAD
    0x08008710   0x08008710   0x00000014   Code   RO         1891    .text.HAL_SYSCFG_VREFBUF_HighImpedanceConfig  stm32h7xx_hal.o
    0x08008724   0x08008724   0x00000004   PAD
    0x08008728   0x08008728   0x00000002   Code   RO         1202    .text.HAL_TIMEx_Break2Callback  stm32h7xx_hal_tim_ex.o
    0x0800872a   0x0800872a   0x00000006   PAD
    0x08008730   0x08008730   0x00000002   Code   RO         1200    .text.HAL_TIMEx_BreakCallback  stm32h7xx_hal_tim_ex.o
    0x08008732   0x08008732   0x00000006   PAD
    0x08008738   0x08008738   0x00000002   Code   RO         1196    .text.HAL_TIMEx_CommutCallback  stm32h7xx_hal_tim_ex.o
    0x0800873a   0x0800873a   0x00000006   PAD
    0x08008740   0x08008740   0x000000c4   Code   RO         1182    .text.HAL_TIMEx_ConfigBreakDeadTime  stm32h7xx_hal_tim_ex.o
    0x08008804   0x08008804   0x00000004   PAD
    0x08008808   0x08008808   0x000000de   Code   RO         1180    .text.HAL_TIMEx_MasterConfigSynchronization  stm32h7xx_hal_tim_ex.o
    0x080088e6   0x080088e6   0x00000002   PAD
    0x080088e8   0x080088e8   0x00000060   Code   RO          885    .text.HAL_TIM_Base_Init  stm32h7xx_hal_tim.o
    0x08008948   0x08008948   0x000000a0   Code   RO          342    .text.HAL_TIM_Base_MspInit  tim.o
    0x080089e8   0x080089e8   0x000000dc   Code   RO          899    .text.HAL_TIM_Base_Start_IT  stm32h7xx_hal_tim.o
    0x08008ac4   0x08008ac4   0x00000004   PAD
    0x08008ac8   0x08008ac8   0x00000034   Code   RO          897    .text.HAL_TIM_Base_Stop  stm32h7xx_hal_tim.o
    0x08008afc   0x08008afc   0x00000004   PAD
    0x08008b00   0x08008b00   0x0000003c   Code   RO          901    .text.HAL_TIM_Base_Stop_IT  stm32h7xx_hal_tim.o
    0x08008b3c   0x08008b3c   0x00000004   PAD
    0x08008b40   0x08008b40   0x00000200   Code   RO         1065    .text.HAL_TIM_ConfigClockSource  stm32h7xx_hal_tim.o
    0x08008d40   0x08008d40   0x00000002   Code   RO         1021    .text.HAL_TIM_IC_CaptureCallback  stm32h7xx_hal_tim.o
    0x08008d42   0x08008d42   0x00000006   PAD
    0x08008d48   0x08008d48   0x0000016c   Code   RO         1019    .text.HAL_TIM_IRQHandler  stm32h7xx_hal_tim.o
    0x08008eb4   0x08008eb4   0x00000004   PAD
    0x08008eb8   0x08008eb8   0x00000002   Code   RO         1023    .text.HAL_TIM_OC_DelayElapsedCallback  stm32h7xx_hal_tim.o
    0x08008eba   0x08008eba   0x00000006   PAD
    0x08008ec0   0x08008ec0   0x000004b2   Code   RO         1039    .text.HAL_TIM_PWM_ConfigChannel  stm32h7xx_hal_tim.o
    0x08009372   0x08009372   0x00000006   PAD
    0x08009378   0x08009378   0x00000060   Code   RO          939    .text.HAL_TIM_PWM_Init  stm32h7xx_hal_tim.o
    0x080093d8   0x080093d8   0x0000002e   Code   RO          340    .text.HAL_TIM_PWM_MspInit  tim.o
    0x08009406   0x08009406   0x00000002   PAD
    0x08009408   0x08009408   0x00000002   Code   RO         1025    .text.HAL_TIM_PWM_PulseFinishedCallback  stm32h7xx_hal_tim.o
    0x0800940a   0x0800940a   0x00000006   PAD
    0x08009410   0x08009410   0x00000170   Code   RO          947    .text.HAL_TIM_PWM_Start  stm32h7xx_hal_tim.o
    0x08009580   0x08009580   0x000001da   Code   RO          951    .text.HAL_TIM_PWM_Start_IT  stm32h7xx_hal_tim.o
    0x0800975a   0x0800975a   0x00000006   PAD
    0x08009760   0x08009760   0x00000112   Code   RO          949    .text.HAL_TIM_PWM_Stop  stm32h7xx_hal_tim.o
    0x08009872   0x08009872   0x00000006   PAD
    0x08009878   0x08009878   0x000000ea   Code   RO          953    .text.HAL_TIM_PWM_Stop_IT  stm32h7xx_hal_tim.o
    0x08009962   0x08009962   0x00000006   PAD
    0x08009968   0x08009968   0x00000066   Code   RO           46    .text.HAL_TIM_PeriodElapsedCallback  main.o
    0x080099ce   0x080099ce   0x00000002   PAD
    0x080099d0   0x080099d0   0x00000002   Code   RO         1029    .text.HAL_TIM_TriggerCallback  stm32h7xx_hal_tim.o
    0x080099d2   0x080099d2   0x00000006   PAD
    0x080099d8   0x080099d8   0x00000036   Code   RO         2550    .text.HAL_UARTEx_DisableFifoMode  stm32h7xx_hal_uart_ex.o
    0x08009a0e   0x08009a0e   0x00000002   PAD
    0x08009a10   0x08009a10   0x00000002   Code   RO         2477    .text.HAL_UARTEx_RxEventCallback  stm32h7xx_hal_uart.o
    0x08009a12   0x08009a12   0x00000006   PAD
    0x08009a18   0x08009a18   0x00000002   Code   RO         2536    .text.HAL_UARTEx_RxFifoFullCallback  stm32h7xx_hal_uart_ex.o
    0x08009a1a   0x08009a1a   0x00000006   PAD
    0x08009a20   0x08009a20   0x0000008c   Code   RO         2554    .text.HAL_UARTEx_SetRxFifoThreshold  stm32h7xx_hal_uart_ex.o
    0x08009aac   0x08009aac   0x00000004   PAD
    0x08009ab0   0x08009ab0   0x0000008c   Code   RO         2552    .text.HAL_UARTEx_SetTxFifoThreshold  stm32h7xx_hal_uart_ex.o
    0x08009b3c   0x08009b3c   0x00000004   PAD
    0x08009b40   0x08009b40   0x00000002   Code   RO         2538    .text.HAL_UARTEx_TxFifoEmptyCallback  stm32h7xx_hal_uart_ex.o
    0x08009b42   0x08009b42   0x00000006   PAD
    0x08009b48   0x08009b48   0x00000002   Code   RO         2534    .text.HAL_UARTEx_WakeupCallback  stm32h7xx_hal_uart_ex.o
    0x08009b4a   0x08009b4a   0x00000006   PAD
    0x08009b50   0x08009b50   0x00000002   Code   RO         2475    .text.HAL_UART_ErrorCallback  stm32h7xx_hal_uart.o
    0x08009b52   0x08009b52   0x00000006   PAD
    0x08009b58   0x08009b58   0x0000068a   Code   RO         2471    .text.HAL_UART_IRQHandler  stm32h7xx_hal_uart.o
    0x0800a1e2   0x0800a1e2   0x00000006   PAD
    0x0800a1e8   0x0800a1e8   0x00000064   Code   RO         2387    .text.HAL_UART_Init  stm32h7xx_hal_uart.o
    0x0800a24c   0x0800a24c   0x00000004   PAD
    0x0800a250   0x0800a250   0x00000224   Code   RO          282    .text.HAL_UART_MspInit  usart.o
    0x0800a474   0x0800a474   0x00000004   PAD
    0x0800a478   0x0800a478   0x000000ac   Code   RO         2423    .text.HAL_UART_Receive_IT  stm32h7xx_hal_uart.o
    0x0800a524   0x0800a524   0x00000004   PAD
    0x0800a528   0x0800a528   0x00000070   Code   RO          286    .text.HAL_UART_RxCpltCallback  usart.o
    0x0800a598   0x0800a598   0x000001aa   Code   RO         2407    .text.HAL_UART_Transmit  stm32h7xx_hal_uart.o
    0x0800a742   0x0800a742   0x00000006   PAD
    0x0800a748   0x0800a748   0x00000002   Code   RO         2479    .text.HAL_UART_TxCpltCallback  stm32h7xx_hal_uart.o
    0x0800a74a   0x0800a74a   0x00000006   PAD
    0x0800a750   0x0800a750   0x0000013a   Code   RO          855    .text.HMI_Parse_Data  user_can1.o
    0x0800a88a   0x0800a88a   0x00000006   PAD
    0x0800a890   0x0800a890   0x00000002   Code   RO          364    .text.HardFault_Handler  stm32h7xx_it.o
    0x0800a892   0x0800a892   0x00000006   PAD
    0x0800a898   0x0800a898   0x000001cc   Code   RO          506    .text.High_Breath   is31fl3193_bsp.o
    0x0800aa64   0x0800aa64   0x00000004   PAD
    0x0800aa68   0x0800aa68   0x00000160   Code   RO         2113    .text.I2C_IsErrorOccurred  stm32h7xx_hal_i2c.o
    0x0800abc8   0x0800abc8   0x000000e4   Code   RO         1979    .text.I2C_WaitOnFlagUntilTimeout  stm32h7xx_hal_i2c.o
    0x0800acac   0x0800acac   0x00000004   PAD
    0x0800acb0   0x0800acb0   0x000000dc   Code   RO         1987    .text.I2C_WaitOnRXNEFlagUntilTimeout  stm32h7xx_hal_i2c.o
    0x0800ad8c   0x0800ad8c   0x00000004   PAD
    0x0800ad90   0x0800ad90   0x0000007c   Code   RO         1983    .text.I2C_WaitOnSTOPFlagUntilTimeout  stm32h7xx_hal_i2c.o
    0x0800ae0c   0x0800ae0c   0x00000004   PAD
    0x0800ae10   0x0800ae10   0x00000098   Code   RO         1981    .text.I2C_WaitOnTXISFlagUntilTimeout  stm32h7xx_hal_i2c.o
    0x0800aea8   0x0800aea8   0x000000a2   Code   RO          498    .text.IS31FL3236A_Init  is31fl3193_bsp.o
    0x0800af4a   0x0800af4a   0x00000006   PAD
    0x0800af50   0x0800af50   0x00000036   Code   RO          496    .text.IS3_init      is31fl3193_bsp.o
    0x0800af86   0x0800af86   0x00000002   PAD
    0x0800af88   0x0800af88   0x0000000c   Code   RO          394    .text.LPUART1_IRQHandler  stm32h7xx_it.o
    0x0800af94   0x0800af94   0x00000004   PAD
    0x0800af98   0x0800af98   0x00000360   Code   RO          478    .text.M117Z_IIC_Write  m117z_bsp.o
    0x0800b2f8   0x0800b2f8   0x0000004a   Code   RO          482    .text.M117Z_get_temprature  m117z_bsp.o
    0x0800b342   0x0800b342   0x00000006   PAD
    0x0800b348   0x0800b348   0x00000052   Code   RO          476    .text.M117Z_init    m117z_bsp.o
    0x0800b39a   0x0800b39a   0x00000006   PAD
    0x0800b3a0   0x0800b3a0   0x00000032   Code   RO          484    .text.M117Z_start_sampling  m117z_bsp.o
    0x0800b3d2   0x0800b3d2   0x00000006   PAD
    0x0800b3d8   0x0800b3d8   0x00000142   Code   RO          172    .text.MX_ADC1_Init  adc.o
    0x0800b51a   0x0800b51a   0x00000006   PAD
    0x0800b520   0x0800b520   0x00000034   Code   RO          200    .text.MX_DMA_Init   dma.o
    0x0800b554   0x0800b554   0x00000004   PAD
    0x0800b558   0x0800b558   0x000000ae   Code   RO          209    .text.MX_FDCAN1_Init  fdcan.o
    0x0800b606   0x0800b606   0x00000002   PAD
    0x0800b608   0x0800b608   0x000001a8   Code   RO           94    .text.MX_FREERTOS_Init  freertos.o
    0x0800b7b0   0x0800b7b0   0x00000214   Code   RO           57    .text.MX_GPIO_Init  gpio.o
    0x0800b9c4   0x0800b9c4   0x00000004   PAD
    0x0800b9c8   0x0800b9c8   0x0000006a   Code   RO          233    .text.MX_I2C1_Init  i2c.o
    0x0800ba32   0x0800ba32   0x00000006   PAD
    0x0800ba38   0x0800ba38   0x0000006a   Code   RO          235    .text.MX_I2C2_Init  i2c.o
    0x0800baa2   0x0800baa2   0x00000006   PAD
    0x0800baa8   0x0800baa8   0x0000006a   Code   RO          237    .text.MX_I2C3_Init  i2c.o
    0x0800bb12   0x0800bb12   0x00000006   PAD
    0x0800bb18   0x0800bb18   0x0000006a   Code   RO          239    .text.MX_I2C5_Init  i2c.o
    0x0800bb82   0x0800bb82   0x00000006   PAD
    0x0800bb88   0x0800bb88   0x00000002   Code   RO          265    .text.MX_IWDG1_Init  iwdg.o
    0x0800bb8a   0x0800bb8a   0x00000006   PAD
    0x0800bb90   0x0800bb90   0x00000092   Code   RO          274    .text.MX_LPUART1_UART_Init  usart.o
    0x0800bc22   0x0800bc22   0x00000006   PAD
    0x0800bc28   0x0800bc28   0x0000005c   Code   RO          309    .text.MX_SPI1_Init  spi.o
    0x0800bc84   0x0800bc84   0x00000004   PAD
    0x0800bc88   0x0800bc88   0x00000062   Code   RO          311    .text.MX_SPI4_Init  spi.o
    0x0800bcea   0x0800bcea   0x00000006   PAD
    0x0800bcf0   0x0800bcf0   0x0000005e   Code   RO          313    .text.MX_SPI6_Init  spi.o
    0x0800bd4e   0x0800bd4e   0x00000002   PAD
    0x0800bd50   0x0800bd50   0x0000003a   Code   RO          338    .text.MX_TIM16_Init  tim.o
    0x0800bd8a   0x0800bd8a   0x00000006   PAD
    0x0800bd90   0x0800bd90   0x0000014e   Code   RO          330    .text.MX_TIM1_Init  tim.o
    0x0800bede   0x0800bede   0x00000002   PAD
    0x0800bee0   0x0800bee0   0x00000142   Code   RO          334    .text.MX_TIM3_Init  tim.o
    0x0800c022   0x0800c022   0x00000006   PAD
    0x0800c028   0x0800c028   0x00000052   Code   RO          336    .text.MX_TIM7_Init  tim.o
    0x0800c07a   0x0800c07a   0x00000006   PAD
    0x0800c080   0x0800c080   0x0000007c   Code   RO          276    .text.MX_UART5_Init  usart.o
    0x0800c0fc   0x0800c0fc   0x00000004   PAD
    0x0800c100   0x0800c100   0x0000007c   Code   RO          278    .text.MX_USART1_UART_Init  usart.o
    0x0800c17c   0x0800c17c   0x00000004   PAD
    0x0800c180   0x0800c180   0x0000007c   Code   RO          280    .text.MX_USART3_UART_Init  usart.o
    0x0800c1fc   0x0800c1fc   0x00000004   PAD
    0x0800c200   0x0800c200   0x00000002   Code   RO          366    .text.MemManage_Handler  stm32h7xx_it.o
    0x0800c202   0x0800c202   0x00000006   PAD
    0x0800c208   0x0800c208   0x00000002   Code   RO          362    .text.NMI_Handler   stm32h7xx_it.o
    0x0800c20a   0x0800c20a   0x00000006   PAD
    0x0800c210   0x0800c210   0x000000ee   Code   RO          746    .text.NRF24L01_Clear_IRQ_Flag  drv_rf24l01.o
    0x0800c2fe   0x0800c2fe   0x00000002   PAD
    0x0800c300   0x0800c300   0x00000290   Code   RO          780    .text.NRF24L01_RxPacket  drv_rf24l01.o
    0x0800c590   0x0800c590   0x00000064   Code   RO         3257    .text.PendSV_Handler  port.o
    0x0800c5f4   0x0800c5f4   0x00000004   PAD
    0x0800c5f8   0x0800c5f8   0x00000078   Code   RO          474    .text.Quick_wakeup  m117z_bsp.o
    0x0800c670   0x0800c670   0x00000122   Code   RO         1388    .text.RCCEx_PLL2_Config  stm32h7xx_hal_rcc_ex.o
    0x0800c792   0x0800c792   0x00000006   PAD
    0x0800c798   0x0800c798   0x00000122   Code   RO         1390    .text.RCCEx_PLL3_Config  stm32h7xx_hal_rcc_ex.o
    0x0800c8ba   0x0800c8ba   0x00000006   PAD
    0x0800c8c0   0x0800c8c0   0x0000050e   Code   RO          778    .text.RF24L01_Init  drv_rf24l01.o
    0x0800cdce   0x0800cdce   0x00000002   PAD
    0x0800cdd0   0x0800cdd0   0x000000de   Code   RO          772    .text.RF24L01_Set_Mode  drv_rf24l01.o
    0x0800ceae   0x0800ceae   0x00000002   PAD
    0x0800ceb0   0x0800ceb0   0x0000002c   Code   RO          784    .text.RF24_init     drv_rf24l01.o
    0x0800cedc   0x0800cedc   0x00000004   PAD
    0x0800cee0   0x0800cee0   0x000000d0   Code   RO         2583    .text.SPI_CloseTransfer  stm32h7xx_hal_spi.o
    0x0800cfb0   0x0800cfb0   0x00000024   Code   RO         3241    .text.SVC_Handler   port.o
    0x0800cfd4   0x0800cfd4   0x00000004   PAD
    0x0800cfd8   0x0800cfd8   0x0000070c   Code   RO           96    .text.StartDefaultTask  freertos.o
    0x0800d6e4   0x0800d6e4   0x00000004   PAD
    0x0800d6e8   0x0800d6e8   0x0000001e   Code   RO         3052    .text.SysTick_Handler  cmsis_os2.o
    0x0800d706   0x0800d706   0x00000002   PAD
    0x0800d708   0x0800d708   0x000000cc   Code   RO           40    .text.SystemClock_Config  main.o
    0x0800d7d4   0x0800d7d4   0x00000004   PAD
    0x0800d7d8   0x0800d7d8   0x000000d2   Code   RO         2689    .text.SystemInit    system_stm32h7xx.o
    0x0800d8aa   0x0800d8aa   0x00000006   PAD
    0x0800d8b0   0x0800d8b0   0x0000000c   Code   RO          392    .text.TIM16_IRQHandler  stm32h7xx_it.o
    0x0800d8bc   0x0800d8bc   0x00000004   PAD
    0x0800d8c0   0x0800d8c0   0x0000000c   Code   RO          380    .text.TIM3_IRQHandler  stm32h7xx_it.o
    0x0800d8cc   0x0800d8cc   0x00000004   PAD
    0x0800d8d0   0x0800d8d0   0x0000000c   Code   RO          388    .text.TIM6_DAC_IRQHandler  stm32h7xx_it.o
    0x0800d8dc   0x0800d8dc   0x00000004   PAD
    0x0800d8e0   0x0800d8e0   0x0000000c   Code   RO          390    .text.TIM7_IRQHandler  stm32h7xx_it.o
    0x0800d8ec   0x0800d8ec   0x00000004   PAD
    0x0800d8f0   0x0800d8f0   0x00000178   Code   RO          889    .text.TIM_Base_SetConfig  stm32h7xx_hal_tim.o
    0x0800da68   0x0800da68   0x0000000c   Code   RO          386    .text.UART5_IRQHandler  stm32h7xx_it.o
    0x0800da74   0x0800da74   0x00000004   PAD
    0x0800da78   0x0800da78   0x000000e0   Code   RO         2391    .text.UART_AdvFeatureConfig  stm32h7xx_hal_uart.o
    0x0800db58   0x0800db58   0x0000016e   Code   RO         2395    .text.UART_CheckIdleState  stm32h7xx_hal_uart.o
    0x0800dcc6   0x0800dcc6   0x00000002   PAD
    0x0800dcc8   0x0800dcc8   0x0000000c   Code   RO         2473    .text.UART_DMAAbortOnError  stm32h7xx_hal_uart.o
    0x0800dcd4   0x0800dcd4   0x00000004   PAD
    0x0800dcd8   0x0800dcd8   0x000001c4   Code   RO         2513    .text.UART_RxISR_16BIT  stm32h7xx_hal_uart.o
    0x0800de9c   0x0800de9c   0x00000004   PAD
    0x0800dea0   0x0800dea0   0x0000033a   Code   RO         2509    .text.UART_RxISR_16BIT_FIFOEN  stm32h7xx_hal_uart.o
    0x0800e1da   0x0800e1da   0x00000006   PAD
    0x0800e1e0   0x0800e1e0   0x000001c8   Code   RO         2515    .text.UART_RxISR_8BIT  stm32h7xx_hal_uart.o
    0x0800e3a8   0x0800e3a8   0x0000033e   Code   RO         2511    .text.UART_RxISR_8BIT_FIFOEN  stm32h7xx_hal_uart.o
    0x0800e6e6   0x0800e6e6   0x00000002   PAD
    0x0800e6e8   0x0800e6e8   0x000004a0   Code   RO         2393    .text.UART_SetConfig  stm32h7xx_hal_uart.o
    0x0800eb88   0x0800eb88   0x00000274   Code   RO         2425    .text.UART_Start_Receive_IT  stm32h7xx_hal_uart.o
    0x0800edfc   0x0800edfc   0x00000004   PAD
    0x0800ee00   0x0800ee00   0x00000358   Code   RO         2409    .text.UART_WaitOnFlagUntilTimeout  stm32h7xx_hal_uart.o
    0x0800f158   0x0800f158   0x0000000c   Code   RO          382    .text.USART1_IRQHandler  stm32h7xx_it.o
    0x0800f164   0x0800f164   0x00000004   PAD
    0x0800f168   0x0800f168   0x00000002   Code   RO          370    .text.UsageFault_Handler  stm32h7xx_it.o
    0x0800f16a   0x0800f16a   0x00000006   PAD
    0x0800f170   0x0800f170   0x00000002   Code   RO          288    .text._sys_exit     usart.o
    0x0800f172   0x0800f172   0x00000006   PAD
    0x0800f178   0x0800f178   0x00000076   Code   RO          544    .text.adcStartup    ads1118_bsp.o
    0x0800f1ee   0x0800f1ee   0x00000002   PAD
    0x0800f1f0   0x0800f1f0   0x0000000c   Code   RO          247    .text.app_I2C_start  i2c.o
    0x0800f1fc   0x0800f1fc   0x00000004   PAD
    0x0800f200   0x0800f200   0x000000be   Code   RO           81    .text.app_IO_key_scan  gpio.o
    0x0800f2be   0x0800f2be   0x00000002   PAD
    0x0800f2c0   0x0800f2c0   0x000000aa   Code   RO          782    .text.app_RF24_key_scan  drv_rf24l01.o
    0x0800f36a   0x0800f36a   0x00000006   PAD
    0x0800f370   0x0800f370   0x00000598   Code   RO          572    .text.app_ads1118_channel_get_value  ads1118_bsp.o
    0x0800f908   0x0800f908   0x0000009c   Code   RO          568    .text.app_ads1118_channel_sampling_start  ads1118_bsp.o
    0x0800f9a4   0x0800f9a4   0x00000004   PAD
    0x0800f9a8   0x0800f9a8   0x00000004   Code   RO          574    .text.app_ads1118_startup  ads1118_bsp.o
    0x0800f9ac   0x0800f9ac   0x00000004   PAD
    0x0800f9b0   0x0800f9b0   0x0000002e   Code   RO           59    .text.app_air_pump_switch  gpio.o
    0x0800f9de   0x0800f9de   0x00000002   PAD
    0x0800f9e0   0x0800f9e0   0x0000004e   Code   RO          348    .text.app_auxiliary_bulb_pwm  tim.o
    0x0800fa2e   0x0800fa2e   0x00000002   PAD
    0x0800fa30   0x0800fa30   0x0000000e   Code   RO          132    .text.app_canBbus_receive_semo  freertos.o
    0x0800fa3e   0x0800fa3e   0x00000002   PAD
    0x0800fa40   0x0800fa40   0x000000c8   Code   RO           71    .text.app_circle_water_PTC_manage  gpio.o
    0x0800fb08   0x0800fb08   0x00000018   Code   RO           63    .text.app_circle_water_pump_switch  gpio.o
    0x0800fb20   0x0800fb20   0x00000018   Code   RO           77    .text.app_deflate_air_solenoid  gpio.o
    0x0800fb38   0x0800fb38   0x00000104   Code   RO          816    .text.app_ge2117_gp_ctr  ge2117_gp_bsp.o
    0x0800fc3c   0x0800fc3c   0x00000004   PAD
    0x0800fc40   0x0800fc40   0x000003f8   Code   RO          798    .text.app_ge2117_receive_data_handle  ge2117_gp_bsp.o
    0x08010038   0x08010038   0x00000392   Code   RO          808    .text.app_ge_read_req_frame  ge2117_gp_bsp.o
    0x080103ca   0x080103ca   0x00000006   PAD
    0x080103d0   0x080103d0   0x00000438   Code   RO          806    .text.app_ge_write_req_frame  ge2117_gp_bsp.o
    0x08010808   0x08010808   0x000001d8   Code   RO          186    .text.app_get_adc_value  adc.o
    0x080109e0   0x080109e0   0x000000a8   Code   RO           83    .text.app_get_io_status  gpio.o
    0x08010a88   0x08010a88   0x00000016   Code   RO          678    .text.app_get_jdq_rs485_bus_statu  jdq_bsp.o
    0x08010a9e   0x08010a9e   0x00000002   PAD
    0x08010aa0   0x08010aa0   0x00000150   Code   RO          435    .text.app_gzp6816d_listen  air_gzp6816d_bsp.o
    0x08010bf0   0x08010bf0   0x00000018   Code   RO           75    .text.app_high_voltage_solenoid  gpio.o
    0x08010c08   0x08010c08   0x00000036   Code   RO          851    .text.app_hmi_report_pulse_count  user_can1.o
    0x08010c3e   0x08010c3e   0x00000002   PAD
    0x08010c40   0x08010c40   0x0000006a   Code   RO          849    .text.app_hmi_report_status  user_can1.o
    0x08010caa   0x08010caa   0x00000006   PAD
    0x08010cb0   0x08010cb0   0x00000048   Code   RO          660    .text.app_jdq_bus_get_set_v_c  jdq_bsp.o
    0x08010cf8   0x08010cf8   0x00000010   Code   RO          666    .text.app_jdq_bus_power_on_off  jdq_bsp.o
    0x08010d08   0x08010d08   0x0000005c   Code   RO          654    .text.app_jdq_bus_voltage_set  jdq_bsp.o
    0x08010d64   0x08010d64   0x00000004   PAD
    0x08010d68   0x08010d68   0x00000028   Code   RO          672    .text.app_jdq_current_limit_charge  jdq_bsp.o
    0x08010d90   0x08010d90   0x00000022   Code   RO          674    .text.app_jdq_direct_160v  jdq_bsp.o
    0x08010db2   0x08010db2   0x00000006   PAD
    0x08010db8   0x08010db8   0x0000000c   Code   RO          664    .text.app_jdq_get_vbus_sta  jdq_bsp.o
    0x08010dc4   0x08010dc4   0x00000004   PAD
    0x08010dc8   0x08010dc8   0x0000003a   Code   RO          676    .text.app_jdq_rs485_receive_data  jdq_bsp.o
    0x08010e02   0x08010e02   0x00000006   PAD
    0x08010e08   0x08010e08   0x00000492   Code   RO          642    .text.app_jdq_sts_1200_receive_handle  jdq_bsp.o
    0x0801129a   0x0801129a   0x00000006   PAD
    0x080112a0   0x080112a0   0x000000f8   Code   RO          670    .text.app_jdq_voltage_monitor  jdq_bsp.o
    0x08011398   0x08011398   0x0000037e   Code   RO          646    .text.app_jdq_write_req_frame  jdq_bsp.o
    0x08011716   0x08011716   0x00000002   PAD
    0x08011718   0x08011718   0x00000050   Code   RO           79    .text.app_key_value_analysis  gpio.o
    0x08011768   0x08011768   0x00000016   Code   RO           73    .text.app_laser1064_AD_sampling_sw  gpio.o
    0x0801177e   0x0801177e   0x00000002   PAD
    0x08011780   0x08011780   0x0000000e   Code   RO          134    .text.app_laser_preapare_semo  freertos.o
    0x0801178e   0x0801178e   0x00000002   PAD
    0x08011790   0x08011790   0x0000008c   Code   RO          668    .text.app_laser_pulse_start  jdq_bsp.o
    0x0801181c   0x0801181c   0x00000004   PAD
    0x08011820   0x08011820   0x00000018   Code   RO           67    .text.app_lcd_power_12V_switch  gpio.o
    0x08011838   0x08011838   0x00000018   Code   RO           65    .text.app_mcu_power_switch  gpio.o
    0x08011850   0x08011850   0x0000001e   Code   RO          504    .text.app_rgb_breath_ctl  is31fl3193_bsp.o
    0x0801186e   0x0801186e   0x00000002   PAD
    0x08011870   0x08011870   0x00000018   Code   RO          178    .text.app_start_multi_channel_adc  adc.o
    0x08011888   0x08011888   0x00000090   Code   RO          601    .text.app_steps_pulse  tmc2226_step_bsp.o
    0x08011918   0x08011918   0x00000164   Code   RO          120    .text.app_sys_genaration_status_manage  freertos.o
    0x08011a7c   0x08011a7c   0x00000004   PAD
    0x08011a80   0x08011a80   0x0000003e   Code   RO          605    .text.app_tmc2226_sped_set  tmc2226_step_bsp.o
    0x08011abe   0x08011abe   0x00000002   PAD
    0x08011ac0   0x08011ac0   0x000000b2   Code   RO           98    .text.auxTask02     freertos.o
    0x08011b72   0x08011b72   0x00000006   PAD
    0x08011b78   0x08011b78   0x00000090   Code   RO          108    .text.canReceiveTask07  freertos.o
    0x08011c08   0x08011c08   0x0000005e   Code   RO          871    .text.compare_buff_no_change  common_function.o
    0x08011c66   0x08011c66   0x00000002   PAD
    0x08011c68   0x08011c68   0x0000007a   Code   RO          867    .text.delay_us      common_function.o
    0x08011ce2   0x08011ce2   0x00000006   PAD
    0x08011ce8   0x08011ce8   0x0000008c   Code   RO         2901    .text.eTaskGetState  tasks.o
    0x08011d74   0x08011d74   0x00000004   PAD
    0x08011d78   0x08011d78   0x00000288   Code   RO          104    .text.fastAuxTask05  freertos.o
    0x08012000   0x08012000   0x000006bc   Code   RO          180    .text.filter_ad     adc.o
    0x080126bc   0x080126bc   0x00000004   PAD
    0x080126c0   0x080126c0   0x00000026   Code   RO          292    .text.fputc         usart.o
    0x080126e6   0x080126e6   0x00000002   PAD
    0x080126e8   0x080126e8   0x00000040   Code   RO          114    .text.ge2117ManageTask10  freertos.o
    0x08012728   0x08012728   0x0000007a   Code   RO          800    .text.ge2117_UART_Init  ge2117_gp_bsp.o
    0x080127a2   0x080127a2   0x00000006   PAD
    0x080127a8   0x080127a8   0x0000003a   Code   RO          810    .text.ge2117_start_up_set  ge2117_gp_bsp.o
    0x080127e2   0x080127e2   0x00000006   PAD
    0x080127e8   0x080127e8   0x0000006a   Code   RO          106    .text.hmiAppTask06  freertos.o
    0x08012852   0x08012852   0x00000006   PAD
    0x08012858   0x08012858   0x000000a6   Code   RO          520    .text.is_12_all_gLED  is31fl3193_bsp.o
    0x080128fe   0x080128fe   0x00000002   PAD
    0x08012900   0x08012900   0x000000a6   Code   RO          502    .text.is_12_all_rgb  is31fl3193_bsp.o
    0x080129a6   0x080129a6   0x00000002   PAD
    0x080129a8   0x080129a8   0x0000004e   Code   RO          636    .text.jdq_init      jdq_bsp.o
    0x080129f6   0x080129f6   0x00000002   PAD
    0x080129f8   0x080129f8   0x0000005c   Code   RO          100    .text.keyScanTask03  freertos.o
    0x08012a54   0x08012a54   0x00000004   PAD
    0x08012a58   0x08012a58   0x00000324   Code   RO          112    .text.laserProhotTask09  freertos.o
    0x08012d7c   0x08012d7c   0x00000004   PAD
    0x08012d80   0x08012d80   0x00000254   Code   RO          102    .text.laserWorkTask04  freertos.o
    0x08012fd4   0x08012fd4   0x00000004   PAD
    0x08012fd8   0x08012fd8   0x00000234   Code   RO           38    .text.main          main.o
    0x0801320c   0x0801320c   0x00000004   PAD
    0x08013210   0x08013210   0x00000020   Code   RO         3112    .text.osDelay       cmsis_os2.o
    0x08013230   0x08013230   0x0000003c   Code   RO         3134    .text.osEventFlagsClear  cmsis_os2.o
    0x0801326c   0x0801326c   0x00000004   PAD
    0x08013270   0x08013270   0x00000016   Code   RO         3136    .text.osEventFlagsGet  cmsis_os2.o
    0x08013286   0x08013286   0x00000002   PAD
    0x08013288   0x08013288   0x00000024   Code   RO         3130    .text.osEventFlagsNew  cmsis_os2.o
    0x080132ac   0x080132ac   0x00000004   PAD
    0x080132b0   0x080132b0   0x0000005e   Code   RO         3132    .text.osEventFlagsSet  cmsis_os2.o
    0x0801330e   0x0801330e   0x00000002   PAD
    0x08013310   0x08013310   0x00000010   Code   RO         3068    .text.osKernelGetTickCount  cmsis_os2.o
    0x08013320   0x08013320   0x0000002a   Code   RO         3054    .text.osKernelInitialize  cmsis_os2.o
    0x0801334a   0x0801334a   0x00000006   PAD
    0x08013350   0x08013350   0x0000003e   Code   RO         3060    .text.osKernelStart  cmsis_os2.o
    0x0801338e   0x0801338e   0x00000002   PAD
    0x08013390   0x08013390   0x00000090   Code   RO         3166    .text.osMessageQueueGet  cmsis_os2.o
    0x08013420   0x08013420   0x0000009a   Code   RO         3162    .text.osMessageQueueNew  cmsis_os2.o
    0x080134ba   0x080134ba   0x00000006   PAD
    0x080134c0   0x080134c0   0x00000090   Code   RO         3164    .text.osMessageQueuePut  cmsis_os2.o
    0x08013550   0x08013550   0x0000006c   Code   RO         3154    .text.osSemaphoreAcquire  cmsis_os2.o
    0x080135bc   0x080135bc   0x00000004   PAD
    0x080135c0   0x080135c0   0x000000b6   Code   RO         3152    .text.osSemaphoreNew  cmsis_os2.o
    0x08013676   0x08013676   0x00000002   PAD
    0x08013678   0x08013678   0x00000064   Code   RO         3156    .text.osSemaphoreRelease  cmsis_os2.o
    0x080136dc   0x080136dc   0x00000004   PAD
    0x080136e0   0x080136e0   0x00000094   Code   RO         3076    .text.osThreadNew   cmsis_os2.o
    0x08013774   0x08013774   0x00000004   PAD
    0x08013778   0x08013778   0x00000036   Code   RO         3098    .text.osThreadTerminate  cmsis_os2.o
    0x080137ae   0x080137ae   0x00000002   PAD
    0x080137b0   0x080137b0   0x00000260   Code   RO          836    .text.owb_tim_callback  one_wire_bus.o
    0x08013a10   0x08013a10   0x00000052   Code   RO          110    .text.powerOffTask08  freertos.o
    0x08013a62   0x08013a62   0x00000006   PAD
    0x08013a68   0x08013a68   0x0000028a   Code   RO         2887    .text.prvAddNewTaskToReadyList  tasks.o
    0x08013cf2   0x08013cf2   0x00000006   PAD
    0x08013cf8   0x08013cf8   0x00000086   Code   RO         2919    .text.prvIdleTask   tasks.o
    0x08013d7e   0x08013d7e   0x00000002   PAD
    0x08013d80   0x08013d80   0x00000102   Code   RO         2885    .text.prvInitialiseNewTask  tasks.o
    0x08013e82   0x08013e82   0x00000006   PAD
    0x08013e88   0x08013e88   0x00000028   Code   RO         3249    .text.prvPortStartFirstTask  port.o
    0x08013eb0   0x08013eb0   0x00000040   Code   RO         3239    .text.prvTaskExitError  port.o
    0x08013ef0   0x08013ef0   0x0000037a   Code   RO         3004    .text.prvTimerTask  timers.o
    0x0801426a   0x0801426a   0x00000006   PAD
    0x08014270   0x08014270   0x0000007a   Code   RO         2786    .text.prvUnlockQueue  queue.o
    0x080142ea   0x080142ea   0x00000006   PAD
    0x080142f0   0x080142f0   0x000001f0   Code   RO         3215    .text.pvPortMalloc  heap_4.o
    0x080144e0   0x080144e0   0x00000018   Code   RO         2975    .text.pvTaskIncrementMutexHeldCount  tasks.o
    0x080144f8   0x080144f8   0x0000002c   Code   RO         3237    .text.pxPortInitialiseStack  port.o
    0x08014524   0x08014524   0x00000004   PAD
    0x08014528   0x08014528   0x00000016   Code   RO          500    .text.rgb_color_all  is31fl3193_bsp.o
    0x0801453e   0x0801453e   0x00000002   PAD
    0x08014540   0x08014540   0x00000052   Code   RO           11    .text.soft_I2C_GPIO_Init  soft_i2c_bsp.o
    0x08014592   0x08014592   0x00000006   PAD
    0x08014598   0x08014598   0x0000013c   Code   RO           27    .text.soft_I2C_ReadBuffer  soft_i2c_bsp.o
    0x080146d4   0x080146d4   0x00000004   PAD
    0x080146d8   0x080146d8   0x000001c2   Code   RO           15    .text.soft_I2C_ReceiveByte  soft_i2c_bsp.o
    0x0801489a   0x0801489a   0x00000006   PAD
    0x080148a0   0x080148a0   0x000001b8   Code   RO           13    .text.soft_I2C_SendByte  soft_i2c_bsp.o
    0x08014a58   0x08014a58   0x0000006a   Code   RO           19    .text.soft_I2C_Start  soft_i2c_bsp.o
    0x08014ac2   0x08014ac2   0x00000006   PAD
    0x08014ac8   0x08014ac8   0x00000090   Code   RO          873    .text.sumCheck      common_function.o
    0x08014b58   0x08014b58   0x0000003c   Code   RO          597    .text.tmc2226_init  tmc2226_step_bsp.o
    0x08014b94   0x08014b94   0x00000004   PAD
    0x08014b98   0x08014b98   0x00000084   Code   RO          603    .text.tmc2226_start  tmc2226_step_bsp.o
    0x08014c1c   0x08014c1c   0x00000004   PAD
    0x08014c20   0x08014c20   0x00000038   Code   RO          599    .text.tmc2226_stop  tmc2226_step_bsp.o
    0x08014c58   0x08014c58   0x00000022   Code   RO         2750    .text.uxListRemove  list.o
    0x08014c7a   0x08014c7a   0x00000006   PAD
    0x08014c80   0x08014c80   0x0000001a   Code   RO         3198    .text.vApplicationGetIdleTaskMemory  cmsis_os2.o
    0x08014c9a   0x08014c9a   0x00000006   PAD
    0x08014ca0   0x08014ca0   0x0000001c   Code   RO         3200    .text.vApplicationGetTimerTaskMemory  cmsis_os2.o
    0x08014cbc   0x08014cbc   0x00000004   PAD
    0x08014cc0   0x08014cc0   0x00000048   Code   RO         2720    .text.vEventGroupClearBitsCallback  event_groups.o
    0x08014d08   0x08014d08   0x00000004   Code   RO         2726    .text.vEventGroupSetBitsCallback  event_groups.o
    0x08014d0c   0x08014d0c   0x00000004   PAD
    0x08014d10   0x08014d10   0x00000016   Code   RO         2742    .text.vListInitialise  list.o
    0x08014d26   0x08014d26   0x00000002   PAD
    0x08014d28   0x08014d28   0x00000006   Code   RO         2744    .text.vListInitialiseItem  list.o
    0x08014d2e   0x08014d2e   0x00000002   PAD
    0x08014d30   0x08014d30   0x00000062   Code   RO         2748    .text.vListInsert   list.o
    0x08014d92   0x08014d92   0x00000006   PAD
    0x08014d98   0x08014d98   0x0000001a   Code   RO         2746    .text.vListInsertEnd  list.o
    0x08014db2   0x08014db2   0x00000006   PAD
    0x08014db8   0x08014db8   0x00000014   Code   RO         3247    .text.vPortEnableVFP  port.o
    0x08014dcc   0x08014dcc   0x00000004   PAD
    0x08014dd0   0x08014dd0   0x0000004a   Code   RO         3253    .text.vPortEnterCritical  port.o
    0x08014e1a   0x08014e1a   0x00000006   PAD
    0x08014e20   0x08014e20   0x0000002e   Code   RO         3255    .text.vPortExitCritical  port.o
    0x08014e4e   0x08014e4e   0x00000002   PAD
    0x08014e50   0x08014e50   0x000000d4   Code   RO         3217    .text.vPortFree     heap_4.o
    0x08014f24   0x08014f24   0x00000004   PAD
    0x08014f28   0x08014f28   0x00000034   Code   RO         3245    .text.vPortSetupTimerInterrupt  port.o
    0x08014f5c   0x08014f5c   0x00000004   PAD
    0x08014f60   0x08014f60   0x0000005e   Code   RO         3261    .text.vPortValidateInterruptPriority  port.o
    0x08014fbe   0x08014fbe   0x00000002   PAD
    0x08014fc0   0x08014fc0   0x00000058   Code   RO         2820    .text.vQueueAddToRegistry  queue.o
    0x08015018   0x08015018   0x0000007e   Code   RO         2806    .text.vQueueDelete  queue.o
    0x08015096   0x08015096   0x00000002   PAD
    0x08015098   0x08015098   0x00000064   Code   RO         2824    .text.vQueueWaitForMessageRestricted  queue.o
    0x080150fc   0x080150fc   0x00000004   PAD
    0x08015100   0x08015100   0x00000080   Code   RO         2899    .text.vTaskDelay    tasks.o
    0x08015180   0x08015180   0x000000e2   Code   RO         2891    .text.vTaskDelete   tasks.o
    0x08015262   0x08015262   0x00000006   PAD
    0x08015268   0x08015268   0x00000012   Code   RO         2949    .text.vTaskInternalSetTimeOutState  tasks.o
    0x0801527a   0x0801527a   0x00000006   PAD
    0x08015280   0x08015280   0x0000000e   Code   RO         2953    .text.vTaskMissedYield  tasks.o
    0x0801528e   0x0801528e   0x00000002   PAD
    0x08015290   0x08015290   0x00000074   Code   RO         2937    .text.vTaskPlaceOnEventList  tasks.o
    0x08015304   0x08015304   0x00000004   PAD
    0x08015308   0x08015308   0x0000007a   Code   RO         2941    .text.vTaskPlaceOnEventListRestricted  tasks.o
    0x08015382   0x08015382   0x00000006   PAD
    0x08015388   0x08015388   0x000000a4   Code   RO         2971    .text.vTaskPriorityDisinheritAfterTimeout  tasks.o
    0x0801542c   0x0801542c   0x00000004   PAD
    0x08015430   0x08015430   0x0000007e   Code   RO         2945    .text.vTaskRemoveFromUnorderedEventList  tasks.o
    0x080154ae   0x080154ae   0x00000002   PAD
    0x080154b0   0x080154b0   0x000000f0   Code   RO         2917    .text.vTaskStartScheduler  tasks.o
    0x080155a0   0x080155a0   0x00000010   Code   RO         2895    .text.vTaskSuspendAll  tasks.o
    0x080155b0   0x080155b0   0x000000c8   Code   RO         2911    .text.vTaskSwitchContext  tasks.o
    0x08015678   0x08015678   0x0000004a   Code   RO         2716    .text.xEventGroupClearBits  event_groups.o
    0x080156c2   0x080156c2   0x00000006   PAD
    0x080156c8   0x080156c8   0x00000014   Code   RO         2718    .text.xEventGroupClearBitsFromISR  event_groups.o
    0x080156dc   0x080156dc   0x00000004   PAD
    0x080156e0   0x080156e0   0x00000022   Code   RO         2708    .text.xEventGroupCreate  event_groups.o
    0x08015702   0x08015702   0x00000006   PAD
    0x08015708   0x08015708   0x0000004e   Code   RO         2706    .text.xEventGroupCreateStatic  event_groups.o
    0x08015756   0x08015756   0x00000002   PAD
    0x08015758   0x08015758   0x0000001c   Code   RO         2722    .text.xEventGroupGetBitsFromISR  event_groups.o
    0x08015774   0x08015774   0x00000004   PAD
    0x08015778   0x08015778   0x0000009e   Code   RO         2712    .text.xEventGroupSetBits  event_groups.o
    0x08015816   0x08015816   0x00000002   PAD
    0x08015818   0x08015818   0x00000014   Code   RO         2728    .text.xEventGroupSetBitsFromISR  event_groups.o
    0x0801582c   0x0801582c   0x00000004   PAD
    0x08015830   0x08015830   0x0000018a   Code   RO         3243    .text.xPortStartScheduler  port.o
    0x080159ba   0x080159ba   0x00000006   PAD
    0x080159c0   0x080159c0   0x0000002e   Code   RO         3259    .text.xPortSysTickHandler  port.o
    0x080159ee   0x080159ee   0x00000002   PAD
    0x080159f0   0x080159f0   0x00000096   Code   RO         2784    .text.xQueueCreateCountingSemaphore  queue.o
    0x08015a86   0x08015a86   0x00000002   PAD
    0x08015a88   0x08015a88   0x000000c2   Code   RO         2782    .text.xQueueCreateCountingSemaphoreStatic  queue.o
    0x08015b4a   0x08015b4a   0x00000006   PAD
    0x08015b50   0x08015b50   0x00000082   Code   RO         2764    .text.xQueueGenericCreate  queue.o
    0x08015bd2   0x08015bd2   0x00000006   PAD
    0x08015bd8   0x08015bd8   0x000000da   Code   RO         2762    .text.xQueueGenericCreateStatic  queue.o
    0x08015cb2   0x08015cb2   0x00000006   PAD
    0x08015cb8   0x08015cb8   0x000002c0   Code   RO         2776    .text.xQueueGenericSend  queue.o
    0x08015f78   0x08015f78   0x00000148   Code   RO         2788    .text.xQueueGenericSendFromISR  queue.o
    0x080160c0   0x080160c0   0x000000ba   Code   RO         2790    .text.xQueueGiveFromISR  queue.o
    0x0801617a   0x0801617a   0x00000006   PAD
    0x08016180   0x08016180   0x0000023e   Code   RO         2792    .text.xQueueReceive  queue.o
    0x080163be   0x080163be   0x00000002   PAD
    0x080163c0   0x080163c0   0x000000d6   Code   RO         2796    .text.xQueueReceiveFromISR  queue.o
    0x08016496   0x08016496   0x00000002   PAD
    0x08016498   0x08016498   0x0000028a   Code   RO         2780    .text.xQueueSemaphoreTake  queue.o
    0x08016722   0x08016722   0x00000006   PAD
    0x08016728   0x08016728   0x0000009a   Code   RO         2951    .text.xTaskCheckForTimeOut  tasks.o
    0x080167c2   0x080167c2   0x00000006   PAD
    0x080167c8   0x080167c8   0x00000060   Code   RO         2889    .text.xTaskCreate   tasks.o
    0x08016828   0x08016828   0x0000007a   Code   RO         2883    .text.xTaskCreateStatic  tasks.o
    0x080168a2   0x080168a2   0x00000006   PAD
    0x080168a8   0x080168a8   0x0000001c   Code   RO         2965    .text.xTaskGetSchedulerState  tasks.o
    0x080168c4   0x080168c4   0x00000004   PAD
    0x080168c8   0x080168c8   0x0000000c   Code   RO         2925    .text.xTaskGetTickCount  tasks.o
    0x080168d4   0x080168d4   0x00000004   PAD
    0x080168d8   0x080168d8   0x00000012   Code   RO         2927    .text.xTaskGetTickCountFromISR  tasks.o
    0x080168ea   0x080168ea   0x00000006   PAD
    0x080168f0   0x080168f0   0x00000104   Code   RO         2923    .text.xTaskIncrementTick  tasks.o
    0x080169f4   0x080169f4   0x00000004   PAD
    0x080169f8   0x080169f8   0x0000008e   Code   RO         2969    .text.xTaskPriorityDisinherit  tasks.o
    0x08016a86   0x08016a86   0x00000002   PAD
    0x08016a88   0x08016a88   0x00000090   Code   RO         2967    .text.xTaskPriorityInherit  tasks.o
    0x08016b18   0x08016b18   0x00000074   Code   RO         2943    .text.xTaskRemoveFromEventList  tasks.o
    0x08016b8c   0x08016b8c   0x00000004   PAD
    0x08016b90   0x08016b90   0x000000ee   Code   RO         2897    .text.xTaskResumeAll  tasks.o
    0x08016c7e   0x08016c7e   0x00000002   PAD
    0x08016c80   0x08016c80   0x000000b4   Code   RO         3002    .text.xTimerCreateTimerTask  timers.o
    0x08016d34   0x08016d34   0x00000004   PAD
    0x08016d38   0x08016d38   0x0000002c   Code   RO         3032    .text.xTimerPendFunctionCallFromISR  timers.o
    0x08016d64   0x08016d64   0x00000004   PAD
    0x08016d68   0x08016d68   0x00000224   Code   RO         3348    i.__hardfp_log      m_wv.l(log.o)
    0x08016f8c   0x08016f8c   0x00000070   Code   RO         3392    i.__kernel_poly     m_wv.l(poly.o)
    0x08016ffc   0x08016ffc   0x00000004   PAD
    0x08017000   0x08017000   0x00000018   Code   RO         3378    i.__mathlib_dbl_divzero  m_wv.l(dunder.o)
    0x08017018   0x08017018   0x00000006   Code   RO         3379    i.__mathlib_dbl_infnan  m_wv.l(dunder.o)
    0x0801701e   0x0801701e   0x00000002   PAD
    0x08017020   0x08017020   0x00000018   Code   RO         3381    i.__mathlib_dbl_invalid  m_wv.l(dunder.o)
    0x08017038   0x08017038   0x0000000e   Code   RO         3319    i._is_digit         c_w.l(__printf_wp.o)
    0x08017046   0x08017046   0x0000001a   Code   RO         3518    x$fpl$fpinit        fz_wv.l(fpinit.o)
    0x08017060   0x08017060   0x00000000   Code   RO         3377    x$fpl$usenofp       fz_wv.l(usenofp.o)
    0x08017060   0x08017060   0x00000028   Data   RO         3292    .constdata          c_w.l(_printf_hex_int.o)
    0x08017088   0x08017088   0x00000011   Data   RO         3322    .constdata          c_w.l(__printf_flags_wp.o)
    0x08017099   0x08017099   0x00000007   PAD
    0x080170a0   0x080170a0   0x00000038   Data   RO         3351    .constdata          m_wv.l(log.o)
    0x080170d8   0x080170d8   0x00000008   Data   RO         3394    .constdata          m_wv.l(qnan.o)
    0x080170e0   0x080170e0   0x0000004c   Data   RO         2365    .rodata..L__const.HAL_FDCAN_Init.CvtEltSize  stm32h7xx_hal_fdcan.o
    0x0801712c   0x0801712c   0x00000006   Data   RO         2522    .rodata..Lswitch.table.UART_SetConfig.7  stm32h7xx_hal_uart.o
    0x08017132   0x08017132   0x00000006   Data   RO         2523    .rodata..Lswitch.table.UART_SetConfig.9  stm32h7xx_hal_uart.o
    0x08017138   0x08017138   0x0000000c   Data   RO          684    .rodata..Lswitch.table.app_jdq_voltage_monitor  jdq_bsp.o
    0x08017144   0x08017144   0x00000006   Data   RO          532    .rodata..Lswitch.table.rgb_color_all  is31fl3193_bsp.o
    0x0801714a   0x0801714a   0x00000002   PAD
    0x0801714c   0x0801714c   0x00000010   Data   RO          157    .rodata.CANBusReceiveFrameSem07_attributes  freertos.o
    0x0801715c   0x0801715c   0x00000010   Data   RO         2695    .rodata.D1CorePrescTable  system_stm32h7xx.o
    0x0801716c   0x0801716c   0x00000010   Data   RO          152    .rodata.RF24_JT_BinarySem01_attributes  freertos.o
    0x0801717c   0x0801717c   0x00000018   Data   RO         2521    .rodata.UARTPrescTable  stm32h7xx_hal_uart.o
    0x08017194   0x08017194   0x00000010   Data   RO          159    .rodata.auxStatusEvent01_attributes  freertos.o
    0x080171a4   0x080171a4   0x00000030   Data   RO         1105    .rodata.cst16       stm32h7xx_hal_tim.o
    0x080171d4   0x080171d4   0x00000010   Data   RO         2366    .rodata.cst16       stm32h7xx_hal_fdcan.o
    0x080171e4   0x080171e4   0x00000010   Data   RO         2564    .rodata.cst8        stm32h7xx_hal_uart_ex.o
    0x080171f4   0x080171f4   0x00000024   Data   RO          138    .rodata.defaultTask_attributes  freertos.o
    0x08017218   0x08017218   0x00000010   Data   RO          156    .rodata.hmiCanBusIdleSem06_attributes  freertos.o
    0x08017228   0x08017228   0x000002fc   Data   RO          579    .rodata.k_temprature_voltage_list  ads1118_bsp.o
    0x08017524   0x08017524   0x00000018   Data   RO          151    .rodata.keyJTMessageQueue01_attributes  freertos.o
    0x0801753c   0x0801753c   0x00000010   Data   RO          155    .rodata.laserCloseSem05_attributes  freertos.o
    0x0801754c   0x0801754c   0x00000010   Data   RO          160    .rodata.laserEvent02_attributes  freertos.o
    0x0801755c   0x0801755c   0x00000010   Data   RO          154    .rodata.laserPrapareReqSem03_attributes  freertos.o
    0x0801756c   0x0801756c   0x00000024   Data   RO          139    .rodata.myTask02_attributes  freertos.o
    0x08017590   0x08017590   0x00000024   Data   RO          142    .rodata.myTask03_attributes  freertos.o
    0x080175b4   0x080175b4   0x00000024   Data   RO          143    .rodata.myTask04_attributes  freertos.o
    0x080175d8   0x080175d8   0x00000024   Data   RO          144    .rodata.myTask05_attributes  freertos.o
    0x080175fc   0x080175fc   0x00000024   Data   RO          145    .rodata.myTask06_attributes  freertos.o
    0x08017620   0x08017620   0x00000024   Data   RO          146    .rodata.myTask07_attributes  freertos.o
    0x08017644   0x08017644   0x00000024   Data   RO          147    .rodata.myTask08_attributes  freertos.o
    0x08017668   0x08017668   0x00000024   Data   RO          148    .rodata.myTask09_attributes  freertos.o
    0x0801768c   0x0801768c   0x00000024   Data   RO          149    .rodata.myTask10_attributes  freertos.o
    0x080176b0   0x080176b0   0x00000010   Data   RO          153    .rodata.powerOffBinarySem02_attributes  freertos.o
    0x080176c0   0x080176c0   0x00000018   Data   RO          150    .rodata.rgbQueue02_attributes  freertos.o
    0x080176d8   0x080176d8   0x0000011a   Data   RO          136    .rodata.str1.1      freertos.o
    0x080177f2   0x080177f2   0x00000005   Data   RO         3042    .rodata.str1.1      timers.o
    0x080177f7   0x080177f7   0x00000001   PAD
    0x080177f8   0x080177f8   0x00000030   Data   RO         3569    Region$$Table       anon$$obj.o


    Execution Region RW_IRAM1 (Exec base: 0x20000000, Load base: 0x08017828, Size: 0x00008000, Max: 0x00020000, ABSOLUTE)

    Exec Addr    Load Addr    Size         Type   Attr      Idx    E Section Name        Object

    0x20000000        -       0x00008000   Zero   RW         3227    .bss.ucHeap         heap_4.o


    Execution Region RW_IRAM2 (Exec base: 0x24000000, Load base: 0x08017828, Size: 0x00002bf0, Max: 0x00020000, ABSOLUTE)

    Exec Addr    Load Addr    Size         Type   Attr      Idx    E Section Name        Object

    0x24000000   0x08017828   0x00000008   Data   RW         1960    .data..L_MergedGlobals  stm32h7xx_hal.o
    0x24000008   0x08017830   0x00000008   Data   RW         2696    .data..L_MergedGlobals  system_stm32h7xx.o
    0x24000010   0x08017838   0x00000080   Data   RW          528    .data.PWM_64_table  is31fl3193_bsp.o
    0x24000090   0x080178b8   0x00000004   Data   RW          578    .data.tmprature_T0_cold_junction  ads1118_bsp.o
    0x24000094   0x080178bc   0x00000004   Data   RW         3263    .data.uxCriticalNesting  port.o
    0x24000098        -       0x00000060   Zero   RW         3428    .bss                c_w.l(libspace.o)
    0x240000f8        -       0x00000010   Zero   RW           85    .bss..L_MergedGlobals  gpio.o
    0x24000108        -       0x0000006e   Zero   RW          162    .bss..L_MergedGlobals  freertos.o
    0x24000176        -       0x0000000a   Zero   RW          191    .bss..L_MergedGlobals  adc.o
    0x24000180        -       0x00000010   Zero   RW          437    .bss..L_MergedGlobals  air_gzp6816d_bsp.o
    0x24000190        -       0x00000008   Zero   RW          533    .bss..L_MergedGlobals  is31fl3193_bsp.o
    0x24000198        -       0x0000002c   Zero   RW          580    .bss..L_MergedGlobals  ads1118_bsp.o
    0x240001c4        -       0x00000005   Zero   RW          607    .bss..L_MergedGlobals  tmc2226_step_bsp.o
    0x240001c9   0x080178c0   0x00000003   PAD
    0x240001cc        -       0x00000061   Zero   RW          685    .bss..L_MergedGlobals  jdq_bsp.o
    0x2400022d   0x080178c0   0x00000003   PAD
    0x24000230        -       0x0000000c   Zero   RW          789    .bss..L_MergedGlobals  drv_rf24l01.o
    0x2400023c        -       0x0000006a   Zero   RW          821    .bss..L_MergedGlobals  ge2117_gp_bsp.o
    0x240002a6   0x080178c0   0x00000002   PAD
    0x240002a8        -       0x00000025   Zero   RW          838    .bss..L_MergedGlobals  one_wire_bus.o
    0x240002cd   0x080178c0   0x00000003   PAD
    0x240002d0        -       0x00000078   Zero   RW         2992    .bss..L_MergedGlobals  tasks.o
    0x24000348        -       0x0000003c   Zero   RW         3043    .bss..L_MergedGlobals  timers.o
    0x24000384        -       0x00000020   Zero   RW         3228    .bss..L_MergedGlobals  heap_4.o
    0x240003a4        -       0x00000008   Zero   RW         3264    .bss..L_MergedGlobals  port.o
    0x240003ac        -       0x00000028   Zero   RW         2993    .bss..L_MergedGlobals.2  tasks.o
    0x240003d4        -       0x00000058   Zero   RW          163    .bss..L_MergedGlobals.21  freertos.o
    0x2400042c        -       0x00000004   Zero   RW         3202    .bss.KernelState    cmsis_os2.o
    0x24000430        -       0x00000002   Zero   RW          788    .bss.NRF24L01_RxPacket.l_100MsTimes  drv_rf24l01.o
    0x24000432   0x080178c0   0x00000002   PAD
    0x24000434        -       0x00000028   Zero   RW          224    .bss.RxHeader       fdcan.o
    0x2400045c        -       0x00000041   Zero   RW          682    .bss.UART1_TX_BUFF  jdq_bsp.o
    0x2400049d        -       0x00000040   Zero   RW          820    .bss.UART_GE_TX_BUFF  ge2117_gp_bsp.o
    0x240004dd   0x080178c0   0x00000003   PAD
    0x240004e0        -       0x00000054   Zero   RW          299    .bss.__stdout       usart.o
    0x24000534        -       0x00000280   Zero   RW          190    .bss.adBuff         adc.o
    0x240007b4        -       0x00000004   Zero   RW          683    .bss.app_jdq_voltage_monitor.historyVoltage  jdq_bsp.o
    0x240007b8        -       0x00000020   Zero   RW          158    .bss.auxStatusEvent01ControlBlock  freertos.o
    0x240007d8        -       0x00000070   Zero   RW          188    .bss.hadc1          adc.o
    0x24000848        -       0x00000078   Zero   RW          189    .bss.hdma_adc1      adc.o
    0x240008c0        -       0x000000a0   Zero   RW          223    .bss.hfdcan1        fdcan.o
    0x24000960        -       0x00000054   Zero   RW          253    .bss.hi2c1          i2c.o
    0x240009b4        -       0x00000054   Zero   RW          254    .bss.hi2c2          i2c.o
    0x24000a08        -       0x00000054   Zero   RW          255    .bss.hi2c3          i2c.o
    0x24000a5c        -       0x00000054   Zero   RW          256    .bss.hi2c5          i2c.o
    0x24000ab0        -       0x00000094   Zero   RW          294    .bss.hlpuart1       usart.o
    0x24000b44        -       0x00000088   Zero   RW          319    .bss.hspi1          spi.o
    0x24000bcc        -       0x00000088   Zero   RW          320    .bss.hspi4          spi.o
    0x24000c54        -       0x00000088   Zero   RW          321    .bss.hspi6          spi.o
    0x24000cdc        -       0x0000004c   Zero   RW          350    .bss.htim1          tim.o
    0x24000d28        -       0x0000004c   Zero   RW          353    .bss.htim16         tim.o
    0x24000d74        -       0x0000004c   Zero   RW          351    .bss.htim3          tim.o
    0x24000dc0        -       0x0000004c   Zero   RW          418    .bss.htim6          stm32h7xx_hal_timebase_tim.o
    0x24000e0c        -       0x0000004c   Zero   RW          352    .bss.htim7          tim.o
    0x24000e58        -       0x00000094   Zero   RW          297    .bss.huart1         usart.o
    0x24000eec        -       0x00000094   Zero   RW          298    .bss.huart3         usart.o
    0x24000f80        -       0x00000094   Zero   RW          296    .bss.huart5         usart.o
    0x24001014        -       0x00000100   Zero   RW          295    .bss.lpuart1_rx_data  usart.o
    0x24001114        -       0x00000200   Zero   RW          141    .bss.myTask03Buffer  freertos.o
    0x24001314        -       0x0000005c   Zero   RW          140    .bss.myTask03ControlBlock  freertos.o
    0x24001370        -       0x000000a0   Zero   RW         3041    .bss.prvCheckForValidListAndQueue.ucStaticTimerQueueStorage  timers.o
    0x24001410        -       0x00000050   Zero   RW         3040    .bss.prvCheckForValidListAndQueue.xStaticTimerQueue  timers.o
    0x24001460        -       0x00000460   Zero   RW         2991    .bss.pxReadyTasksLists  tasks.o
    0x240018c0        -       0x00000030   Zero   RW          161    .bss.sEnvParam      freertos.o
    0x240018f0        -       0x00000004   Zero   RW         1959    .bss.uwTick         stm32h7xx_hal.o
    0x240018f4        -       0x00000200   Zero   RW         3204    .bss.vApplicationGetIdleTaskMemory.Idle_Stack  cmsis_os2.o
    0x24001af4        -       0x0000005c   Zero   RW         3203    .bss.vApplicationGetIdleTaskMemory.Idle_TCB  cmsis_os2.o
    0x24001b50        -       0x00000400   Zero   RW         3206    .bss.vApplicationGetTimerTaskMemory.Timer_Stack  cmsis_os2.o
    0x24001f50        -       0x0000005c   Zero   RW         3205    .bss.vApplicationGetTimerTaskMemory.Timer_TCB  cmsis_os2.o
    0x24001fac        -       0x00000040   Zero   RW         2826    .bss.xQueueRegistry  queue.o
    0x24001fec   0x080178c0   0x00000004   PAD
    0x24001ff0        -       0x00000800   Zero   RW            2    HEAP                startup_stm32h723xx.o
    0x240027f0        -       0x00000400   Zero   RW            1    STACK               startup_stm32h723xx.o


==============================================================================

Image component sizes


      Code (inc. data)   RO Data    RW Data    ZI Data      Debug   Object Name

      2744        110          0          0        882      13712   adc.o
      1710         72        764          4         44      15209   ads1118_bsp.o
       708         80          0          0         16       4571   air_gzp6816d_bsp.o
      1482          0          0          0       1724      45329   cmsis_os2.o
       398          0          0          0          0       4709   common_function.o
        52          0          0          0          0       5383   dma.o
      2624          0          0          0         14      23392   drv_rf24l01.o
       314          0          0          0          0       6868   eeprom_bsp.o
       488          0          0          0          0      11213   event_groups.o
       560          0          0          0        200      12607   fdcan.o
      5346        112        818          0        882      20836   freertos.o
      3450          8          0          0        170      16754   ge2117_gp_bsp.o
      1358         22          0          0         16      11305   gpio.o
       708          0          0          0      32800       5763   heap_4.o
       942          8          0          0        336      10023   i2c.o
      1292          0          6        128          8      11879   is31fl3193_bsp.o
         2          0          0          0          0       1000   iwdg.o
      3068         60         12          0        166      27208   jdq_bsp.o
       186          0          0          0          0       2302   list.o
      1190          0          0          0          0       6221   m117z_bsp.o
       880         48          0          0          0      11588   main.o
       608          4          0          0         37       8059   one_wire_bus.o
      1010         16          0          4          8       4306   port.o
      3784          0          0          0         64      30245   queue.o
      1394          0          0          0          0      11471   soft_i2c_bsp.o
       754          0          0          0        408       9483   spi.o
        72         30        716          0       3072        828   startup_stm32h723xx.o
       216          0          0          8          4      15945   stm32h7xx_hal.o
      3546         12          0          0          0      31170   stm32h7xx_hal_adc.o
       392          0          0          0          0      32079   stm32h7xx_hal_adc_ex.o
       308          0          0          0          0      12397   stm32h7xx_hal_cortex.o
      7784         98          0          0          0      17672   stm32h7xx_hal_dma.o
      3850          0         92          0          0      61552   stm32h7xx_hal_fdcan.o
       478          0          0          0          0       6978   stm32h7xx_hal_gpio.o
      3276          0          0          0          0      64340   stm32h7xx_hal_i2c.o
       146          0          0          0          0       7569   stm32h7xx_hal_i2c_ex.o
        94          0          0          0          0       5493   stm32h7xx_hal_msp.o
       164          0          0          0          0       5223   stm32h7xx_hal_pwr.o
        76          0          0          0          0       9579   stm32h7xx_hal_pwr_ex.o
      2564         16          0          0          0      11319   stm32h7xx_hal_rcc.o
      5192        212          0          0          0      19598   stm32h7xx_hal_rcc_ex.o
      2342          0          0          0          0      23422   stm32h7xx_hal_spi.o
      4336         38         48          0          0      66628   stm32h7xx_hal_tim.o
       424          0          0          0          0      26756   stm32h7xx_hal_tim_ex.o
       168          0          0          0         76       9693   stm32h7xx_hal_timebase_tim.o
      8212        332         36          0          0      43102   stm32h7xx_hal_uart.o
       340          0         16          0          0      11484   stm32h7xx_hal_uart_ex.o
       134          0          0          0          0      10348   stm32h7xx_it.o
       254          0         16          8          0       5630   system_stm32h7xx.o
      3906          8          0          0       1280      42730   tasks.o
      1080          0          0          0        304      14773   tim.o
      1114         18          5          0        300      16533   timers.o
       454          0          0          0          5       6328   tmc2226_step_bsp.o
      1218          8          0          0        932      13752   usart.o
       474          8          0          0          0       4546   user_can1.o

    ----------------------------------------------------------------------
     90992       1368       2580        152      43768     928903   Object Totals
         0          0         48          0          0          0   (incl. Generated)
      1326         48          3          0         20          0   (incl. Padding)

    ----------------------------------------------------------------------

      Code (inc. data)   RO Data    RW Data    ZI Data      Debug   Library Member Name

         8          0          0          0          0         68   __main.o
       312          4         17          0          0         92   __printf_flags_wp.o
        14          0          0          0          0         68   __printf_wp.o
         0          0          0          0          0          0   __rtentry.o
        12          0          0          0          0          0   __rtentry2.o
         6          0          0          0          0          0   __rtentry4.o
        94          8          0          0          0          0   __scatter.o
        26          0          0          0          0          0   __scatter_copy.o
        28          0          0          0          0          0   __scatter_zi.o
        44          0          0          0          0        108   _printf_char.o
        48          6          0          0          0         96   _printf_char_common.o
        36          4          0          0          0         80   _printf_char_file.o
        88          4         40          0          0         88   _printf_hex_int.o
       178          0          0          0          0         88   _printf_intcommon.o
        78          0          0          0          0        108   _printf_pad.o
         0          0          0          0          0          0   _printf_percent.o
         4          0          0          0          0          0   _printf_percent_end.o
         6          0          0          0          0          0   _printf_s.o
        82          0          0          0          0         80   _printf_str.o
         6          0          0          0          0          0   _printf_x.o
        22          0          0          0          0        100   _rserrno.o
        16          0          0          0          0         68   aeabi_memset4.o
        18          0          0          0          0         80   exit.o
         8          0          0          0          0         68   ferror.o
         6          0          0          0          0        152   heapauxi.o
         2          0          0          0          0          0   libinit.o
         6          0          0          0          0          0   libinit2.o
         2          0          0          0          0          0   libshutdown.o
         2          0          0          0          0          0   libshutdown2.o
         8          4          0          0         96         68   libspace.o
       240          0          0          0          0        100   lludivv7m.o
        24          4          0          0          0         84   noretval__2printf.o
         8          4          0          0          0         68   rt_errno_addr_intlibspace.o
        78          0          0          0          0         80   rt_memclr_w.o
       138          0          0          0          0         68   rt_memcpy_v6.o
       100          0          0          0          0         80   rt_memcpy_w.o
         2          0          0          0          0          0   rtexit.o
        10          0          0          0          0          0   rtexit2.o
        74          0          0          0          0         80   sys_stackheap_outer.o
         2          0          0          0          0         68   use_no_semi.o
         2          0          0          0          0         68   use_no_semi_2.o
        26          0          0          0          0        116   fpinit.o
         0          0          0          0          0          0   usenofp.o
        54         24          0          0          0        348   dunder.o
       548         68         56          0          0        312   log.o
       112          0          0          0          0        116   poly.o
         0          0          8          0          0          0   qnan.o

    ----------------------------------------------------------------------
      2596        130        128          0         96       3000   Library Totals
        18          0          7          0          0          0   (incl. Padding)

    ----------------------------------------------------------------------

      Code (inc. data)   RO Data    RW Data    ZI Data      Debug   Library Name

      1838         38         57          0         96       2108   c_w.l
        26          0          0          0          0        116   fz_wv.l
       714         92         64          0          0        776   m_wv.l

    ----------------------------------------------------------------------
      2596        130        128          0         96       3000   Library Totals

    ----------------------------------------------------------------------

==============================================================================


      Code (inc. data)   RO Data    RW Data    ZI Data      Debug   

     93588       1498       2708        152      43864     929419   Grand Totals
     93588       1498       2708        152      43864     929419   ELF Image Totals
     93588       1498       2708        152          0          0   ROM Totals

==============================================================================

    Total RO  Size (Code + RO Data)                96296 (  94.04kB)
    Total RW  Size (RW Data + ZI Data)             44016 (  42.98kB)
    Total ROM Size (Code + RO Data + RW Data)      96448 (  94.19kB)

==============================================================================

